<html>
<body>
<pre>
<h1>µVision Build Log</h1>
<h2>Tool Versions:</h2>
IDE-Version: ¦ÌVision V5.40.0.0
Copyright (C) 2024 ARM Ltd and ARM Germany GmbH. All rights reserved.
License Information: 1 ÈÎºééð, 1, LIC=14HV2-9KNQN-9UP4U-SG5UQ-VWYZ7-VQ2R9
 
Tool Versions:
Toolchain:       MDK-ARM Plus  Version: 5.40.0.3
Toolchain Path:  D:\keil\MSP\setup\KEIL\ARM\ARMCC\Bin
C Compiler:      Armcc.exe V5.06 update 6 (build 750)
Assembler:       Armasm.exe V5.06 update 6 (build 750)
Linker/Locator:  ArmLink.exe V5.06 update 6 (build 750)
Library Manager: ArmAr.exe V5.06 update 6 (build 750)
Hex Converter:   FromElf.exe V5.06 update 6 (build 750)
CPU DLL:         SARMCM3.DLL V5.40.0.3
Dialog DLL:      DCM.DLL V1.17.5.0
Target DLL:      STLink\ST-LINKIII-KEIL_SWO.dll V3.3.0.0
Dialog DLL:      TCM.DLL V1.56.4.0
 
<h2>Project:</h2>
D:\keil\32project\AAA_MY_BiShe\2.4G_Keil\Ò£¿Ø\Project.uvprojx
Project File Date:  01/22/2026

<h2>Output:</h2>
*** Using Compiler 'V5.06 update 6 (build 750)', folder: 'D:\keil\MSP\setup\KEIL\ARM\ARMCC\Bin'
Rebuild target 'Target 1'
assembling startup_stm32f10x_md.s...
compiling stm32f10x_dbgmcu.c...
compiling stm32f10x_exti.c...
compiling stm32f10x_cec.c...
compiling stm32f10x_crc.c...
compiling core_cm3.c...
compiling stm32f10x_bkp.c...
compiling stm32f10x_dma.c...
compiling system_stm32f10x.c...
compiling stm32f10x_dac.c...
compiling misc.c...
compiling stm32f10x_fsmc.c...
compiling stm32f10x_adc.c...
compiling stm32f10x_flash.c...
compiling stm32f10x_can.c...
compiling stm32f10x_gpio.c...
compiling stm32f10x_i2c.c...
compiling stm32f10x_iwdg.c...
compiling stm32f10x_pwr.c...
compiling stm32f10x_rtc.c...
compiling stm32f10x_sdio.c...
compiling stm32f10x_rcc.c...
compiling stm32f10x_wwdg.c...
compiling LED.c...
compiling stm32f10x_spi.c...
compiling Delay.c...
compiling stm32f10x_usart.c...
compiling Key.c...
compiling OLED.c...
compiling stm32f10x_tim.c...
compiling ADC.c...
compiling NRF24L01.c...
compiling WS2812B.c...
compiling stm32f10x_it.c...
compiling main.c...
.\Hardware\NRF24L01.h(54): warning:  #1295-D: Deprecated declaration TIM2_Init - give arg types
  void TIM2_Init();
.\Hardware\NRF24L01.h(55): warning:  #1295-D: Deprecated declaration TIM3_Init - give arg types
  void TIM3_Init();
User\main.c(101): warning:  #188-D: enumerated type mixed with another type
  		GPIO_WriteBit(GPIOA,GPIO_Pin_8,0);
User\main.c(252): warning:  #188-D: enumerated type mixed with another type
  					GPIO_WriteBit(GPIOA,GPIO_Pin_8,0);
User\main.c(260): warning:  #188-D: enumerated type mixed with another type
  					GPIO_WriteBit(GPIOA,GPIO_Pin_8,1);
User\main.c(268): warning:  #188-D: enumerated type mixed with another type
  					GPIO_WriteBit(GPIOA,GPIO_Pin_8,0);
User\main.c(276): warning:  #188-D: enumerated type mixed with another type
  				GPIO_WriteBit(GPIOA,GPIO_Pin_8,1);
User\main.c(284): warning:  #188-D: enumerated type mixed with another type
  				GPIO_WriteBit(GPIOA,GPIO_Pin_8,0);
User\main.c(388): warning:  #188-D: enumerated type mixed with another type
  		GPIO_WriteBit(GPIOA,GPIO_Pin_8,1);	
User\main.c(390): warning:  #188-D: enumerated type mixed with another type
  		GPIO_WriteBit(GPIOA,GPIO_Pin_8,0);
User\main.c: 10 warnings, 0 errors
linking...
Program Size: Code=6072 RO-data=1788 RW-data=160 ZI-data=1944  
".\Objects\Project.axf" - 0 Error(s), 10 Warning(s).

<h2>Software Packages used:</h2>

Package Vendor: Keil
                http://www.keil.com/pack/Keil.STM32F1xx_DFP.2.2.0.pack
                Keil::STM32F1xx_DFP@2.2.0
                STMicroelectronics STM32F1 Series Device Support, Drivers and Examples

<h2>Collection of Component include folders:</h2>
  D:/keil/MSP/setup/KEIL/Keil/STM32F1xx_DFP/2.2.0/Device/Include

<h2>Collection of Component Files used:</h2>
Build Time Elapsed:  00:00:02
</pre>
</body>
</html>
