<html>
<body>
<pre>
<h1>礦ision Build Log</h1>
<h2>Tool Versions:</h2>
IDE-Version: μVision V5.40.0.0
Copyright (C) 2024 ARM Ltd and ARM Germany GmbH. All rights reserved.
License Information: 1 任洪轲, 1, LIC=14HV2-9KNQN-9UP4U-SG5UQ-VWYZ7-VQ2R9
 
Tool Versions:
Toolchain:       MDK-ARM Plus  Version: 5.40.0.3
Toolchain Path:  D:\keil\MSP\setup\KEIL\ARM\ARMCC\Bin
C Compiler:      Armcc.exe V5.06 update 6 (build 750)
Assembler:       Armasm.exe V5.06 update 6 (build 750)
Linker/Locator:  ArmLink.exe V5.06 update 6 (build 750)
Library Manager: ArmAr.exe V5.06 update 6 (build 750)
Hex Converter:   FromElf.exe V5.06 update 6 (build 750)
CPU DLL:         SARMCM3.DLL V5.40.0.3
Dialog DLL:      DCM.DLL V1.17.5.0
Target DLL:      CMSIS_AGDI.dll V1.33.18.0
Dialog DLL:      TCM.DLL V1.56.4.0
 
<h2>Project:</h2>
D:\keil\32project\AAA_MY_BiShe\TEST\Test\MDK-ARM\Test.uvprojx
Project File Date:  01/18/2026

<h2>Output:</h2>
*** Using Compiler 'V5.06 update 6 (build 750)', folder: 'D:\keil\MSP\setup\KEIL\ARM\ARMCC\Bin'
Rebuild target 'Test'
assembling startup_stm32f407xx.s...
compiling MY_IIC.c...
..\Core\Src\MY_IIC.c(292): warning:  #188-D: enumerated type mixed with another type
  	Soft_I2C_SCL_1;
..\Core\Src\MY_IIC.c(293): warning:  #188-D: enumerated type mixed with another type
  	Soft_I2C_SDA_1;
..\Core\Src\MY_IIC.c(305): warning:  #188-D: enumerated type mixed with another type
  	Soft_I2C_SDA_1;
..\Core\Src\MY_IIC.c(308): warning:  #188-D: enumerated type mixed with another type
   	Soft_I2C_SCL_1;
..\Core\Src\MY_IIC.c(314): warning:  #188-D: enumerated type mixed with another type
   	Soft_I2C_SDA_0;
..\Core\Src\MY_IIC.c(317): warning:  #188-D: enumerated type mixed with another type
   	Soft_I2C_SCL_0;
..\Core\Src\MY_IIC.c(328): warning:  #188-D: enumerated type mixed with another type
   	Soft_I2C_SDA_0;
..\Core\Src\MY_IIC.c(331): warning:  #188-D: enumerated type mixed with another type
   	Soft_I2C_SCL_1;
..\Core\Src\MY_IIC.c(334): warning:  #188-D: enumerated type mixed with another type
   	Soft_I2C_SDA_1;
..\Core\Src\MY_IIC.c(340): warning:  #188-D: enumerated type mixed with another type
   	Soft_I2C_SDA_0;
..\Core\Src\MY_IIC.c(342): warning:  #188-D: enumerated type mixed with another type
   	Soft_I2C_SCL_1;
..\Core\Src\MY_IIC.c(344): warning:  #188-D: enumerated type mixed with another type
   	Soft_I2C_SCL_0;
..\Core\Src\MY_IIC.c(350): warning:  #188-D: enumerated type mixed with another type
  	Soft_I2C_SDA_1;
..\Core\Src\MY_IIC.c(352): warning:  #188-D: enumerated type mixed with another type
  	Soft_I2C_SCL_1;
..\Core\Src\MY_IIC.c(354): warning:  #188-D: enumerated type mixed with another type
  	Soft_I2C_SCL_0;
..\Core\Src\MY_IIC.c(367): warning:  #188-D: enumerated type mixed with another type
  	Soft_I2C_SDA_1;
..\Core\Src\MY_IIC.c(369): warning:  #188-D: enumerated type mixed with another type
  	Soft_I2C_SCL_1;
..\Core\Src\MY_IIC.c(381): warning:  #188-D: enumerated type mixed with another type
  	Soft_I2C_SCL_0;//时钟输出0
..\Core\Src\MY_IIC.c(389): warning:  #188-D: enumerated type mixed with another type
  	Soft_I2C_SCL_0;
..\Core\Src\MY_IIC.c(393): warning:  #188-D: enumerated type mixed with another type
              Soft_I2C_SDA_1;
..\Core\Src\MY_IIC.c(395): warning:  #188-D: enumerated type mixed with another type
              Soft_I2C_SDA_0;
..\Core\Src\MY_IIC.c(399): warning:  #188-D: enumerated type mixed with another type
    		Soft_I2C_SCL_1;
..\Core\Src\MY_IIC.c(401): warning:  #188-D: enumerated type mixed with another type
    		Soft_I2C_SCL_0;
..\Core\Src\MY_IIC.c(411): warning:  #188-D: enumerated type mixed with another type
   	Soft_I2C_SDA_1;
..\Core\Src\MY_IIC.c(412): warning:  #188-D: enumerated type mixed with another type
   	Soft_I2C_SCL_0;
..\Core\Src\MY_IIC.c(417): warning:  #188-D: enumerated type mixed with another type
    		Soft_I2C_SCL_1;
..\Core\Src\MY_IIC.c(424): warning:  #188-D: enumerated type mixed with another type
    		Soft_I2C_SCL_0;
..\Core\Src\MY_IIC.c(435): warning:  #188-D: enumerated type mixed with another type
   	Soft_I2C_SDA_1;
..\Core\Src\MY_IIC.c(436): warning:  #188-D: enumerated type mixed with another type
   	Soft_I2C_SCL_0;
..\Core\Src\MY_IIC.c(441): warning:  #188-D: enumerated type mixed with another type
    		Soft_I2C_SCL_1;
..\Core\Src\MY_IIC.c(448): warning:  #188-D: enumerated type mixed with another type
    		Soft_I2C_SCL_0;
..\Core\Src\MY_IIC.c: 31 warnings, 0 errors
compiling NRF24L01.c...
..\Core\Src\NRF24L01.c(61): warning:  #188-D: enumerated type mixed with another type
  	HAL_GPIO_WritePin(GPIOB,GPIO_PIN_6,BitValue);
..\Core\Src\NRF24L01.c(76): warning:  #188-D: enumerated type mixed with another type
  	HAL_GPIO_WritePin(GPIOB,GPIO_PIN_7,BitValue);
..\Core\Src\NRF24L01.c(91): warning:  #188-D: enumerated type mixed with another type
  	HAL_GPIO_WritePin(GPIOA,GPIO_PIN_5,BitValue);
..\Core\Src\NRF24L01.c(106): warning:  #188-D: enumerated type mixed with another type
  	HAL_GPIO_WritePin(GPIOB,GPIO_PIN_5,BitValue);
..\Core\Src\NRF24L01.c: 4 warnings, 0 errors
compiling BMP280.c...
..\Core\Src\BMP280.c(147): warning:  #1035-D: single-precision operand implicitly converted to double-precision
  	*asl = BMP280PressureToAltitude(pressure)+152.5;	/*转换成海拔*/
..\Core\Src\BMP280.c: 1 warning, 0 errors
compiling esp8266.c...
..\Core\Src\esp8266.h(21): warning:  #1295-D: Deprecated declaration RX_Re_Data - give arg types
  char RX_Re_Data();
..\Core\Src\esp8266.c(424): warning:  #1-D: last line of file ends without a newline
  }
..\Core\Src\esp8266.c: 2 warnings, 0 errors
compiling MqttKit.c...
compiling cJSON.c...
..\Core\Src\cJSON.c(55): warning:  #1293-D: assignment in condition
        if (!(copy = (char*)cJSON_malloc(len))) return 0;
..\Core\Src\cJSON.c(278): warning:  #1293-D: assignment in condition
  	ptr=str;while ((token=*ptr) && ++len) {if (strchr("\"\\\b\f\n\r\t",token)) len++; else if (token<32) len+=5;ptr++;}
..\Core\Src\cJSON.c(352): warning:  #111-D: statement is unreachable
  	return p.buffer;
..\Core\Src\cJSON.c(423): warning:  #1293-D: assignment in condition
  		if (!(new_item=cJSON_New_Item())) return 0; 	/* memory fail */
..\Core\Src\cJSON.c(535): warning:  #1293-D: assignment in condition
  		if (!(new_item=cJSON_New_Item()))	return 0; /* memory fail */
..\Core\Src\cJSON.c: 5 warnings, 0 errors
compiling usart.c...
compiling gpio.c...
compiling stm32f4xx_hal_msp.c...
compiling stm32f4xx_it.c...
compiling main.c...
../Core/Src/ath20.h(22): warning:  #1-D: last line of file ends without a newline
  #endif
../Core/Src/esp8266.h(21): warning:  #1295-D: Deprecated declaration RX_Re_Data - give arg types
  char RX_Re_Data();
../Core/Src/main.c(78): warning:  #1295-D: Deprecated declaration anjianlx - give arg types
  void anjianlx();
../Core/Src/main.c(79): warning:  #1295-D: Deprecated declaration MY_SCAN - give arg types
  void MY_SCAN();
../Core/Src/main.c(85): warning:  #1295-D: Deprecated declaration JsonValue - give arg types
  void JsonValue();
../Core/Src/main.c(411): warning:  #188-D: enumerated type mixed with another type
  		HAL_GPIO_WritePin(GPIOD,GPIO_PIN_9,0);
../Core/Src/main.c(414): warning:  #188-D: enumerated type mixed with another type
  		HAL_GPIO_WritePin(GPIOD,GPIO_PIN_9,1);
../Core/Src/main.c(417): warning:  #188-D: enumerated type mixed with another type
  		HAL_GPIO_WritePin(GPIOD,GPIO_PIN_11,0);
../Core/Src/main.c(420): warning:  #188-D: enumerated type mixed with another type
  		HAL_GPIO_WritePin(GPIOD,GPIO_PIN_11,1);
../Core/Src/main.c(424): warning:  #188-D: enumerated type mixed with another type
  		HAL_GPIO_WritePin(GPIOD,GPIO_PIN_9,0);
../Core/Src/main.c(425): warning:  #188-D: enumerated type mixed with another type
  		HAL_GPIO_WritePin(GPIOD,GPIO_PIN_11,0);	
../Core/Src/main.c(473): warning:  #188-D: enumerated type mixed with another type
  		HAL_GPIO_WritePin(GPIOE,GPIO_PIN_10,PWM_Debug_Dier_1);		
../Core/Src/main.c(474): warning:  #188-D: enumerated type mixed with another type
  		HAL_GPIO_WritePin(GPIOB,GPIO_PIN_1,PWM_Debug_Dier_2);				
../Core/Src/main.c(481): warning:  #188-D: enumerated type mixed with another type
  			HAL_GPIO_WritePin(GPIOB,GPIO_PIN_1,0);
../Core/Src/main.c(484): warning:  #188-D: enumerated type mixed with another type
  			HAL_GPIO_WritePin(GPIOB,GPIO_PIN_1,1);
../Core/Src/main.c(489): warning:  #188-D: enumerated type mixed with another type
  		HAL_GPIO_WritePin(GPIOE,GPIO_PIN_10,PWM_Debug_Dier_1);		
../Core/Src/main.c(490): warning:  #188-D: enumerated type mixed with another type
  		HAL_GPIO_WritePin(GPIOB,GPIO_PIN_1,PWM_Debug_Dier_2);				
../Core/Src/main.c(502): warning:  #188-D: enumerated type mixed with another type
  		HAL_GPIO_WritePin(GPIOE,GPIO_PIN_10,0);		
../Core/Src/main.c(503): warning:  #188-D: enumerated type mixed with another type
  		HAL_GPIO_WritePin(GPIOB,GPIO_PIN_1,0);	
../Core/Src/main.c(506): warning:  #188-D: enumerated type mixed with another type
  		HAL_GPIO_WritePin(GPIOE,GPIO_PIN_10,1);		
../Core/Src/main.c(507): warning:  #188-D: enumerated type mixed with another type
  		HAL_GPIO_WritePin(GPIOB,GPIO_PIN_1,1);		
../Core/Src/main.c(513): warning:  #188-D: enumerated type mixed with another type
  		HAL_GPIO_WritePin(GPIOE,GPIO_PIN_10,0);		
../Core/Src/main.c(514): warning:  #188-D: enumerated type mixed with another type
  		HAL_GPIO_WritePin(GPIOB,GPIO_PIN_1,0);	
../Core/Src/main.c(517): warning:  #188-D: enumerated type mixed with another type
  		HAL_GPIO_WritePin(GPIOE,GPIO_PIN_10,1);		
../Core/Src/main.c(518): warning:  #188-D: enumerated type mixed with another type
  		HAL_GPIO_WritePin(GPIOB,GPIO_PIN_1,1);	
../Core/Src/main.c(839): warning:  #223-D: function "memset" declared implicitly
  	memset(PUBLIS_BUF, 0, sizeof(PUBLIS_BUF));
../Core/Src/main.c: 26 warnings, 0 errors
compiling onenet.c...
..\Core\Src\esp8266.h(21): warning:  #1295-D: Deprecated declaration RX_Re_Data - give arg types
  char RX_Re_Data();
..\Core\Src\onenet.c(69): warning:  #177-D: variable "i"  was declared but never referenced
  	int i = 0;
..\Core\Src\onenet.c(245): warning:  #188-D: enumerated type mixed with another type
  						HAL_GPIO_WritePin(GPIOD,GPIO_PIN_8,0);
..\Core\Src\onenet.c(252): warning:  #188-D: enumerated type mixed with another type
  						HAL_GPIO_WritePin(GPIOD,GPIO_PIN_8,1);
..\Core\Src\onenet.c(200): warning:  #177-D: variable "dataPtr"  was declared but never referenced
  	char *dataPtr = NULL;
..\Core\Src\onenet.c(201): warning:  #177-D: variable "numBuf"  was declared but never referenced
  	char numBuf[10];
..\Core\Src\onenet.c(202): warning:  #177-D: variable "num"  was declared but never referenced
  	int num = 0;
..\Core\Src\onenet.c: 7 warnings, 0 errors
compiling tim.c...
compiling ATH20.c...
..\Core\Src\ath20.h(22): warning:  #1-D: last line of file ends without a newline
  #endif
..\Core\Src\ATH20.c(147): warning:  #188-D: enumerated type mixed with another type
  	HAL_GPIO_WritePin(GPIOB,GPIO_PIN_9,1);
..\Core\Src\ATH20.c(159): warning:  #188-D: enumerated type mixed with another type
  	HAL_GPIO_WritePin(GPIOB,GPIO_PIN_9,0);  
..\Core\Src\ATH20.c(177): warning:  #188-D: enumerated type mixed with another type
  	HAL_GPIO_WritePin(GPIOB,GPIO_PIN_8,1);
..\Core\Src\ATH20.c(183): warning:  #188-D: enumerated type mixed with another type
   HAL_GPIO_WritePin(GPIOB,GPIO_PIN_8,0);
..\Core\Src\ATH20.c: 5 warnings, 0 errors
compiling stm32f4xx_hal_rcc_ex.c...
compiling stm32f4xx_hal_flash.c...
compiling stm32f4xx_hal_rcc.c...
compiling stm32f4xx_hal_flash_ramfunc.c...
compiling stm32f4xx_hal_flash_ex.c...
compiling stm32f4xx_hal_gpio.c...
compiling stm32f4xx_hal_tim_ex.c...
compiling stm32f4xx_hal_dma.c...
compiling stm32f4xx_hal_dma_ex.c...
compiling stm32f4xx_hal_tim.c...
compiling stm32f4xx_hal_pwr.c...
compiling stm32f4xx_hal_pwr_ex.c...
compiling stm32f4xx_hal_cortex.c...
compiling stm32f4xx_hal.c...
compiling stm32f4xx_hal_exti.c...
compiling system_stm32f4xx.c...
compiling stm32f4xx_hal_uart.c...
linking...
Program Size: Code=32054 RO-data=894 RW-data=352 ZI-data=28176  
FromELF: creating hex file...
"Test\Test.axf" - 0 Error(s), 81 Warning(s).

<h2>Software Packages used:</h2>

Package Vendor: ARM
                https://www.keil.com/pack/ARM.CMSIS.6.1.0.pack
                ARM::CMSIS@6.1.0
                CMSIS (Common Microcontroller Software Interface Standard)
   * Component: CORE Version: 6.1.0

Package Vendor: Keil
                https://www.keil.com/pack/Keil.STM32F4xx_DFP.2.17.1.pack
                Keil::STM32F4xx_DFP@2.17.1
                STMicroelectronics STM32F4 Series Device Support, Drivers and Examples

<h2>Collection of Component include folders:</h2>
  ./RTE/_Test
  D:/keil/MSP/setup/KEIL/ARM/CMSIS/6.1.0/CMSIS/Core/Include
  D:/keil/MSP/setup/KEIL/Keil/STM32F4xx_DFP/2.17.1/Drivers/CMSIS/Device/ST/STM32F4xx/Include

<h2>Collection of Component Files used:</h2>

   * Component: ARM::CMSIS:CORE@6.1.0
      Include file:  CMSIS/Core/Include/tz_context.h
Build Time Elapsed:  00:00:02
</pre>
</body>
</html>
