Component: ARM Compiler 5.06 update 6 (build 750) Tool: armlink [4d35ed]

==============================================================================

Section Cross References

    startup_stm32f407xx.o(RESET) refers to startup_stm32f407xx.o(STACK) for __initial_sp
    startup_stm32f407xx.o(RESET) refers to startup_stm32f407xx.o(.text) for Reset_Handler
    startup_stm32f407xx.o(RESET) refers to stm32f4xx_it.o(i.NMI_Handler) for NMI_Handler
    startup_stm32f407xx.o(RESET) refers to stm32f4xx_it.o(i.HardFault_Handler) for HardFault_Handler
    startup_stm32f407xx.o(RESET) refers to stm32f4xx_it.o(i.MemManage_Handler) for MemManage_Handler
    startup_stm32f407xx.o(RESET) refers to stm32f4xx_it.o(i.BusFault_Handler) for BusFault_Handler
    startup_stm32f407xx.o(RESET) refers to stm32f4xx_it.o(i.UsageFault_Handler) for UsageFault_Handler
    startup_stm32f407xx.o(RESET) refers to stm32f4xx_it.o(i.SVC_Handler) for SVC_Handler
    startup_stm32f407xx.o(RESET) refers to stm32f4xx_it.o(i.DebugMon_Handler) for DebugMon_Handler
    startup_stm32f407xx.o(RESET) refers to stm32f4xx_it.o(i.PendSV_Handler) for PendSV_Handler
    startup_stm32f407xx.o(RESET) refers to stm32f4xx_it.o(i.SysTick_Handler) for SysTick_Handler
    startup_stm32f407xx.o(RESET) refers to stm32f4xx_it.o(i.TIM2_IRQHandler) for TIM2_IRQHandler
    startup_stm32f407xx.o(RESET) refers to stm32f4xx_it.o(i.USART2_IRQHandler) for USART2_IRQHandler
    startup_stm32f407xx.o(RESET) refers to stm32f4xx_it.o(i.USART3_IRQHandler) for USART3_IRQHandler
    startup_stm32f407xx.o(RESET) refers to stm32f4xx_it.o(i.UART5_IRQHandler) for UART5_IRQHandler
    startup_stm32f407xx.o(.text) refers to system_stm32f4xx.o(i.SystemInit) for SystemInit
    startup_stm32f407xx.o(.text) refers to entry.o(.ARM.Collect$$$$00000000) for __main
    nrf24l01.o(i.NRF24L01_FlushRx) refers to nrf24l01.o(i.NRF24L01_W_CSN) for NRF24L01_W_CSN
    nrf24l01.o(i.NRF24L01_FlushRx) refers to nrf24l01.o(i.NRF24L01_SPI_SwapByte) for NRF24L01_SPI_SwapByte
    nrf24l01.o(i.NRF24L01_FlushTx) refers to nrf24l01.o(i.NRF24L01_W_CSN) for NRF24L01_W_CSN
    nrf24l01.o(i.NRF24L01_FlushTx) refers to nrf24l01.o(i.NRF24L01_SPI_SwapByte) for NRF24L01_SPI_SwapByte
    nrf24l01.o(i.NRF24L01_GPIO_Init) refers to nrf24l01.o(i.NRF24L01_W_CE) for NRF24L01_W_CE
    nrf24l01.o(i.NRF24L01_GPIO_Init) refers to nrf24l01.o(i.NRF24L01_W_CSN) for NRF24L01_W_CSN
    nrf24l01.o(i.NRF24L01_GPIO_Init) refers to nrf24l01.o(i.NRF24L01_W_SCK) for NRF24L01_W_SCK
    nrf24l01.o(i.NRF24L01_GPIO_Init) refers to nrf24l01.o(i.NRF24L01_W_MOSI) for NRF24L01_W_MOSI
    nrf24l01.o(i.NRF24L01_Init) refers to nrf24l01.o(i.NRF24L01_GPIO_Init) for NRF24L01_GPIO_Init
    nrf24l01.o(i.NRF24L01_Init) refers to nrf24l01.o(i.NRF24L01_WriteReg) for NRF24L01_WriteReg
    nrf24l01.o(i.NRF24L01_Init) refers to nrf24l01.o(i.NRF24L01_WriteRegs) for NRF24L01_WriteRegs
    nrf24l01.o(i.NRF24L01_Init) refers to nrf24l01.o(i.NRF24L01_FlushTx) for NRF24L01_FlushTx
    nrf24l01.o(i.NRF24L01_Init) refers to nrf24l01.o(i.NRF24L01_FlushRx) for NRF24L01_FlushRx
    nrf24l01.o(i.NRF24L01_Init) refers to nrf24l01.o(i.NRF24L01_Rx) for NRF24L01_Rx
    nrf24l01.o(i.NRF24L01_Init) refers to nrf24l01.o(.data) for .data
    nrf24l01.o(i.NRF24L01_PowerDown) refers to nrf24l01.o(i.NRF24L01_W_CE) for NRF24L01_W_CE
    nrf24l01.o(i.NRF24L01_PowerDown) refers to nrf24l01.o(i.NRF24L01_ReadReg) for NRF24L01_ReadReg
    nrf24l01.o(i.NRF24L01_PowerDown) refers to nrf24l01.o(i.NRF24L01_WriteReg) for NRF24L01_WriteReg
    nrf24l01.o(i.NRF24L01_R_MISO) refers to stm32f4xx_hal_gpio.o(i.HAL_GPIO_ReadPin) for HAL_GPIO_ReadPin
    nrf24l01.o(i.NRF24L01_ReadReg) refers to nrf24l01.o(i.NRF24L01_W_CSN) for NRF24L01_W_CSN
    nrf24l01.o(i.NRF24L01_ReadReg) refers to nrf24l01.o(i.NRF24L01_SPI_SwapByte) for NRF24L01_SPI_SwapByte
    nrf24l01.o(i.NRF24L01_ReadRegs) refers to nrf24l01.o(i.NRF24L01_W_CSN) for NRF24L01_W_CSN
    nrf24l01.o(i.NRF24L01_ReadRegs) refers to nrf24l01.o(i.NRF24L01_SPI_SwapByte) for NRF24L01_SPI_SwapByte
    nrf24l01.o(i.NRF24L01_ReadRxPayload) refers to nrf24l01.o(i.NRF24L01_W_CSN) for NRF24L01_W_CSN
    nrf24l01.o(i.NRF24L01_ReadRxPayload) refers to nrf24l01.o(i.NRF24L01_SPI_SwapByte) for NRF24L01_SPI_SwapByte
    nrf24l01.o(i.NRF24L01_ReadStatus) refers to nrf24l01.o(i.NRF24L01_W_CSN) for NRF24L01_W_CSN
    nrf24l01.o(i.NRF24L01_ReadStatus) refers to nrf24l01.o(i.NRF24L01_SPI_SwapByte) for NRF24L01_SPI_SwapByte
    nrf24l01.o(i.NRF24L01_Receive) refers to nrf24l01.o(i.NRF24L01_ReadStatus) for NRF24L01_ReadStatus
    nrf24l01.o(i.NRF24L01_Receive) refers to nrf24l01.o(i.NRF24L01_ReadReg) for NRF24L01_ReadReg
    nrf24l01.o(i.NRF24L01_Receive) refers to nrf24l01.o(i.NRF24L01_ReadRxPayload) for NRF24L01_ReadRxPayload
    nrf24l01.o(i.NRF24L01_Receive) refers to nrf24l01.o(i.NRF24L01_WriteReg) for NRF24L01_WriteReg
    nrf24l01.o(i.NRF24L01_Receive) refers to nrf24l01.o(i.NRF24L01_FlushRx) for NRF24L01_FlushRx
[...]
    _main_stk                                0x08000189   Thumb Code     0  entry2.o(.ARM.Collect$$$$00000001)
    _main_scatterload                        0x0800018d   Thumb Code     0  entry5.o(.ARM.Collect$$$$00000004)
    __main_after_scatterload                 0x08000191   Thumb Code     0  entry5.o(.ARM.Collect$$$$00000004)
    _main_clock                              0x08000191   Thumb Code     0  entry7b.o(.ARM.Collect$$$$00000008)
    _main_cpp_init                           0x08000191   Thumb Code     0  entry8b.o(.ARM.Collect$$$$0000000A)
    _main_init                               0x08000191   Thumb Code     0  entry9a.o(.ARM.Collect$$$$0000000B)
    __rt_final_cpp                           0x08000199   Thumb Code     0  entry10a.o(.ARM.Collect$$$$0000000D)
    __rt_final_exit                          0x08000199   Thumb Code     0  entry11a.o(.ARM.Collect$$$$0000000F)
    Reset_Handler                            0x0800019d   Thumb Code     8  startup_stm32f407xx.o(.text)
    ADC_IRQHandler                           0x080001b7   Thumb Code     0  startup_stm32f407xx.o(.text)
    CAN1_RX0_IRQHandler                      0x080001b7   Thumb Code     0  startup_stm32f407xx.o(.text)
    CAN1_RX1_IRQHandler                      0x080001b7   Thumb Code     0  startup_stm32f407xx.o(.text)
    CAN1_SCE_IRQHandler                      0x080001b7   Thumb Code     0  startup_stm32f407xx.o(.text)
    CAN1_TX_IRQHandler                       0x080001b7   Thumb Code     0  startup_stm32f407xx.o(.text)
    CAN2_RX0_IRQHandler                      0x080001b7   Thumb Code     0  startup_stm32f407xx.o(.text)
    CAN2_RX1_IRQHandler                      0x080001b7   Thumb Code     0  startup_stm32f407xx.o(.text)
    CAN2_SCE_IRQHandler                      0x080001b7   Thumb Code     0  startup_stm32f407xx.o(.text)
    CAN2_TX_IRQHandler                       0x080001b7   Thumb Code     0  startup_stm32f407xx.o(.text)
    DCMI_IRQHandler                          0x080001b7   Thumb Code     0  startup_stm32f407xx.o(.text)
    DMA1_Stream0_IRQHandler                  0x080001b7   Thumb Code     0  startup_stm32f407xx.o(.text)
    DMA1_Stream1_IRQHandler                  0x080001b7   Thumb Code     0  startup_stm32f407xx.o(.text)
    DMA1_Stream2_IRQHandler                  0x080001b7   Thumb Code     0  startup_stm32f407xx.o(.text)
    DMA1_Stream3_IRQHandler                  0x080001b7   Thumb Code     0  startup_stm32f407xx.o(.text)
    DMA1_Stream4_IRQHandler                  0x080001b7   Thumb Code     0  startup_stm32f407xx.o(.text)
    DMA1_Stream5_IRQHandler                  0x080001b7   Thumb Code     0  startup_stm32f407xx.o(.text)
    DMA1_Stream6_IRQHandler                  0x080001b7   Thumb Code     0  startup_stm32f407xx.o(.text)
    DMA1_Stream7_IRQHandler                  0x080001b7   Thumb Code     0  startup_stm32f407xx.o(.text)
    DMA2_Stream0_IRQHandler                  0x080001b7   Thumb Code     0  startup_stm32f407xx.o(.text)
    DMA2_Stream1_IRQHandler                  0x080001b7   Thumb Code     0  startup_stm32f407xx.o(.text)
    DMA2_Stream2_IRQHandler                  0x080001b7   Thumb Code     0  startup_stm32f407xx.o(.text)
    DMA2_Stream3_IRQHandler                  0x080001b7   Thumb Code     0  startup_stm32f407xx.o(.text)
    DMA2_Stream4_IRQHandler                  0x080001b7   Thumb Code     0  startup_stm32f407xx.o(.text)
    DMA2_Stream5_IRQHandler                  0x080001b7   Thumb Code     0  startup_stm32f407xx.o(.text)
    DMA2_Stream6_IRQHandler                  0x080001b7   Thumb Code     0  startup_stm32f407xx.o(.text)
    DMA2_Stream7_IRQHandler                  0x080001b7   Thumb Code     0  startup_stm32f407xx.o(.text)
    ETH_IRQHandler                           0x080001b7   Thumb Code     0  startup_stm32f407xx.o(.text)
    ETH_WKUP_IRQHandler                      0x080001b7   Thumb Code     0  startup_stm32f407xx.o(.text)
    EXTI0_IRQHandler                         0x080001b7   Thumb Code     0  startup_stm32f407xx.o(.text)
    EXTI15_10_IRQHandler                     0x080001b7   Thumb Code     0  startup_stm32f407xx.o(.text)
    EXTI1_IRQHandler                         0x080001b7   Thumb Code     0  startup_stm32f407xx.o(.text)
    EXTI2_IRQHandler                         0x080001b7   Thumb Code     0  startup_stm32f407xx.o(.text)
    EXTI3_IRQHandler                         0x080001b7   Thumb Code     0  startup_stm32f407xx.o(.text)
    EXTI4_IRQHandler                         0x080001b7   Thumb Code     0  startup_stm32f407xx.o(.text)
    EXTI9_5_IRQHandler                       0x080001b7   Thumb Code     0  startup_stm32f407xx.o(.text)
    FLASH_IRQHandler                         0x080001b7   Thumb Code     0  startup_stm32f407xx.o(.text)
    FMC_IRQHandler                           0x080001b7   Thumb Code     0  startup_stm32f407xx.o(.text)
    FPU_IRQHandler                           0x080001b7   Thumb Code     0  startup_stm32f407xx.o(.text)
    HASH_RNG_IRQHandler                      0x080001b7   Thumb Code     0  startup_stm32f407xx.o(.text)
    I2C1_ER_IRQHandler                       0x080001b7   Thumb Code     0  startup_stm32f407xx.o(.text)
    I2C1_EV_IRQHandler                       0x080001b7   Thumb Code     0  startup_stm32f407xx.o(.text)
    I2C2_ER_IRQHandler                       0x080001b7   Thumb Code     0  startup_stm32f407xx.o(.text)
    I2C2_EV_IRQHandler                       0x080001b7   Thumb Code     0  startup_stm32f407xx.o(.text)
    I2C3_ER_IRQHandler                       0x080001b7   Thumb Code     0  startup_stm32f407xx.o(.text)
    I2C3_EV_IRQHandler                       0x080001b7   Thumb Code     0  startup_stm32f407xx.o(.text)
    OTG_FS_IRQHandler                        0x080001b7   Thumb Code     0  startup_stm32f407xx.o(.text)
    OTG_FS_WKUP_IRQHandler                   0x080001b7   Thumb Code     0  startup_stm32f407xx.o(.text)
    OTG_HS_EP1_IN_IRQHandler                 0x080001b7   Thumb Code     0  startup_stm32f407xx.o(.text)
    OTG_HS_EP1_OUT_IRQHandler                0x080001b7   Thumb Code     0  startup_stm32f407xx.o(.text)
    OTG_HS_IRQHandler                        0x080001b7   Thumb Code     0  startup_stm32f407xx.o(.text)
    OTG_HS_WKUP_IRQHandler                   0x080001b7   Thumb Code     0  startup_stm32f407xx.o(.text)
    PVD_IRQHandler                           0x080001b7   Thumb Code     0  startup_stm32f407xx.o(.text)
    RCC_IRQHandler                           0x080001b7   Thumb Code     0  startup_stm32f407xx.o(.text)
    RTC_Alarm_IRQHandler                     0x080001b7   Thumb Code     0  startup_stm32f407xx.o(.text)
    RTC_WKUP_IRQHandler                      0x080001b7   Thumb Code     0  startup_stm32f407xx.o(.text)
    SDIO_IRQHandler                          0x080001b7   Thumb Code     0  startup_stm32f407xx.o(.text)
    SPI1_IRQHandler                          0x080001b7   Thumb Code     0  startup_stm32f407xx.o(.text)
    SPI2_IRQHandler                          0x080001b7   Thumb Code     0  startup_stm32f407xx.o(.text)
    SPI3_IRQHandler                          0x080001b7   Thumb Code     0  startup_stm32f407xx.o(.text)
    TAMP_STAMP_IRQHandler                    0x080001b7   Thumb Code     0  startup_stm32f407xx.o(.text)
    TIM1_BRK_TIM9_IRQHandler                 0x080001b7   Thumb Code     0  startup_stm32f407xx.o(.text)
    TIM1_CC_IRQHandler                       0x080001b7   Thumb Code     0  startup_stm32f407xx.o(.text)
    TIM1_TRG_COM_TIM11_IRQHandler            0x080001b7   Thumb Code     0  startup_stm32f407xx.o(.text)
    TIM1_UP_TIM10_IRQHandler                 0x080001b7   Thumb Code     0  startup_stm32f407xx.o(.text)
    TIM3_IRQHandler                          0x080001b7   Thumb Code     0  startup_stm32f407xx.o(.text)
    TIM4_IRQHandler                          0x080001b7   Thumb Code     0  startup_stm32f407xx.o(.text)
    TIM5_IRQHandler                          0x080001b7   Thumb Code     0  startup_stm32f407xx.o(.text)
    TIM6_DAC_IRQHandler                      0x080001b7   Thumb Code     0  startup_stm32f407xx.o(.text)
    TIM7_IRQHandler                          0x080001b7   Thumb Code     0  startup_stm32f407xx.o(.text)
    TIM8_BRK_TIM12_IRQHandler                0x080001b7   Thumb Code     0  startup_stm32f407xx.o(.text)
    TIM8_CC_IRQHandler                       0x080001b7   Thumb Code     0  startup_stm32f407xx.o(.text)
    TIM8_TRG_COM_TIM14_IRQHandler            0x080001b7   Thumb Code     0  startup_stm32f407xx.o(.text)
    TIM8_UP_TIM13_IRQHandler                 0x080001b7   Thumb Code     0  startup_stm32f407xx.o(.text)
    UART4_IRQHandler                         0x080001b7   Thumb Code     0  startup_stm32f407xx.o(.text)
    USART1_IRQHandler                        0x080001b7   Thumb Code     0  startup_stm32f407xx.o(.text)
    USART6_IRQHandler                        0x080001b7   Thumb Code     0  startup_stm32f407xx.o(.text)
    WWDG_IRQHandler                          0x080001b7   Thumb Code     0  startup_stm32f407xx.o(.text)
    __aeabi_uldivmod                         0x080001c1   Thumb Code    98  uldiv.o(.text)
    __aeabi_ldivmod                          0x08000223   Thumb Code    98  ldiv.o(.text)
    tolower                                  0x08000285   Thumb Code    12  tolower.o(.text)
    rand                                     0x08000291   Thumb Code    20  rand.o(.text)
    srand                                    0x080002a5   Thumb Code     6  rand.o(.text)
    __aeabi_memcpy                           0x080002b5   Thumb Code    36  memcpya.o(.text)
    __aeabi_memcpy4                          0x080002b5   Thumb Code     0  memcpya.o(.text)
    __aeabi_memcpy8                          0x080002b5   Thumb Code     0  memcpya.o(.text)
    __aeabi_memset                           0x080002d9   Thumb Code    14  memseta.o(.text)
    __aeabi_memset4                          0x080002d9   Thumb Code     0  memseta.o(.text)
    __aeabi_memset8                          0x080002d9   Thumb Code     0  memseta.o(.text)
    __aeabi_memclr                           0x080002e7   Thumb Code     4  memseta.o(.text)
    __aeabi_memclr4                          0x080002e7   Thumb Code     0  memseta.o(.text)
    __aeabi_memclr8                          0x080002e7   Thumb Code     0  memseta.o(.text)
    _memset$wrapper                          0x080002eb   Thumb Code    18  memseta.o(.text)
    strstr                                   0x080002fd   Thumb Code    36  strstr.o(.text)
    strchr                                   0x08000321   Thumb Code    20  strchr.o(.text)
    strlen                                   0x08000335   Thumb Code    14  strlen.o(.text)
    strncat                                  0x08000343   Thumb Code    40  strncat.o(.text)
    strncmp                                  0x0800036b   Thumb Code    30  strncmp.o(.text)
    __aeabi_dadd                             0x08000389   Thumb Code   322  dadd.o(.text)
    __aeabi_dsub                             0x080004cb   Thumb Code     6  dadd.o(.text)
    __aeabi_drsub                            0x080004d1   Thumb Code     6  dadd.o(.text)
    __aeabi_dmul                             0x080004d7   Thumb Code   228  dmul.o(.text)
    __aeabi_ddiv                             0x080005bb   Thumb Code   222  ddiv.o(.text)
    __aeabi_i2d                              0x08000699   Thumb Code    34  dflti.o(.text)
    __aeabi_ui2d                             0x080006bb   Thumb Code    26  dfltui.o(.text)
    __aeabi_d2iz                             0x080006d5   Thumb Code    62  dfixi.o(.text)
    __aeabi_d2uiz                            0x08000713   Thumb Code    50  dfixui.o(.text)
    __aeabi_f2d                              0x08000745   Thumb Code    38  f2d.o(.text)
    __aeabi_cdrcmple                         0x0800076d   Thumb Code    48  cdrcmple.o(.text)
    __aeabi_d2f                              0x0800079d   Thumb Code    56  d2f.o(.text)
    __aeabi_uidiv                            0x080007d5   Thumb Code     0  uidiv.o(.text)
    __aeabi_uidivmod                         0x080007d5   Thumb Code    44  uidiv.o(.text)
    __aeabi_llsl                             0x08000801   Thumb Code    30  llshl.o(.text)
    _ll_shift_l                              0x08000801   Thumb Code     0  llshl.o(.text)
    __aeabi_llsr                             0x0800081f   Thumb Code    32  llushr.o(.text)
    _ll_ushift_r                             0x0800081f   Thumb Code     0  llushr.o(.text)
    __aeabi_lasr                             0x0800083f   Thumb Code    36  llsshr.o(.text)
    _ll_sshift_r                             0x0800083f   Thumb Code     0  llsshr.o(.text)
    __I$use$fp                               0x08000863   Thumb Code     0  iusefp.o(.text)
    _float_round                             0x08000863   Thumb Code    18  fepilogue.o(.text)
    _float_epilogue                          0x08000875   Thumb Code    92  fepilogue.o(.text)
    _double_round                            0x080008d1   Thumb Code    30  depilogue.o(.text)
    _double_epilogue                         0x080008ef   Thumb Code   156  depilogue.o(.text)
    __ARM_scalbn                             0x0800098b   Thumb Code    46  dscalb.o(.text)
    scalbn                                   0x0800098b   Thumb Code     0  dscalb.o(.text)
    __aeabi_d2ulz                            0x080009b9   Thumb Code    48  dfixul.o(.text)
    __scatterload                            0x080009e9   Thumb Code    28  init.o(.text)
    __scatterload_rt2                        0x080009e9   Thumb Code     0  init.o(.text)
    _dsqrt                                   0x08000a0d   Thumb Code   162  dsqrt.o(.text)
    __decompress                             0x08000aaf   Thumb Code     0  __dczerorl.o(.text)
    __decompress0                            0x08000aaf   Thumb Code    58  __dczerorl.o(.text)
    BMP280GetData                            0x08000c4d   Thumb Code   300  bmp280.o(i.BMP280GetData)
    BMP280_Init                              0x08000dbd   Thumb Code    70  bmp280.o(i.BMP280_Init)
    BusFault_Handler                         0x08000e09   Thumb Code     2  stm32f4xx_it.o(i.BusFault_Handler)
    DebugMon_Handler                         0x08000e0b   Thumb Code     2  stm32f4xx_it.o(i.DebugMon_Handler)
    Delay_1us                                0x08000e0d   Thumb Code    24  ath20.o(i.Delay_1us)
    Delay_3us                                0x08000e25   Thumb Code    30  ath20.o(i.Delay_3us)
    Delay_N10us                              0x08000e43   Thumb Code    14  ath20.o(i.Delay_N10us)
    ESP8266_Clear                            0x08000e51   Thumb Code    20  esp8266.o(i.ESP8266_Clear)
    ESP8266_ConnectOneNet                    0x08000e6d   Thumb Code    92  esp8266.o(i.ESP8266_ConnectOneNet)
    ESP8266_ConnectWiFi                      0x08000fd5   Thumb Code   144  esp8266.o(i.ESP8266_ConnectWiFi)
    ESP8266_GetIPD                           0x0800116d   Thumb Code    52  esp8266.o(i.ESP8266_GetIPD)
    ESP8266_Init                             0x080011ad   Thumb Code   146  esp8266.o(i.ESP8266_Init)
    ESP8266_Init_SendCmd                     0x080012d1   Thumb Code    66  esp8266.o(i.ESP8266_Init_SendCmd)
    ESP8266_SendCmd                          0x0800131d   Thumb Code    66  esp8266.o(i.ESP8266_SendCmd)
    ESP8266_SendData                         0x08001369   Thumb Code    50  esp8266.o(i.ESP8266_SendData)
    ESP8266_WaitRecive                       0x080013b5   Thumb Code    26  esp8266.o(i.ESP8266_WaitRecive)
    Error_Handler                            0x080013d5   Thumb Code     4  main.o(i.Error_Handler)
    Game_Vri_Init                            0x080013d9   Thumb Code   114  game1.o(i.Game_Vri_Init)
    HAL_DMA_Abort                            0x08001459   Thumb Code   146  stm32f4xx_hal_dma.o(i.HAL_DMA_Abort)
    HAL_DMA_Abort_IT                         0x080014eb   Thumb Code    36  stm32f4xx_hal_dma.o(i.HAL_DMA_Abort_IT)
    HAL_Delay                                0x08001511   Thumb Code    32  stm32f4xx_hal.o(i.HAL_Delay)
    HAL_GPIO_Init                            0x08001535   Thumb Code   418  stm32f4xx_hal_gpio.o(i.HAL_GPIO_Init)
    HAL_GPIO_ReadPin                         0x08001705   Thumb Code    10  stm32f4xx_hal_gpio.o(i.HAL_GPIO_ReadPin)
    HAL_GPIO_TogglePin                       0x0800170f   Thumb Code    16  stm32f4xx_hal_gpio.o(i.HAL_GPIO_TogglePin)
    HAL_GPIO_WritePin                        0x0800171f   Thumb Code    10  stm32f4xx_hal_gpio.o(i.HAL_GPIO_WritePin)
    HAL_GetTick                              0x08001729   Thumb Code     6  stm32f4xx_hal.o(i.HAL_GetTick)
    HAL_IncTick                              0x08001735   Thumb Code    12  stm32f4xx_hal.o(i.HAL_IncTick)
    HAL_Init                                 0x08001745   Thumb Code    48  stm32f4xx_hal.o(i.HAL_Init)
    HAL_InitTick                             0x08001779   Thumb Code    54  stm32f4xx_hal.o(i.HAL_InitTick)
    HAL_MspInit                              0x080017b9   Thumb Code    42  stm32f4xx_hal_msp.o(i.HAL_MspInit)
    HAL_NVIC_EnableIRQ                       0x080017e9   Thumb Code    26  stm32f4xx_hal_cortex.o(i.HAL_NVIC_EnableIRQ)
    HAL_NVIC_SetPriority                     0x08001805   Thumb Code    60  stm32f4xx_hal_cortex.o(i.HAL_NVIC_SetPriority)
    HAL_NVIC_SetPriorityGrouping             0x08001845   Thumb Code    26  stm32f4xx_hal_cortex.o(i.HAL_NVIC_SetPriorityGrouping)
    HAL_RCC_ClockConfig                      0x08001869   Thumb Code   288  stm32f4xx_hal_rcc.o(i.HAL_RCC_ClockConfig)
    HAL_RCC_GetPCLK1Freq                     0x0800199d   Thumb Code    20  stm32f4xx_hal_rcc.o(i.HAL_RCC_GetPCLK1Freq)
    HAL_RCC_GetPCLK2Freq                     0x080019bd   Thumb Code    20  stm32f4xx_hal_rcc.o(i.HAL_RCC_GetPCLK2Freq)
    HAL_RCC_GetSysClockFreq                  0x080019dd   Thumb Code    88  stm32f4xx_hal_rcc.o(i.HAL_RCC_GetSysClockFreq)
    HAL_RCC_OscConfig                        0x08001a41   Thumb Code   836  stm32f4xx_hal_rcc.o(i.HAL_RCC_OscConfig)
    HAL_SYSTICK_Config                       0x08001d99   Thumb Code    40  stm32f4xx_hal_cortex.o(i.HAL_SYSTICK_Config)
    HAL_TIMEx_BreakCallback                  0x08001dc1   Thumb Code     2  stm32f4xx_hal_tim_ex.o(i.HAL_TIMEx_BreakCallback)
    HAL_TIMEx_CommutCallback                 0x08001dc3   Thumb Code     2  stm32f4xx_hal_tim_ex.o(i.HAL_TIMEx_CommutCallback)
    HAL_TIMEx_MasterConfigSynchronization    0x08001dc5   Thumb Code   116  stm32f4xx_hal_tim_ex.o(i.HAL_TIMEx_MasterConfigSynchronization)
    HAL_TIM_Base_Init                        0x08001e55   Thumb Code    90  stm32f4xx_hal_tim.o(i.HAL_TIM_Base_Init)
    HAL_TIM_Base_MspInit                     0x08001eb1   Thumb Code    94  tim.o(i.HAL_TIM_Base_MspInit)
    HAL_TIM_Base_Start_IT                    0x08001f1d   Thumb Code   100  stm32f4xx_hal_tim.o(i.HAL_TIM_Base_Start_IT)
    HAL_TIM_ConfigClockSource                0x08001f9d   Thumb Code   220  stm32f4xx_hal_tim.o(i.HAL_TIM_ConfigClockSource)
    HAL_TIM_Encoder_Init                     0x08002079   Thumb Code   164  stm32f4xx_hal_tim.o(i.HAL_TIM_Encoder_Init)
    HAL_TIM_Encoder_MspInit                  0x0800211d   Thumb Code   138  tim.o(i.HAL_TIM_Encoder_MspInit)
    HAL_TIM_Encoder_Start                    0x080021bd   Thumb Code   146  stm32f4xx_hal_tim.o(i.HAL_TIM_Encoder_Start)
    HAL_TIM_IC_CaptureCallback               0x0800224f   Thumb Code     2  stm32f4xx_hal_tim.o(i.HAL_TIM_IC_CaptureCallback)
    HAL_TIM_IRQHandler                       0x08002251   Thumb Code   304  stm32f4xx_hal_tim.o(i.HAL_TIM_IRQHandler)
    HAL_TIM_MspPostInit                      0x08002381   Thumb Code    68  tim.o(i.HAL_TIM_MspPostInit)
    HAL_TIM_OC_DelayElapsedCallback          0x080023d1   Thumb Code     2  stm32f4xx_hal_tim.o(i.HAL_TIM_OC_DelayElapsedCallback)
    HAL_TIM_PWM_ConfigChannel                0x080023d3   Thumb Code   204  stm32f4xx_hal_tim.o(i.HAL_TIM_PWM_ConfigChannel)
    HAL_TIM_PWM_Init                         0x0800249f   Thumb Code    90  stm32f4xx_hal_tim.o(i.HAL_TIM_PWM_Init)
    HAL_TIM_PWM_MspInit                      0x080024f9   Thumb Code     2  stm32f4xx_hal_tim.o(i.HAL_TIM_PWM_MspInit)
    HAL_TIM_PWM_PulseFinishedCallback        0x080024fb   Thumb Code     2  stm32f4xx_hal_tim.o(i.HAL_TIM_PWM_PulseFinishedCallback)
    HAL_TIM_PWM_Start                        0x080024fd   Thumb Code   178  stm32f4xx_hal_tim.o(i.HAL_TIM_PWM_Start)
    HAL_TIM_PeriodElapsedCallback            0x080025cd   Thumb Code   638  main.o(i.HAL_TIM_PeriodElapsedCallback)
    HAL_TIM_TriggerCallback                  0x08002875   Thumb Code     2  stm32f4xx_hal_tim.o(i.HAL_TIM_TriggerCallback)
    HAL_UARTEx_RxEventCallback               0x08002877   Thumb Code     2  stm32f4xx_hal_uart.o(i.HAL_UARTEx_RxEventCallback)
    HAL_UART_ErrorCallback                   0x08002879   Thumb Code    52  esp8266.o(i.HAL_UART_ErrorCallback)
    HAL_UART_IRQHandler                      0x080028c1   Thumb Code   618  stm32f4xx_hal_uart.o(i.HAL_UART_IRQHandler)
    HAL_UART_Init                            0x08002b31   Thumb Code   100  stm32f4xx_hal_uart.o(i.HAL_UART_Init)
    HAL_UART_MspInit                         0x08002b95   Thumb Code   284  usart.o(i.HAL_UART_MspInit)
    HAL_UART_Receive_IT                      0x08002cd1   Thumb Code    28  stm32f4xx_hal_uart.o(i.HAL_UART_Receive_IT)
    HAL_UART_RxCpltCallback                  0x08002ced   Thumb Code   156  esp8266.o(i.HAL_UART_RxCpltCallback)
    HAL_UART_Transmit                        0x08002dad   Thumb Code   160  stm32f4xx_hal_uart.o(i.HAL_UART_Transmit)
    HAL_UART_TxCpltCallback                  0x08002e4d   Thumb Code     2  stm32f4xx_hal_uart.o(i.HAL_UART_TxCpltCallback)
    HardFault_Handler                        0x08002e4f   Thumb Code     2  stm32f4xx_it.o(i.HardFault_Handler)
    I2C_Bus_Init                             0x08002e51   Thumb Code    38  my_iic.o(i.I2C_Bus_Init)
    I2C_Start                                0x08002e81   Thumb Code    46  ath20.o(i.I2C_Start)
    Init_I2C_Sensor_Port                     0x08002eaf   Thumb Code    14  ath20.o(i.Init_I2C_Sensor_Port)
    JH_Init                                  0x08002ebd   Thumb Code   172  ath20.o(i.JH_Init)
    JH_Read_CTdata                           0x08002f6d   Thumb Code   212  ath20.o(i.JH_Read_CTdata)
    JH_Read_Cal_Enable                       0x08003041   Thumb Code    22  ath20.o(i.JH_Read_Cal_Enable)
    JH_Read_Status                           0x08003057   Thumb Code    34  ath20.o(i.JH_Read_Status)
    JH_SendAC                                0x08003079   Thumb Code    54  ath20.o(i.JH_SendAC)
    JH_Send_BA                               0x080030af   Thumb Code    34  ath20.o(i.JH_Send_BA)
    JsonValue                                0x080030d1   Thumb Code   144  main.o(i.JsonValue)
    LCD_Flush                                0x08003171   Thumb Code    44  oled.o(i.LCD_Flush)
    LCD_FlushRegion                          0x080031a1   Thumb Code   112  oled.o(i.LCD_FlushRegion)
    LCD_GetFrameBuffer                       0x08003215   Thumb Code    22  oled.o(i.LCD_GetFrameBuffer)
    MQTT_DeleteBuffer                        0x08003231   Thumb Code    28  mqttkit.o(i.MQTT_DeleteBuffer)
    MQTT_DumpLength                          0x0800324d   Thumb Code    34  mqttkit.o(i.MQTT_DumpLength)
    MQTT_NewBuffer                           0x0800326f   Thumb Code    82  mqttkit.o(i.MQTT_NewBuffer)
    MQTT_PacketCmdResp                       0x080032c1   Thumb Code   114  mqttkit.o(i.MQTT_PacketCmdResp)
    MQTT_PacketConnect                       0x0800333d   Thumb Code   606  mqttkit.o(i.MQTT_PacketConnect)
    MQTT_PacketPublish                       0x080035a1   Thumb Code   344  mqttkit.o(i.MQTT_PacketPublish)
    MQTT_PacketPublishComp                   0x080036f9   Thumb Code    70  mqttkit.o(i.MQTT_PacketPublishComp)
    MQTT_PacketPublishRel                    0x0800373f   Thumb Code    70  mqttkit.o(i.MQTT_PacketPublishRel)
    MQTT_PacketSubscribe                     0x08003785   Thumb Code   222  mqttkit.o(i.MQTT_PacketSubscribe)
    MQTT_ReadLength                          0x08003863   Thumb Code    62  mqttkit.o(i.MQTT_ReadLength)
    MQTT_UnPacketCmd                         0x080038a1   Thumb Code   130  mqttkit.o(i.MQTT_UnPacketCmd)
    MQTT_UnPacketConnectAck                  0x08003923   Thumb Code    26  mqttkit.o(i.MQTT_UnPacketConnectAck)
    MQTT_UnPacketPublish                     0x0800393d   Thumb Code   328  mqttkit.o(i.MQTT_UnPacketPublish)
    MQTT_UnPacketPublishAck                  0x08003a8d   Thumb Code    24  mqttkit.o(i.MQTT_UnPacketPublishAck)
    MQTT_UnPacketPublishComp                 0x08003aa5   Thumb Code    24  mqttkit.o(i.MQTT_UnPacketPublishComp)
    MQTT_UnPacketPublishRec                  0x08003abd   Thumb Code    24  mqttkit.o(i.MQTT_UnPacketPublishRec)
    MQTT_UnPacketPublishRel                  0x08003ad5   Thumb Code    30  mqttkit.o(i.MQTT_UnPacketPublishRel)
    MQTT_UnPacketRecv                        0x08003af5   Thumb Code    86  mqttkit.o(i.MQTT_UnPacketRecv)
    MQTT_UnPacketSubscribe                   0x08003b55   Thumb Code    44  mqttkit.o(i.MQTT_UnPacketSubscribe)
    MQTT_UnPacketUnSubscribe                 0x08003b81   Thumb Code    20  mqttkit.o(i.MQTT_UnPacketUnSubscribe)
    MX_GPIO_Init                             0x08003b95   Thumb Code   394  gpio.o(i.MX_GPIO_Init)
    MX_TIM2_Init                             0x08003d39   Thumb Code    96  tim.o(i.MX_TIM2_Init)
    MX_TIM3_Init                             0x08003d9d   Thumb Code   160  tim.o(i.MX_TIM3_Init)
    MX_TIM4_Init                             0x08003e45   Thumb Code    98  tim.o(i.MX_TIM4_Init)
    MX_TIM5_Init                             0x08003eb1   Thumb Code    96  tim.o(i.MX_TIM5_Init)
    MX_TIM6_Init                             0x08003f19   Thumb Code    60  tim.o(i.MX_TIM6_Init)
    MX_UART5_Init                            0x08003f5d   Thumb Code    48  usart.o(i.MX_UART5_Init)
    MX_USART2_UART_Init                      0x08003f95   Thumb Code    48  usart.o(i.MX_USART2_UART_Init)
    MX_USART3_UART_Init                      0x08003fcd   Thumb Code    48  usart.o(i.MX_USART3_UART_Init)
    MY_Run                                   0x08004005   Thumb Code   342  main.o(i.MY_Run)
    MY_SCAN                                  0x08004169   Thumb Code   130  main.o(i.MY_SCAN)
    MemManage_Handler                        0x080041f9   Thumb Code     2  stm32f4xx_it.o(i.MemManage_Handler)
    NMI_Handler                              0x080041fb   Thumb Code     2  stm32f4xx_it.o(i.NMI_Handler)
    NRF24L01_FlushRx                         0x080041fd   Thumb Code    24  nrf24l01.o(i.NRF24L01_FlushRx)
    NRF24L01_FlushTx                         0x08004215   Thumb Code    24  nrf24l01.o(i.NRF24L01_FlushTx)
    NRF24L01_GPIO_Init                       0x0800422d   Thumb Code    30  nrf24l01.o(i.NRF24L01_GPIO_Init)
    NRF24L01_Init                            0x0800424d   Thumb Code   104  nrf24l01.o(i.NRF24L01_Init)
    NRF24L01_R_MISO                          0x080042b9   Thumb Code     8  nrf24l01.o(i.NRF24L01_R_MISO)
    NRF24L01_ReadReg                         0x080042c5   Thumb Code    34  nrf24l01.o(i.NRF24L01_ReadReg)
    NRF24L01_ReadRxPayload                   0x080042e7   Thumb Code    48  nrf24l01.o(i.NRF24L01_ReadRxPayload)
    NRF24L01_ReadStatus                      0x08004317   Thumb Code    26  nrf24l01.o(i.NRF24L01_ReadStatus)
    NRF24L01_Receive                         0x08004331   Thumb Code    72  nrf24l01.o(i.NRF24L01_Receive)
    NRF24L01_Rx                              0x0800437d   Thumb Code    40  nrf24l01.o(i.NRF24L01_Rx)
    NRF24L01_SPI_SwapByte                    0x080043a5   Thumb Code    58  nrf24l01.o(i.NRF24L01_SPI_SwapByte)
    NRF24L01_Send                            0x080043e1   Thumb Code   112  nrf24l01.o(i.NRF24L01_Send)
    NRF24L01_Tx                              0x08004459   Thumb Code    44  nrf24l01.o(i.NRF24L01_Tx)
    NRF24L01_W_CE                            0x08004485   Thumb Code    10  nrf24l01.o(i.NRF24L01_W_CE)
    NRF24L01_W_CSN                           0x08004495   Thumb Code    10  nrf24l01.o(i.NRF24L01_W_CSN)
    NRF24L01_W_MOSI                          0x080044a5   Thumb Code    10  nrf24l01.o(i.NRF24L01_W_MOSI)
    NRF24L01_W_SCK                           0x080044b5   Thumb Code    10  nrf24l01.o(i.NRF24L01_W_SCK)
    NRF24L01_WriteReg                        0x080044c5   Thumb Code    36  nrf24l01.o(i.NRF24L01_WriteReg)
    NRF24L01_WriteRegs                       0x080044e9   Thumb Code    50  nrf24l01.o(i.NRF24L01_WriteRegs)
    NRF24L01_WriteTxPayload                  0x0800451b   Thumb Code    46  nrf24l01.o(i.NRF24L01_WriteTxPayload)
    OLED_Clear                               0x08004549   Thumb Code    38  oled.o(i.OLED_Clear)
    OLED_I2C_Init                            0x08004571   Thumb Code    48  oled.o(i.OLED_I2C_Init)
    OLED_I2C_SendByte                        0x080045a9   Thumb Code   132  oled.o(i.OLED_I2C_SendByte)
    OLED_I2C_Start                           0x08004635   Thumb Code    88  oled.o(i.OLED_I2C_Start)
    OLED_I2C_Stop                            0x08004695   Thumb Code    64  oled.o(i.OLED_I2C_Stop)
    OLED_Init                                0x080046dd   Thumb Code   172  oled.o(i.OLED_Init)
    OLED_Pow                                 0x08004789   Thumb Code    14  oled.o(i.OLED_Pow)
    OLED_SetCursor                           0x08004797   Thumb Code    34  oled.o(i.OLED_SetCursor)
    OLED_ShowChar                            0x080047b9   Thumb Code    98  oled.o(i.OLED_ShowChar)
    OLED_ShowNum                             0x08004821   Thumb Code    66  oled.o(i.OLED_ShowNum)
    OLED_ShowString                          0x08004863   Thumb Code    38  oled.o(i.OLED_ShowString)
    OLED_WriteCommand                        0x08004889   Thumb Code    34  oled.o(i.OLED_WriteCommand)
    OLED_WriteData                           0x080048ab   Thumb Code    34  oled.o(i.OLED_WriteData)
    OneNet_DevLink                           0x080048cd   Thumb Code   196  onenet.o(i.OneNet_DevLink)
    OneNet_Publish                           0x08004b7d   Thumb Code    72  onenet.o(i.OneNet_Publish)
    OneNet_RevPro                            0x08004bc5   Thumb Code   458  onenet.o(i.OneNet_RevPro)
    OneNet_Subscribe                         0x08004f3d   Thumb Code    78  onenet.o(i.OneNet_Subscribe)
    PID_Init                                 0x08004fa5   Thumb Code    14  main.o(i.PID_Init)
    PID_Yunxing                              0x08004fb5   Thumb Code   144  main.o(i.PID_Yunxing)
    PID_Yunxing_Weizhi                       0x08005049   Thumb Code   134  main.o(i.PID_Yunxing_Weizhi)
    PendSV_Handler                           0x080050cf   Thumb Code     2  stm32f4xx_it.o(i.PendSV_Handler)
    RX_Re_Data                               0x080050d1   Thumb Code    20  esp8266.o(i.RX_Re_Data)
    Receive_ACK                              0x080050e9   Thumb Code    76  ath20.o(i.Receive_ACK)
    SCL_Pin_Output_High                      0x08005139   Thumb Code    10  ath20.o(i.SCL_Pin_Output_High)
    SCL_Pin_Output_Low                       0x08005149   Thumb Code    12  ath20.o(i.SCL_Pin_Output_Low)
    SDA_Pin_IN_FLOATING                      0x08005159   Thumb Code    58  ath20.o(i.SDA_Pin_IN_FLOATING)
    SDA_Pin_Output_High                      0x0800519d   Thumb Code    72  ath20.o(i.SDA_Pin_Output_High)
    SDA_Pin_Output_Low                       0x080051ed   Thumb Code    72  ath20.o(i.SDA_Pin_Output_Low)
    SVC_Handler                              0x0800523d   Thumb Code     2  stm32f4xx_it.o(i.SVC_Handler)
    Send_ACK                                 0x0800523f   Thumb Code    56  ath20.o(i.Send_ACK)
    Send_NOT_ACK                             0x08005277   Thumb Code    56  ath20.o(i.Send_NOT_ACK)
    SensorDelay_us                           0x080052af   Thumb Code    20  ath20.o(i.SensorDelay_us)
    Sensors_I2C_ReadRegister                 0x080052c5   Thumb Code    60  my_iic.o(i.Sensors_I2C_ReadRegister)
    Sensors_I2C_WriteRegister                0x08005305   Thumb Code   108  my_iic.o(i.Sensors_I2C_WriteRegister)
    Set_DianJi                               0x08005375   Thumb Code   122  main.o(i.Set_DianJi)
    Soft_I2C_Wait_Ack                        0x080056a9   Thumb Code    90  my_iic.o(i.Soft_I2C_Wait_Ack)
    Stop_I2C                                 0x08005709   Thumb Code    36  ath20.o(i.Stop_I2C)
    SysTick_Handler                          0x0800572d   Thumb Code     4  stm32f4xx_it.o(i.SysTick_Handler)
    SystemClock_Config                       0x08005731   Thumb Code   136  main.o(i.SystemClock_Config)
    SystemInit                               0x080057c1   Thumb Code    12  system_stm32f4xx.o(i.SystemInit)
    TIM2_IRQHandler                          0x080057d1   Thumb Code     6  stm32f4xx_it.o(i.TIM2_IRQHandler)
    TIM_Base_SetConfig                       0x080057dd   Thumb Code   170  stm32f4xx_hal_tim.o(i.TIM_Base_SetConfig)
    TIM_CCxChannelCmd                        0x080058b5   Thumb Code    26  stm32f4xx_hal_tim.o(i.TIM_CCxChannelCmd)
    TIM_ETR_SetConfig                        0x080058cf   Thumb Code    20  stm32f4xx_hal_tim.o(i.TIM_ETR_SetConfig)
    TIM_OC2_SetConfig                        0x08005955   Thumb Code    98  stm32f4xx_hal_tim.o(i.TIM_OC2_SetConfig)
    UART5_IRQHandler                         0x08005ac1   Thumb Code     6  stm32f4xx_it.o(i.UART5_IRQHandler)
    UART_Start_Receive_IT                    0x08005cf9   Thumb Code    54  stm32f4xx_hal_uart.o(i.UART_Start_Receive_IT)
    USART2_IRQHandler                        0x08005da1   Thumb Code     6  stm32f4xx_it.o(i.USART2_IRQHandler)
    USART3_IRQHandler                        0x08005dad   Thumb Code     6  stm32f4xx_it.o(i.USART3_IRQHandler)
    UsageFault_Handler                       0x08005db9   Thumb Code     2  stm32f4xx_it.o(i.UsageFault_Handler)
    ZSSC_I2C_RD_Byte                         0x08005dbd   Thumb Code    90  ath20.o(i.ZSSC_I2C_RD_Byte)
    ZSSC_I2C_WR_Byte                         0x08005e1d   Thumb Code    74  ath20.o(i.ZSSC_I2C_WR_Byte)
    __0printf                                0x08005e69   Thumb Code    22  printfa.o(i.__0printf)
    __1printf                                0x08005e69   Thumb Code     0  printfa.o(i.__0printf)
    __2printf                                0x08005e69   Thumb Code     0  printfa.o(i.__0printf)
    __c89printf                              0x08005e69   Thumb Code     0  printfa.o(i.__0printf)
    printf                                   0x08005e69   Thumb Code     0  printfa.o(i.__0printf)
    __0sprintf                               0x08005e89   Thumb Code    34  printfa.o(i.__0sprintf)
    __1sprintf                               0x08005e89   Thumb Code     0  printfa.o(i.__0sprintf)
    __2sprintf                               0x08005e89   Thumb Code     0  printfa.o(i.__0sprintf)
    __c89sprintf                             0x08005e89   Thumb Code     0  printfa.o(i.__0sprintf)
    sprintf                                  0x08005e89   Thumb Code     0  printfa.o(i.__0sprintf)
    __ARM_fpclassify                         0x08005eb1   Thumb Code    48  fpclassify.o(i.__ARM_fpclassify)
    __hardfp_pow                             0x08005f01   Thumb Code  3072  pow.o(i.__hardfp_pow)
    __kernel_poly                            0x08006b51   Thumb Code   248  poly.o(i.__kernel_poly)
    __mathlib_dbl_divzero                    0x08006c49   Thumb Code    28  dunder.o(i.__mathlib_dbl_divzero)
    __mathlib_dbl_infnan2                    0x08006c79   Thumb Code    20  dunder.o(i.__mathlib_dbl_infnan2)
    __mathlib_dbl_invalid                    0x08006c91   Thumb Code    24  dunder.o(i.__mathlib_dbl_invalid)
    __mathlib_dbl_overflow                   0x08006cb1   Thumb Code    24  dunder.o(i.__mathlib_dbl_overflow)
    __mathlib_dbl_underflow                  0x08006cd1   Thumb Code    24  dunder.o(i.__mathlib_dbl_underflow)
    __scatterload_copy                       0x08006cf1   Thumb Code    14  handlers.o(i.__scatterload_copy)
    __scatterload_null                       0x08006cff   Thumb Code     2  handlers.o(i.__scatterload_null)
    __scatterload_zeroinit                   0x08006d01   Thumb Code    14  handlers.o(i.__scatterload_zeroinit)
    __set_errno                              0x08006d11   Thumb Code     6  errno.o(i.__set_errno)
    anjianhq                                 0x080075d9   Thumb Code    38  main.o(i.anjianhq)
    anjianlx                                 0x08007605   Thumb Code    22  main.o(i.anjianlx)
    cJSON_Delete                             0x08007621   Thumb Code    66  cjson.o(i.cJSON_Delete)
    cJSON_GetObjectItem                      0x08007669   Thumb Code    28  cjson.o(i.cJSON_GetObjectItem)
    cJSON_Parse                              0x080076a1   Thumb Code     8  cjson.o(i.cJSON_Parse)
    cJSON_ParseWithOpts                      0x080076a9   Thumb Code    92  cjson.o(i.cJSON_ParseWithOpts)
    draw_bitmap                              0x0800774d   Thumb Code   446  draw.o(i.draw_bitmap)
    draw_end                                 0x08007911   Thumb Code     4  draw.o(i.draw_end)
    draw_flushArea                           0x08007915   Thumb Code    24  draw.o(i.draw_flushArea)
    draw_init                                0x08007931   Thumb Code    20  draw.o(i.draw_init)
    draw_string                              0x08007949   Thumb Code   164  draw.o(i.draw_string)
    fabs                                     0x080079f5   Thumb Code    24  fabs.o(i.fabs)
    fputc                                    0x08007a0d   Thumb Code    20  esp8266.o(i.fputc)
    free                                     0x08007a25   Thumb Code    76  malloc.o(i.free)
    game1_draw                               0x08007a75   Thumb Code  1106  game1.o(i.game1_draw)
    main                                     0x08007ed9   Thumb Code  1662  main.o(i.main)
    malloc                                   0x08008569   Thumb Code    92  malloc.o(i.malloc)
    return_to_expectation                    0x08008c2d   Thumb Code   276  main.o(i.return_to_expectation)
    sqrt                                     0x08008d87   Thumb Code   110  sqrt.o(i.sqrt)
    devPubTopic                              0x08008dfb   Data          41  main.o(.constdata)
    OLED_F8x16                               0x08008e24   Data        1520  oled.o(.constdata)
    smallFont                                0x08009438   Data         485  resources.o(.constdata)
    AHBPrescTable                            0x0800961d   Data          16  system_stm32f4xx.o(.constdata)
    APBPrescTable                            0x0800962d   Data           8  system_stm32f4xx.o(.constdata)
    __mathlib_zero                           0x080096c0   Data           8  qnan.o(.constdata)
    Region$$Table$$Base                      0x080097cc   Number         0  anon$$obj.o(Region$$Table)
    Region$$Table$$Limit                     0x080097ec   Number         0  anon$$obj.o(Region$$Table)
    NRF24L01_TxAddress                       0x20000000   Data           5  nrf24l01.o(.data)
    NRF24L01_RxAddress                       0x20000005   Data           5  nrf24l01.o(.data)
    ath_count                                0x20000024   Data           1  ath20.o(.data)
    Rx_Flag                                  0x20000038   Data           1  esp8266.o(.data)
    esp8266_cnt                              0x2000003e   Data           2  esp8266.o(.data)
    esp8266_cntPre                           0x20000040   Data           2  esp8266.o(.data)
    WiFi_Success_Flag                        0x20000044   Data           4  esp8266.o(.data)
    Usart_Error_count                        0x20000048   Data           4  esp8266.o(.data)
    WiFI_Name                                0x2000004c   Data          20  esp8266.o(.data)
    MY_MQTT_FLAG                             0x20000060   Data           1  onenet.o(.data)
    WiFi_Temp_Value                          0x20000064   Data           4  onenet.o(.data)
    p3Data                                   0x20000068   Data           1  main.o(.data)
    p5Data                                   0x20000069   Data           1  main.o(.data)
    p2Data                                   0x2000006a   Data           1  main.o(.data)
    ret                                      0x2000006b   Data           1  main.o(.data)
    Dian_Ji_KaiQi                            0x2000006c   Data           1  main.o(.data)
    MY_Dianji_Debug                          0x2000006d   Data           1  main.o(.data)
    Dian_Ji_KaiQi_anjian                     0x2000006e   Data           1  main.o(.data)
    VAL_DATA                                 0x2000006f   Data           1  main.o(.data)
    Error_Count                              0x20000070   Data           1  main.o(.data)
    Send_Flag                                0x20000071   Data           1  main.o(.data)
    WhilE_Flag                               0x20000072   Data           1  main.o(.data)
    Shang_Yun_Flag                           0x20000073   Data           1  main.o(.data)
    PWM_1                                    0x20000074   Data           4  main.o(.data)
    PWM_2                                    0x20000078   Data           4  main.o(.data)
    PWM_Debug_Dier_1                         0x2000007c   Data           4  main.o(.data)
    PWM_Debug_Dier_2                         0x20000080   Data           4  main.o(.data)
    fangxiang                                0x20000084   Data           4  main.o(.data)
    PWM_1_24G                                0x20000088   Data           4  main.o(.data)
    PWM_2_24G                                0x2000008c   Data           4  main.o(.data)
    Diretion_Y                               0x20000090   Data           4  main.o(.data)
    Diretion_Z                               0x20000094   Data           4  main.o(.data)
    MY_Counter_Y                             0x20000098   Data           4  main.o(.data)
    MY_Counter_Z                             0x2000009c   Data           4  main.o(.data)
    First_Yaw_flag                           0x200000a0   Data           4  main.o(.data)
    Quan_Shu                                 0x200000a4   Data           4  main.o(.data)
    MuBiao_JiaoDu                            0x200000a8   Data           4  main.o(.data)
    MUBIAO_Speed_Z                           0x200000ac   Data           4  main.o(.data)
    MUBIAO_Speed_Y                           0x200000b0   Data           4  main.o(.data)
    devSubTopic                              0x200000b4   Data           4  main.o(.data)
    dataPtr                                  0x200000b8   Data           4  main.o(.data)
    jishi_count                              0x200000bc   Data           4  main.o(.data)
    TimeCount                                0x200000c0   Data           4  main.o(.data)
    TimeCount2                               0x200000c4   Data           4  main.o(.data)
    TimeCount3                               0x200000c8   Data           4  main.o(.data)
    Test_LED_Count                           0x200000cc   Data           4  main.o(.data)
    bici                                     0x200000d0   Data           4  main.o(.data)
    Shang_Yun_Run_Flag                       0x200000d4   Data           4  main.o(.data)
    last_upload_tick                         0x200000d8   Data           4  main.o(.data)
    val                                      0x200000dc   Data           4  main.o(.data)
    down                                     0x200000e0   Data           4  main.o(.data)
    old                                      0x200000e4   Data           4  main.o(.data)
    ADzhi11                                  0x200000ec   Data           4  main.o(.data)
    ADzhi12                                  0x200000f0   Data           4  main.o(.data)
    My_ADzhi12                               0x200000f4   Data           4  main.o(.data)
    Last_ADzhi12                             0x200000f8   Data           4  main.o(.data)
    ADzhi21                                  0x200000fc   Data           4  main.o(.data)
    My_ADzhi21                               0x20000100   Data           4  main.o(.data)
    Last_ADzhi21                             0x20000104   Data           4  main.o(.data)
    ADzhi22                                  0x20000108   Data           4  main.o(.data)
    Roll                                     0x2000010c   Data           4  main.o(.data)
    Pitch                                    0x20000110   Data           4  main.o(.data)
    Yaw                                      0x20000114   Data           4  main.o(.data)
    My_Yaw                                   0x20000118   Data           4  main.o(.data)
    Delta_Yaw                                0x2000011c   Data           4  main.o(.data)
    Last_Yaw                                 0x20000120   Data           4  main.o(.data)
    Yaw_offset                               0x20000124   Data           4  main.o(.data)
    First_Yaw                                0x20000128   Data           4  main.o(.data)
    PT                                       0x2000012c   Data           4  main.o(.data)
    T                                        0x20000130   Data           4  main.o(.data)
    ALT                                      0x20000134   Data           4  main.o(.data)
    c1                                       0x20000138   Data           4  main.o(.data)
    t1                                       0x2000013c   Data           4  main.o(.data)
    anjianzhi                                0x20000140   Data           6  main.o(.data)
    CT_data                                  0x20000150   Data           8  main.o(.data)
    uwTickFreq                               0x20000188   Data           1  stm32f4xx_hal.o(.data)
    uwTickPrio                               0x2000018c   Data           4  stm32f4xx_hal.o(.data)
    uwTick                                   0x20000190   Data           4  stm32f4xx_hal.o(.data)
    SystemCoreClock                          0x20000194   Data           4  system_stm32f4xx.o(.data)
    __stdout                                 0x2000019c   Data           4  stdout.o(.data)
    __microlib_freelist                      0x200001a0   Data           4  mvars.o(.data)
    __microlib_freelist_initialised          0x200001a4   Data           4  mvars.o(.data)
    NRF24L01_TxPacket                        0x200001ac   Data          10  nrf24l01.o(.bss)
    NRF24L01_RxPacket                        0x200001b6   Data          10  nrf24l01.o(.bss)
    bmp280Cal                                0x200001d4   Data          28  bmp280.o(.bss)
    esp8266_buf                              0x200001f0   Data         512  esp8266.o(.bss)
    Rx_Data                                  0x200003f0   Data          20  esp8266.o(.bss)
    Button_Flag                              0x20000404   Data          10  main.o(.bss)
    NRF24L01_Send_Error                      0x20000410   Data          20  main.o(.bss)
    PUBLIS_BUF                               0x20000424   Data         256  main.o(.bss)
    pid_Speed_Z                              0x20000524   Data          36  main.o(.bss)
    pid_Speed_Y                              0x20000548   Data          36  main.o(.bss)
    pid_Speed_WeiZhi                         0x2000056c   Data          36  main.o(.bss)
    htim2                                    0x20000590   Data          72  tim.o(.bss)
    htim3                                    0x200005d8   Data          72  tim.o(.bss)
    htim4                                    0x20000620   Data          72  tim.o(.bss)
    htim5                                    0x20000668   Data          72  tim.o(.bss)
    htim6                                    0x200006b0   Data          72  tim.o(.bss)
    huart5                                   0x200006f8   Data          72  usart.o(.bss)
    huart2                                   0x20000740   Data          72  usart.o(.bss)
    huart3                                   0x20000788   Data          72  usart.o(.bss)
    __heap_base                              0x20000be0   Data           0  startup_stm32f407xx.o(HEAP)
    __heap_limit                             0x20006be0   Data           0  startup_stm32f407xx.o(HEAP)
    __initial_sp                             0x2000abe0   Data           0  startup_stm32f407xx.o(STACK)



==============================================================================

Memory Map of the image

  Image Entry point : 0x08000189

  Load Region LR_IROM1 (Base: 0x08000000, Size: 0x00009998, Max: 0x00080000, ABSOLUTE, COMPRESSED[0x00009828])

    Execution Region ER_IROM1 (Exec base: 0x08000000, Load base: 0x08000000, Size: 0x000097ec, Max: 0x00080000, ABSOLUTE)

    Exec Addr    Load Addr    Size         Type   Attr      Idx    E Section Name        Object

    0x08000000   0x08000000   0x00000188   Data   RO            3    RESET               startup_stm32f407xx.o
    0x08000188   0x08000188   0x00000000   Code   RO         4608  * .ARM.Collect$$$$00000000  mc_w.l(entry.o)
    0x08000188   0x08000188   0x00000004   Code   RO         4980    .ARM.Collect$$$$00000001  mc_w.l(entry2.o)
    0x0800018c   0x0800018c   0x00000004   Code   RO         4983    .ARM.Collect$$$$00000004  mc_w.l(entry5.o)
    0x08000190   0x08000190   0x00000000   Code   RO         4985    .ARM.Collect$$$$00000008  mc_w.l(entry7b.o)
    0x08000190   0x08000190   0x00000000   Code   RO         4987    .ARM.Collect$$$$0000000A  mc_w.l(entry8b.o)
    0x08000190   0x08000190   0x00000008   Code   RO         4988    .ARM.Collect$$$$0000000B  mc_w.l(entry9a.o)
    0x08000198   0x08000198   0x00000000   Code   RO         4990    .ARM.Collect$$$$0000000D  mc_w.l(entry10a.o)
    0x08000198   0x08000198   0x00000000   Code   RO         4992    .ARM.Collect$$$$0000000F  mc_w.l(entry11a.o)
    0x08000198   0x08000198   0x00000004   Code   RO         4981    .ARM.Collect$$$$00002712  mc_w.l(entry2.o)
    0x0800019c   0x0800019c   0x00000024   Code   RO            4    .text               startup_stm32f407xx.o
    0x080001c0   0x080001c0   0x00000062   Code   RO         4611    .text               mc_w.l(uldiv.o)
    0x08000222   0x08000222   0x00000062   Code   RO         4613    .text               mc_w.l(ldiv.o)
    0x08000284   0x08000284   0x0000000c   Code   RO         4615    .text               mc_w.l(tolower.o)
    0x08000290   0x08000290   0x00000024   Code   RO         4617    .text               mc_w.l(rand.o)
    0x080002b4   0x080002b4   0x00000024   Code   RO         4620    .text               mc_w.l(memcpya.o)
    0x080002d8   0x080002d8   0x00000024   Code   RO         4622    .text               mc_w.l(memseta.o)
    0x080002fc   0x080002fc   0x00000024   Code   RO         4624    .text               mc_w.l(strstr.o)
    0x08000320   0x08000320   0x00000014   Code   RO         4626    .text               mc_w.l(strchr.o)
    0x08000334   0x08000334   0x0000000e   Code   RO         4628    .text               mc_w.l(strlen.o)
    0x08000342   0x08000342   0x00000028   Code   RO         4630    .text               mc_w.l(strncat.o)
    0x0800036a   0x0800036a   0x0000001e   Code   RO         4634    .text               mc_w.l(strncmp.o)
    0x08000388   0x08000388   0x0000014e   Code   RO         4927    .text               mf_w.l(dadd.o)
    0x080004d6   0x080004d6   0x000000e4   Code   RO         4929    .text               mf_w.l(dmul.o)
    0x080005ba   0x080005ba   0x000000de   Code   RO         4931    .text               mf_w.l(ddiv.o)
    0x08000698   0x08000698   0x00000022   Code   RO         4933    .text               mf_w.l(dflti.o)
    0x080006ba   0x080006ba   0x0000001a   Code   RO         4935    .text               mf_w.l(dfltui.o)
    0x080006d4   0x080006d4   0x0000003e   Code   RO         4937    .text               mf_w.l(dfixi.o)
    0x08000712   0x08000712   0x00000032   Code   RO         4939    .text               mf_w.l(dfixui.o)
    0x08000744   0x08000744   0x00000026   Code   RO         4941    .text               mf_w.l(f2d.o)
    0x0800076a   0x0800076a   0x00000002   PAD
    0x0800076c   0x0800076c   0x00000030   Code   RO         4945    .text               mf_w.l(cdrcmple.o)
    0x0800079c   0x0800079c   0x00000038   Code   RO         4947    .text               mf_w.l(d2f.o)
    0x080007d4   0x080007d4   0x0000002c   Code   RO         4995    .text               mc_w.l(uidiv.o)
    0x08000800   0x08000800   0x0000001e   Code   RO         4997    .text               mc_w.l(llshl.o)
    0x0800081e   0x0800081e   0x00000020   Code   RO         4999    .text               mc_w.l(llushr.o)
    0x0800083e   0x0800083e   0x00000024   Code   RO         5001    .text               mc_w.l(llsshr.o)
    0x08000862   0x08000862   0x00000000   Code   RO         5012    .text               mc_w.l(iusefp.o)
    0x08000862   0x08000862   0x0000006e   Code   RO         5013    .text               mf_w.l(fepilogue.o)
    0x080008d0   0x080008d0   0x000000ba   Code   RO         5015    .text               mf_w.l(depilogue.o)
    0x0800098a   0x0800098a   0x0000002e   Code   RO         5019    .text               mf_w.l(dscalb.o)
    0x080009b8   0x080009b8   0x00000030   Code   RO         5021    .text               mf_w.l(dfixul.o)
    0x080009e8   0x080009e8   0x00000024   Code   RO         5023    .text               mc_w.l(init.o)
    0x08000a0c   0x08000a0c   0x000000a2   Code   RO         5025    .text               mf_w.l(dsqrt.o)
    0x08000aae   0x08000aae   0x0000003a   Code   RO         5035    .text               mc_w.l(__dczerorl.o)
    0x08000ae8   0x08000ae8   0x00000164   Code   RO          270    i.BMP280CompensateP  bmp280.o
    0x08000c4c   0x08000c4c   0x00000170   Code   RO          271    i.BMP280GetData     bmp280.o
    0x08000dbc   0x08000dbc   0x0000004c   Code   RO          272    i.BMP280_Init       bmp280.o
    0x08000e08   0x08000e08   0x00000002   Code   RO         1614    i.BusFault_Handler  stm32f4xx_it.o
    0x08000e0a   0x08000e0a   0x00000002   Code   RO         1615    i.DebugMon_Handler  stm32f4xx_it.o
    0x08000e0c   0x08000e0c   0x00000018   Code   RO          421    i.Delay_1us         ath20.o
    0x08000e24   0x08000e24   0x0000001e   Code   RO          422    i.Delay_3us         ath20.o
    0x08000e42   0x08000e42   0x0000000e   Code   RO          423    i.Delay_N10us       ath20.o
    0x08000e50   0x08000e50   0x0000001c   Code   RO          938    i.ESP8266_Clear     esp8266.o
    0x08000e6c   0x08000e6c   0x00000168   Code   RO          939    i.ESP8266_ConnectOneNet  esp8266.o
    0x08000fd4   0x08000fd4   0x00000198   Code   RO          940    i.ESP8266_ConnectWiFi  esp8266.o
    0x0800116c   0x0800116c   0x00000040   Code   RO          941    i.ESP8266_GetIPD    esp8266.o
    0x080011ac   0x080011ac   0x00000124   Code   RO          942    i.ESP8266_Init      esp8266.o
    0x080012d0   0x080012d0   0x0000004c   Code   RO          943    i.ESP8266_Init_SendCmd  esp8266.o
    0x0800131c   0x0800131c   0x0000004c   Code   RO          944    i.ESP8266_SendCmd   esp8266.o
    0x08001368   0x08001368   0x0000004c   Code   RO          945    i.ESP8266_SendData  esp8266.o
    0x080013b4   0x080013b4   0x00000020   Code   RO          946    i.ESP8266_WaitRecive  esp8266.o
    0x080013d4   0x080013d4   0x00000004   Code   RO         1302    i.Error_Handler     main.o
    0x080013d8   0x080013d8   0x00000080   Code   RO         1972    i.Game_Vri_Init     game1.o
    0x08001458   0x08001458   0x00000092   Code   RO         3508    i.HAL_DMA_Abort     stm32f4xx_hal_dma.o
    0x080014ea   0x080014ea   0x00000024   Code   RO         3509    i.HAL_DMA_Abort_IT  stm32f4xx_hal_dma.o
    0x0800150e   0x0800150e   0x00000002   PAD
    0x08001510   0x08001510   0x00000024   Code   RO         3933    i.HAL_Delay         stm32f4xx_hal.o
    0x08001534   0x08001534   0x000001d0   Code   RO         3401    i.HAL_GPIO_Init     stm32f4xx_hal_gpio.o
    0x08001704   0x08001704   0x0000000a   Code   RO         3403    i.HAL_GPIO_ReadPin  stm32f4xx_hal_gpio.o
    0x0800170e   0x0800170e   0x00000010   Code   RO         3404    i.HAL_GPIO_TogglePin  stm32f4xx_hal_gpio.o
    0x0800171e   0x0800171e   0x0000000a   Code   RO         3405    i.HAL_GPIO_WritePin  stm32f4xx_hal_gpio.o
    0x08001728   0x08001728   0x0000000c   Code   RO         3939    i.HAL_GetTick       stm32f4xx_hal.o
    0x08001734   0x08001734   0x00000010   Code   RO         3945    i.HAL_IncTick       stm32f4xx_hal.o
    0x08001744   0x08001744   0x00000034   Code   RO         3946    i.HAL_Init          stm32f4xx_hal.o
    0x08001778   0x08001778   0x00000040   Code   RO         3947    i.HAL_InitTick      stm32f4xx_hal.o
    0x080017b8   0x080017b8   0x00000030   Code   RO         1714    i.HAL_MspInit       stm32f4xx_hal_msp.o
    0x080017e8   0x080017e8   0x0000001a   Code   RO         3791    i.HAL_NVIC_EnableIRQ  stm32f4xx_hal_cortex.o
    0x08001802   0x08001802   0x00000002   PAD
    0x08001804   0x08001804   0x00000040   Code   RO         3797    i.HAL_NVIC_SetPriority  stm32f4xx_hal_cortex.o
    0x08001844   0x08001844   0x00000024   Code   RO         3798    i.HAL_NVIC_SetPriorityGrouping  stm32f4xx_hal_cortex.o
    0x08001868   0x08001868   0x00000134   Code   RO         3047    i.HAL_RCC_ClockConfig  stm32f4xx_hal_rcc.o
    0x0800199c   0x0800199c   0x00000020   Code   RO         3054    i.HAL_RCC_GetPCLK1Freq  stm32f4xx_hal_rcc.o
    0x080019bc   0x080019bc   0x00000020   Code   RO         3055    i.HAL_RCC_GetPCLK2Freq  stm32f4xx_hal_rcc.o
    0x080019dc   0x080019dc   0x00000064   Code   RO         3056    i.HAL_RCC_GetSysClockFreq  stm32f4xx_hal_rcc.o
    0x08001a40   0x08001a40   0x00000358   Code   RO         3059    i.HAL_RCC_OscConfig  stm32f4xx_hal_rcc.o
    0x08001d98   0x08001d98   0x00000028   Code   RO         3802    i.HAL_SYSTICK_Config  stm32f4xx_hal_cortex.o
    0x08001dc0   0x08001dc0   0x00000002   Code   RO         2779    i.HAL_TIMEx_BreakCallback  stm32f4xx_hal_tim_ex.o
    0x08001dc2   0x08001dc2   0x00000002   Code   RO         2780    i.HAL_TIMEx_CommutCallback  stm32f4xx_hal_tim_ex.o
    0x08001dc4   0x08001dc4   0x00000090   Code   RO         2798    i.HAL_TIMEx_MasterConfigSynchronization  stm32f4xx_hal_tim_ex.o
    0x08001e54   0x08001e54   0x0000005a   Code   RO         2075    i.HAL_TIM_Base_Init  stm32f4xx_hal_tim.o
    0x08001eae   0x08001eae   0x00000002   PAD
    0x08001eb0   0x08001eb0   0x0000006c   Code   RO         1477    i.HAL_TIM_Base_MspInit  tim.o
    0x08001f1c   0x08001f1c   0x00000080   Code   RO         2080    i.HAL_TIM_Base_Start_IT  stm32f4xx_hal_tim.o
    0x08001f9c   0x08001f9c   0x000000dc   Code   RO         2084    i.HAL_TIM_ConfigClockSource  stm32f4xx_hal_tim.o
    0x08002078   0x08002078   0x000000a4   Code   RO         2096    i.HAL_TIM_Encoder_Init  stm32f4xx_hal_tim.o
    0x0800211c   0x0800211c   0x000000a0   Code   RO         1479    i.HAL_TIM_Encoder_MspInit  tim.o
    0x080021bc   0x080021bc   0x00000092   Code   RO         2099    i.HAL_TIM_Encoder_Start  stm32f4xx_hal_tim.o
    0x0800224e   0x0800224e   0x00000002   Code   RO         2109    i.HAL_TIM_IC_CaptureCallback  stm32f4xx_hal_tim.o
    0x08002250   0x08002250   0x00000130   Code   RO         2123    i.HAL_TIM_IRQHandler  stm32f4xx_hal_tim.o
    0x08002380   0x08002380   0x00000050   Code   RO         1480    i.HAL_TIM_MspPostInit  tim.o
    0x080023d0   0x080023d0   0x00000002   Code   RO         2126    i.HAL_TIM_OC_DelayElapsedCallback  stm32f4xx_hal_tim.o
    0x080023d2   0x080023d2   0x000000cc   Code   RO         2147    i.HAL_TIM_PWM_ConfigChannel  stm32f4xx_hal_tim.o
    0x0800249e   0x0800249e   0x0000005a   Code   RO         2150    i.HAL_TIM_PWM_Init  stm32f4xx_hal_tim.o
    0x080024f8   0x080024f8   0x00000002   Code   RO         2152    i.HAL_TIM_PWM_MspInit  stm32f4xx_hal_tim.o
    0x080024fa   0x080024fa   0x00000002   Code   RO         2153    i.HAL_TIM_PWM_PulseFinishedCallback  stm32f4xx_hal_tim.o
    0x080024fc   0x080024fc   0x000000d0   Code   RO         2155    i.HAL_TIM_PWM_Start  stm32f4xx_hal_tim.o
    0x080025cc   0x080025cc   0x000002a8   Code   RO         1303    i.HAL_TIM_PeriodElapsedCallback  main.o
    0x08002874   0x08002874   0x00000002   Code   RO         2166    i.HAL_TIM_TriggerCallback  stm32f4xx_hal_tim.o
    0x08002876   0x08002876   0x00000002   Code   RO         4196    i.HAL_UARTEx_RxEventCallback  stm32f4xx_hal_uart.o
    0x08002878   0x08002878   0x00000048   Code   RO          947    i.HAL_UART_ErrorCallback  esp8266.o
    0x080028c0   0x080028c0   0x00000270   Code   RO         4213    i.HAL_UART_IRQHandler  stm32f4xx_hal_uart.o
    0x08002b30   0x08002b30   0x00000064   Code   RO         4214    i.HAL_UART_Init     stm32f4xx_hal_uart.o
    0x08002b94   0x08002b94   0x0000013c   Code   RO         1561    i.HAL_UART_MspInit  usart.o
    0x08002cd0   0x08002cd0   0x0000001c   Code   RO         4219    i.HAL_UART_Receive_IT  stm32f4xx_hal_uart.o
    0x08002cec   0x08002cec   0x000000c0   Code   RO          948    i.HAL_UART_RxCpltCallback  esp8266.o
    0x08002dac   0x08002dac   0x000000a0   Code   RO         4222    i.HAL_UART_Transmit  stm32f4xx_hal_uart.o
    0x08002e4c   0x08002e4c   0x00000002   Code   RO         4225    i.HAL_UART_TxCpltCallback  stm32f4xx_hal_uart.o
    0x08002e4e   0x08002e4e   0x00000002   Code   RO         1616    i.HardFault_Handler  stm32f4xx_it.o
    0x08002e50   0x08002e50   0x00000030   Code   RO          329    i.I2C_Bus_Init      my_iic.o
    0x08002e80   0x08002e80   0x0000002e   Code   RO          424    i.I2C_Start         ath20.o
    0x08002eae   0x08002eae   0x0000000e   Code   RO          425    i.Init_I2C_Sensor_Port  ath20.o
    0x08002ebc   0x08002ebc   0x000000b0   Code   RO          426    i.JH_Init           ath20.o
    0x08002f6c   0x08002f6c   0x000000d4   Code   RO          427    i.JH_Read_CTdata    ath20.o
    0x08003040   0x08003040   0x00000016   Code   RO          428    i.JH_Read_Cal_Enable  ath20.o
    0x08003056   0x08003056   0x00000022   Code   RO          429    i.JH_Read_Status    ath20.o
    0x08003078   0x08003078   0x00000036   Code   RO          430    i.JH_SendAC         ath20.o
    0x080030ae   0x080030ae   0x00000022   Code   RO          431    i.JH_Send_BA        ath20.o
    0x080030d0   0x080030d0   0x000000a0   Code   RO         1304    i.JsonValue         main.o
    0x08003170   0x08003170   0x00000030   Code   RO         1738    i.LCD_Flush         oled.o
    0x080031a0   0x080031a0   0x00000074   Code   RO         1739    i.LCD_FlushRegion   oled.o
    0x08003214   0x08003214   0x0000001c   Code   RO         1740    i.LCD_GetFrameBuffer  oled.o
    0x08003230   0x08003230   0x0000001c   Code   RO         1054    i.MQTT_DeleteBuffer  mqttkit.o
    0x0800324c   0x0800324c   0x00000022   Code   RO         1055    i.MQTT_DumpLength   mqttkit.o
    0x0800326e   0x0800326e   0x00000052   Code   RO         1056    i.MQTT_NewBuffer    mqttkit.o
    0x080032c0   0x080032c0   0x0000007c   Code   RO         1057    i.MQTT_PacketCmdResp  mqttkit.o
    0x0800333c   0x0800333c   0x00000264   Code   RO         1058    i.MQTT_PacketConnect  mqttkit.o
    0x080035a0   0x080035a0   0x00000158   Code   RO         1061    i.MQTT_PacketPublish  mqttkit.o
    0x080036f8   0x080036f8   0x00000046   Code   RO         1063    i.MQTT_PacketPublishComp  mqttkit.o
    0x0800373e   0x0800373e   0x00000046   Code   RO         1065    i.MQTT_PacketPublishRel  mqttkit.o
    0x08003784   0x08003784   0x000000de   Code   RO         1068    i.MQTT_PacketSubscribe  mqttkit.o
    0x08003862   0x08003862   0x0000003e   Code   RO         1070    i.MQTT_ReadLength   mqttkit.o
    0x080038a0   0x080038a0   0x00000082   Code   RO         1071    i.MQTT_UnPacketCmd  mqttkit.o
    0x08003922   0x08003922   0x0000001a   Code   RO         1072    i.MQTT_UnPacketConnectAck  mqttkit.o
    0x0800393c   0x0800393c   0x00000150   Code   RO         1073    i.MQTT_UnPacketPublish  mqttkit.o
    0x08003a8c   0x08003a8c   0x00000018   Code   RO         1074    i.MQTT_UnPacketPublishAck  mqttkit.o
    0x08003aa4   0x08003aa4   0x00000018   Code   RO         1075    i.MQTT_UnPacketPublishComp  mqttkit.o
    0x08003abc   0x08003abc   0x00000018   Code   RO         1076    i.MQTT_UnPacketPublishRec  mqttkit.o
    0x08003ad4   0x08003ad4   0x0000001e   Code   RO         1077    i.MQTT_UnPacketPublishRel  mqttkit.o
    0x08003af2   0x08003af2   0x00000002   PAD
    0x08003af4   0x08003af4   0x00000060   Code   RO         1078    i.MQTT_UnPacketRecv  mqttkit.o
    0x08003b54   0x08003b54   0x0000002c   Code   RO         1079    i.MQTT_UnPacketSubscribe  mqttkit.o
    0x08003b80   0x08003b80   0x00000014   Code   RO         1080    i.MQTT_UnPacketUnSubscribe  mqttkit.o
    0x08003b94   0x08003b94   0x000001a4   Code   RO         1452    i.MX_GPIO_Init      gpio.o
    0x08003d38   0x08003d38   0x00000064   Code   RO         1481    i.MX_TIM2_Init      tim.o
    0x08003d9c   0x08003d9c   0x000000a8   Code   RO         1482    i.MX_TIM3_Init      tim.o
    0x08003e44   0x08003e44   0x0000006c   Code   RO         1483    i.MX_TIM4_Init      tim.o
    0x08003eb0   0x08003eb0   0x00000068   Code   RO         1484    i.MX_TIM5_Init      tim.o
    0x08003f18   0x08003f18   0x00000044   Code   RO         1485    i.MX_TIM6_Init      tim.o
    0x08003f5c   0x08003f5c   0x00000038   Code   RO         1562    i.MX_UART5_Init     usart.o
    0x08003f94   0x08003f94   0x00000038   Code   RO         1563    i.MX_USART2_UART_Init  usart.o
    0x08003fcc   0x08003fcc   0x00000038   Code   RO         1564    i.MX_USART3_UART_Init  usart.o
    0x08004004   0x08004004   0x00000164   Code   RO         1305    i.MY_Run            main.o
    0x08004168   0x08004168   0x00000090   Code   RO         1306    i.MY_SCAN           main.o
    0x080041f8   0x080041f8   0x00000002   Code   RO         1617    i.MemManage_Handler  stm32f4xx_it.o
    0x080041fa   0x080041fa   0x00000002   Code   RO         1618    i.NMI_Handler       stm32f4xx_it.o
    0x080041fc   0x080041fc   0x00000018   Code   RO           13    i.NRF24L01_FlushRx  nrf24l01.o
    0x08004214   0x08004214   0x00000018   Code   RO           14    i.NRF24L01_FlushTx  nrf24l01.o
    0x0800422c   0x0800422c   0x0000001e   Code   RO           15    i.NRF24L01_GPIO_Init  nrf24l01.o
    0x0800424a   0x0800424a   0x00000002   PAD
    0x0800424c   0x0800424c   0x0000006c   Code   RO           16    i.NRF24L01_Init     nrf24l01.o
    0x080042b8   0x080042b8   0x0000000c   Code   RO           18    i.NRF24L01_R_MISO   nrf24l01.o
    0x080042c4   0x080042c4   0x00000022   Code   RO           19    i.NRF24L01_ReadReg  nrf24l01.o
    0x080042e6   0x080042e6   0x00000030   Code   RO           21    i.NRF24L01_ReadRxPayload  nrf24l01.o
    0x08004316   0x08004316   0x0000001a   Code   RO           22    i.NRF24L01_ReadStatus  nrf24l01.o
    0x08004330   0x08004330   0x0000004c   Code   RO           23    i.NRF24L01_Receive  nrf24l01.o
    0x0800437c   0x0800437c   0x00000028   Code   RO           24    i.NRF24L01_Rx       nrf24l01.o
    0x080043a4   0x080043a4   0x0000003a   Code   RO           25    i.NRF24L01_SPI_SwapByte  nrf24l01.o
    0x080043de   0x080043de   0x00000002   PAD
    0x080043e0   0x080043e0   0x00000078   Code   RO           26    i.NRF24L01_Send     nrf24l01.o
    0x08004458   0x08004458   0x0000002c   Code   RO           28    i.NRF24L01_Tx       nrf24l01.o
    0x08004484   0x08004484   0x00000010   Code   RO           30    i.NRF24L01_W_CE     nrf24l01.o
    0x08004494   0x08004494   0x00000010   Code   RO           31    i.NRF24L01_W_CSN    nrf24l01.o
    0x080044a4   0x080044a4   0x00000010   Code   RO           32    i.NRF24L01_W_MOSI   nrf24l01.o
    0x080044b4   0x080044b4   0x00000010   Code   RO           33    i.NRF24L01_W_SCK    nrf24l01.o
    0x080044c4   0x080044c4   0x00000024   Code   RO           34    i.NRF24L01_WriteReg  nrf24l01.o
    0x080044e8   0x080044e8   0x00000032   Code   RO           35    i.NRF24L01_WriteRegs  nrf24l01.o
    0x0800451a   0x0800451a   0x0000002e   Code   RO           36    i.NRF24L01_WriteTxPayload  nrf24l01.o
    0x08004548   0x08004548   0x00000026   Code   RO         1741    i.OLED_Clear        oled.o
    0x0800456e   0x0800456e   0x00000002   PAD
    0x08004570   0x08004570   0x00000038   Code   RO         1742    i.OLED_I2C_Init     oled.o
    0x080045a8   0x080045a8   0x0000008c   Code   RO         1743    i.OLED_I2C_SendByte  oled.o
    0x08004634   0x08004634   0x00000060   Code   RO         1744    i.OLED_I2C_Start    oled.o
    0x08004694   0x08004694   0x00000048   Code   RO         1745    i.OLED_I2C_Stop     oled.o
    0x080046dc   0x080046dc   0x000000ac   Code   RO         1746    i.OLED_Init         oled.o
    0x08004788   0x08004788   0x0000000e   Code   RO         1747    i.OLED_Pow          oled.o
    0x08004796   0x08004796   0x00000022   Code   RO         1748    i.OLED_SetCursor    oled.o
    0x080047b8   0x080047b8   0x00000068   Code   RO         1750    i.OLED_ShowChar     oled.o
    0x08004820   0x08004820   0x00000042   Code   RO         1752    i.OLED_ShowNum      oled.o
    0x08004862   0x08004862   0x00000026   Code   RO         1754    i.OLED_ShowString   oled.o
    0x08004888   0x08004888   0x00000022   Code   RO         1755    i.OLED_WriteCommand  oled.o
    0x080048aa   0x080048aa   0x00000022   Code   RO         1756    i.OLED_WriteData    oled.o
    0x080048cc   0x080048cc   0x000002b0   Code   RO         1240    i.OneNet_DevLink    onenet.o
    0x08004b7c   0x08004b7c   0x00000048   Code   RO         1241    i.OneNet_Publish    onenet.o
    0x08004bc4   0x08004bc4   0x00000378   Code   RO         1242    i.OneNet_RevPro     onenet.o
    0x08004f3c   0x08004f3c   0x00000068   Code   RO         1243    i.OneNet_Subscribe  onenet.o
    0x08004fa4   0x08004fa4   0x0000000e   Code   RO         1307    i.PID_Init          main.o
    0x08004fb2   0x08004fb2   0x00000002   PAD
    0x08004fb4   0x08004fb4   0x00000094   Code   RO         1308    i.PID_Yunxing       main.o
    0x08005048   0x08005048   0x00000086   Code   RO         1309    i.PID_Yunxing_Weizhi  main.o
    0x080050ce   0x080050ce   0x00000002   Code   RO         1619    i.PendSV_Handler    stm32f4xx_it.o
    0x080050d0   0x080050d0   0x00000018   Code   RO          949    i.RX_Re_Data        esp8266.o
    0x080050e8   0x080050e8   0x00000050   Code   RO          432    i.Receive_ACK       ath20.o
    0x08005138   0x08005138   0x00000010   Code   RO          433    i.SCL_Pin_Output_High  ath20.o
    0x08005148   0x08005148   0x00000010   Code   RO          434    i.SCL_Pin_Output_Low  ath20.o
    0x08005158   0x08005158   0x00000044   Code   RO          435    i.SDA_Pin_IN_FLOATING  ath20.o
    0x0800519c   0x0800519c   0x00000050   Code   RO          436    i.SDA_Pin_Output_High  ath20.o
    0x080051ec   0x080051ec   0x00000050   Code   RO          437    i.SDA_Pin_Output_Low  ath20.o
    0x0800523c   0x0800523c   0x00000002   Code   RO         1620    i.SVC_Handler       stm32f4xx_it.o
    0x0800523e   0x0800523e   0x00000038   Code   RO          438    i.Send_ACK          ath20.o
    0x08005276   0x08005276   0x00000038   Code   RO          439    i.Send_NOT_ACK      ath20.o
    0x080052ae   0x080052ae   0x00000014   Code   RO          440    i.SensorDelay_us    ath20.o
    0x080052c2   0x080052c2   0x00000002   PAD
    0x080052c4   0x080052c4   0x00000040   Code   RO          330    i.Sensors_I2C_ReadRegister  my_iic.o
    0x08005304   0x08005304   0x00000070   Code   RO          331    i.Sensors_I2C_WriteRegister  my_iic.o
    0x08005374   0x08005374   0x00000088   Code   RO         1310    i.Set_DianJi        main.o
    0x080053fc   0x080053fc   0x00000060   Code   RO          333    i.Soft_DMP_I2C_Read  my_iic.o
    0x0800545c   0x0800545c   0x0000009c   Code   RO          334    i.Soft_I2C_ReceiveByte  my_iic.o
    0x080054f8   0x080054f8   0x0000009c   Code   RO          335    i.Soft_I2C_ReceiveByte_WithACK  my_iic.o
    0x08005594   0x08005594   0x00000068   Code   RO          336    i.Soft_I2C_START    my_iic.o
    0x080055fc   0x080055fc   0x00000040   Code   RO          337    i.Soft_I2C_STOP     my_iic.o
    0x0800563c   0x0800563c   0x0000006c   Code   RO          338    i.Soft_I2C_SendByte  my_iic.o
    0x080056a8   0x080056a8   0x00000060   Code   RO          339    i.Soft_I2C_Wait_Ack  my_iic.o
    0x08005708   0x08005708   0x00000024   Code   RO          441    i.Stop_I2C          ath20.o
    0x0800572c   0x0800572c   0x00000004   Code   RO         1621    i.SysTick_Handler   stm32f4xx_it.o
    0x08005730   0x08005730   0x00000090   Code   RO         1311    i.SystemClock_Config  main.o
    0x080057c0   0x080057c0   0x00000010   Code   RO         4548    i.SystemInit        system_stm32f4xx.o
    0x080057d0   0x080057d0   0x0000000c   Code   RO         1622    i.TIM2_IRQHandler   stm32f4xx_it.o
    0x080057dc   0x080057dc   0x000000d8   Code   RO         2168    i.TIM_Base_SetConfig  stm32f4xx_hal_tim.o
    0x080058b4   0x080058b4   0x0000001a   Code   RO         2169    i.TIM_CCxChannelCmd  stm32f4xx_hal_tim.o
    0x080058ce   0x080058ce   0x00000014   Code   RO         2179    i.TIM_ETR_SetConfig  stm32f4xx_hal_tim.o
    0x080058e2   0x080058e2   0x00000010   Code   RO         2180    i.TIM_ITRx_SetConfig  stm32f4xx_hal_tim.o
    0x080058f2   0x080058f2   0x00000002   PAD
    0x080058f4   0x080058f4   0x00000060   Code   RO         2181    i.TIM_OC1_SetConfig  stm32f4xx_hal_tim.o
    0x08005954   0x08005954   0x0000006c   Code   RO         2182    i.TIM_OC2_SetConfig  stm32f4xx_hal_tim.o
    0x080059c0   0x080059c0   0x00000068   Code   RO         2183    i.TIM_OC3_SetConfig  stm32f4xx_hal_tim.o
    0x08005a28   0x08005a28   0x00000050   Code   RO         2184    i.TIM_OC4_SetConfig  stm32f4xx_hal_tim.o
    0x08005a78   0x08005a78   0x00000022   Code   RO         2186    i.TIM_TI1_ConfigInputStage  stm32f4xx_hal_tim.o
    0x08005a9a   0x08005a9a   0x00000024   Code   RO         2188    i.TIM_TI2_ConfigInputStage  stm32f4xx_hal_tim.o
    0x08005abe   0x08005abe   0x00000002   PAD
    0x08005ac0   0x08005ac0   0x0000000c   Code   RO         1623    i.UART5_IRQHandler  stm32f4xx_it.o
    0x08005acc   0x08005acc   0x00000010   Code   RO         4227    i.UART_DMAAbortOnError  stm32f4xx_hal_uart.o
    0x08005adc   0x08005adc   0x0000004e   Code   RO         4237    i.UART_EndRxTransfer  stm32f4xx_hal_uart.o
    0x08005b2a   0x08005b2a   0x000000c2   Code   RO         4239    i.UART_Receive_IT   stm32f4xx_hal_uart.o
    0x08005bec   0x08005bec   0x0000010c   Code   RO         4240    i.UART_SetConfig    stm32f4xx_hal_uart.o
    0x08005cf8   0x08005cf8   0x00000036   Code   RO         4242    i.UART_Start_Receive_IT  stm32f4xx_hal_uart.o
    0x08005d2e   0x08005d2e   0x00000070   Code   RO         4243    i.UART_WaitOnFlagUntilTimeout  stm32f4xx_hal_uart.o
    0x08005d9e   0x08005d9e   0x00000002   PAD
    0x08005da0   0x08005da0   0x0000000c   Code   RO         1624    i.USART2_IRQHandler  stm32f4xx_it.o
    0x08005dac   0x08005dac   0x0000000c   Code   RO         1625    i.USART3_IRQHandler  stm32f4xx_it.o
    0x08005db8   0x08005db8   0x00000002   Code   RO         1626    i.UsageFault_Handler  stm32f4xx_it.o
    0x08005dba   0x08005dba   0x00000002   PAD
    0x08005dbc   0x08005dbc   0x00000060   Code   RO          442    i.ZSSC_I2C_RD_Byte  ath20.o
    0x08005e1c   0x08005e1c   0x0000004a   Code   RO          443    i.ZSSC_I2C_WR_Byte  ath20.o
    0x08005e66   0x08005e66   0x00000002   PAD
    0x08005e68   0x08005e68   0x00000020   Code   RO         4871    i.__0printf         mc_w.l(printfa.o)
    0x08005e88   0x08005e88   0x00000028   Code   RO         4873    i.__0sprintf        mc_w.l(printfa.o)
    0x08005eb0   0x08005eb0   0x00000030   Code   RO         4963    i.__ARM_fpclassify  m_wm.l(fpclassify.o)
    0x08005ee0   0x08005ee0   0x00000020   Code   RO         3804    i.__NVIC_SetPriority  stm32f4xx_hal_cortex.o
    0x08005f00   0x08005f00   0x00000c50   Code   RO         4594    i.__hardfp_pow      m_wm.l(pow.o)
    0x08006b50   0x08006b50   0x000000f8   Code   RO         4965    i.__kernel_poly     m_wm.l(poly.o)
    0x08006c48   0x08006c48   0x00000030   Code   RO         4949    i.__mathlib_dbl_divzero  m_wm.l(dunder.o)
    0x08006c78   0x08006c78   0x00000014   Code   RO         4951    i.__mathlib_dbl_infnan2  m_wm.l(dunder.o)
    0x08006c8c   0x08006c8c   0x00000004   PAD
    0x08006c90   0x08006c90   0x00000020   Code   RO         4952    i.__mathlib_dbl_invalid  m_wm.l(dunder.o)
    0x08006cb0   0x08006cb0   0x00000020   Code   RO         4953    i.__mathlib_dbl_overflow  m_wm.l(dunder.o)
    0x08006cd0   0x08006cd0   0x00000020   Code   RO         4955    i.__mathlib_dbl_underflow  m_wm.l(dunder.o)
    0x08006cf0   0x08006cf0   0x0000000e   Code   RO         5029    i.__scatterload_copy  mc_w.l(handlers.o)
    0x08006cfe   0x08006cfe   0x00000002   Code   RO         5030    i.__scatterload_null  mc_w.l(handlers.o)
    0x08006d00   0x08006d00   0x0000000e   Code   RO         5031    i.__scatterload_zeroinit  mc_w.l(handlers.o)
    0x08006d0e   0x08006d0e   0x00000002   PAD
    0x08006d10   0x08006d10   0x0000000c   Code   RO         5007    i.__set_errno       mc_w.l(errno.o)
    0x08006d1c   0x08006d1c   0x00000184   Code   RO         4878    i._fp_digits        mc_w.l(printfa.o)
    0x08006ea0   0x08006ea0   0x000006dc   Code   RO         4879    i._printf_core      mc_w.l(printfa.o)
    0x0800757c   0x0800757c   0x00000024   Code   RO         4880    i._printf_post_padding  mc_w.l(printfa.o)
    0x080075a0   0x080075a0   0x0000002e   Code   RO         4881    i._printf_pre_padding  mc_w.l(printfa.o)
    0x080075ce   0x080075ce   0x0000000a   Code   RO         4883    i._sputc            mc_w.l(printfa.o)
    0x080075d8   0x080075d8   0x0000002c   Code   RO         1312    i.anjianhq          main.o
    0x08007604   0x08007604   0x0000001c   Code   RO         1313    i.anjianlx          main.o
    0x08007620   0x08007620   0x00000048   Code   RO          608    i.cJSON_Delete      cjson.o
    0x08007668   0x08007668   0x0000001c   Code   RO          617    i.cJSON_GetObjectItem  cjson.o
    0x08007684   0x08007684   0x0000001c   Code   RO          621    i.cJSON_New_Item    cjson.o
    0x080076a0   0x080076a0   0x00000008   Code   RO          622    i.cJSON_Parse       cjson.o
    0x080076a8   0x080076a8   0x00000060   Code   RO          623    i.cJSON_ParseWithOpts  cjson.o
    0x08007708   0x08007708   0x00000042   Code   RO          629    i.cJSON_strcasecmp  cjson.o
    0x0800774a   0x0800774a   0x00000002   PAD
    0x0800774c   0x0800774c   0x000001c4   Code   RO         1873    i.draw_bitmap       draw.o
    0x08007910   0x08007910   0x00000004   Code   RO         1875    i.draw_end          draw.o
    0x08007914   0x08007914   0x0000001c   Code   RO         1876    i.draw_flushArea    draw.o
    0x08007930   0x08007930   0x00000018   Code   RO         1877    i.draw_init         draw.o
    0x08007948   0x08007948   0x000000ac   Code   RO         1878    i.draw_string       draw.o
    0x080079f4   0x080079f4   0x00000018   Code   RO         4584    i.fabs              m_wm.l(fabs.o)
    0x08007a0c   0x08007a0c   0x00000018   Code   RO          951    i.fputc             esp8266.o
    0x08007a24   0x08007a24   0x00000050   Code   RO         4899    i.free              mc_w.l(malloc.o)
    0x08007a74   0x08007a74   0x00000464   Code   RO         1973    i.game1_draw        game1.o
    0x08007ed8   0x08007ed8   0x00000690   Code   RO         1314    i.main              main.o
    0x08008568   0x08008568   0x0000006c   Code   RO         4900    i.malloc            mc_w.l(malloc.o)
    0x080085d4   0x080085d4   0x00000088   Code   RO          633    i.parse_array       cjson.o
    0x0800865c   0x0800865c   0x000000a6   Code   RO          634    i.parse_hex4        cjson.o
    0x08008702   0x08008702   0x00000002   PAD
    0x08008704   0x08008704   0x0000018c   Code   RO          635    i.parse_number      cjson.o
    0x08008890   0x08008890   0x000000b4   Code   RO          636    i.parse_object      cjson.o
    0x08008944   0x08008944   0x0000015c   Code   RO          637    i.parse_string      cjson.o
    0x08008aa0   0x08008aa0   0x000000b4   Code   RO          638    i.parse_value       cjson.o
    0x08008b54   0x08008b54   0x000000cc   Code   RO          273    i.presssureFilter   bmp280.o
    0x08008c20   0x08008c20   0x0000000c   Code   RO         1880    i.readPixels        draw.o
    0x08008c2c   0x08008c2c   0x00000118   Code   RO         1315    i.return_to_expectation  main.o
    0x08008d44   0x08008d44   0x00000018   Code   RO         1881    i.setBuffByte       draw.o
    0x08008d5c   0x08008d5c   0x00000016   Code   RO         1882    i.set_bits          draw.o
    0x08008d72   0x08008d72   0x00000014   Code   RO          645    i.skip              cjson.o
    0x08008d86   0x08008d86   0x0000006e   Code   RO         4970    i.sqrt              m_wm.l(sqrt.o)
    0x08008df4   0x08008df4   0x00000007   Data   RO          647    .constdata          cjson.o
    0x08008dfb   0x08008dfb   0x00000029   Data   RO         1317    .constdata          main.o
    0x08008e24   0x08008e24   0x000005f0   Data   RO         1758    .constdata          oled.o
    0x08009414   0x08009414   0x00000024   Data   RO         1975    .constdata          game1.o
    0x08009438   0x08009438   0x000001e5   Data   RO         2045    .constdata          resources.o
    0x0800961d   0x0800961d   0x00000010   Data   RO         4549    .constdata          system_stm32f4xx.o
    0x0800962d   0x0800962d   0x00000008   Data   RO         4550    .constdata          system_stm32f4xx.o
    0x08009635   0x08009635   0x00000003   PAD
    0x08009638   0x08009638   0x00000088   Data   RO         4597    .constdata          m_wm.l(pow.o)
    0x080096c0   0x080096c0   0x00000008   Data   RO         4967    .constdata          m_wm.l(qnan.o)
    0x080096c8   0x080096c8   0x0000007b   Data   RO         1244    .conststring        onenet.o
    0x08009743   0x08009743   0x00000001   PAD
    0x08009744   0x08009744   0x00000087   Data   RO         1318    .conststring        main.o
    0x080097cb   0x080097cb   0x00000001   PAD
    0x080097cc   0x080097cc   0x00000020   Data   RO         5027    Region$$Table       anon$$obj.o


    Execution Region RW_IRAM1 (Exec base: 0x20000000, Load base: 0x080097ec, Size: 0x0000abe0, Max: 0x0001c000, ABSOLUTE, COMPRESSED[0x0000003c])

    Exec Addr    Load Addr    Size         Type   Attr      Idx    E Section Name        Object

    0x20000000   COMPRESSED   0x0000000a   Data   RW           38    .data               nrf24l01.o
    0x2000000a   COMPRESSED   0x00000002   PAD
    0x2000000c   COMPRESSED   0x00000014   Data   RW          275    .data               bmp280.o
    0x20000020   COMPRESSED   0x00000002   Data   RW          340    .data               my_iic.o
    0x20000022   COMPRESSED   0x00000002   PAD
    0x20000024   COMPRESSED   0x00000008   Data   RW          447    .data               ath20.o
    0x2000002c   COMPRESSED   0x0000000c   Data   RW          648    .data               cjson.o
    0x20000038   COMPRESSED   0x00000028   Data   RW          953    .data               esp8266.o
    0x20000060   COMPRESSED   0x00000008   Data   RW         1245    .data               onenet.o
    0x20000068   COMPRESSED   0x000000f0   Data   RW         1319    .data               main.o
    0x20000158   COMPRESSED   0x00000014   Data   RW         1883    .data               draw.o
    0x2000016c   COMPRESSED   0x0000001c   Data   RW         1976    .data               game1.o
    0x20000188   COMPRESSED   0x0000000c   Data   RW         3953    .data               stm32f4xx_hal.o
    0x20000194   COMPRESSED   0x00000004   Data   RW         4551    .data               system_stm32f4xx.o
    0x20000198   COMPRESSED   0x00000004   Data   RW         4618    .data               mc_w.l(rand.o)
    0x2000019c   COMPRESSED   0x00000004   Data   RW         4994    .data               mc_w.l(stdout.o)
    0x200001a0   COMPRESSED   0x00000004   Data   RW         5003    .data               mc_w.l(mvars.o)
    0x200001a4   COMPRESSED   0x00000004   Data   RW         5004    .data               mc_w.l(mvars.o)
    0x200001a8   COMPRESSED   0x00000004   Data   RW         5008    .data               mc_w.l(errno.o)
    0x200001ac        -       0x00000014   Zero   RW           37    .bss                nrf24l01.o
    0x200001c0        -       0x00000030   Zero   RW          274    .bss                bmp280.o
    0x200001f0        -       0x00000214   Zero   RW          952    .bss                esp8266.o
    0x20000404        -       0x0000018c   Zero   RW         1316    .bss                main.o
    0x20000590        -       0x00000168   Zero   RW         1486    .bss                tim.o
    0x200006f8        -       0x000000d8   Zero   RW         1565    .bss                usart.o
    0x200007d0        -       0x00000400   Zero   RW         1757    .bss                oled.o
    0x20000bd0        -       0x00000010   Zero   RW         1974    .bss                game1.o
    0x20000be0        -       0x00006000   Zero   RW            2    HEAP                startup_stm32f407xx.o
    0x20006be0        -       0x00004000   Zero   RW            1    STACK               startup_stm32f407xx.o


    Execution Region RW_IRAM2 (Exec base: 0x2001c000, Load base: 0x08009828, Size: 0x00000000, Max: 0x00004000, ABSOLUTE)

    **** No section assigned to this execution region ****


==============================================================================

Image component sizes


      Code (inc. data)   RO Data    RW Data    ZI Data      Debug   Object Name

      1338         50          0          8          0      14072   ath20.o
      1004        112          0         20         48       6302   bmp280.o
      1724         94          7         12          0      13342   cjson.o
       738         26          0         20          0       8784   draw.o
      1724        814          0         40        532      10211   esp8266.o
      1252         66         36         28         16       4065   game1.o
       420         26          0          0          0       1159   gpio.o
      3952        304        176        240        396      16056   main.o
      2402         34          0          0          0      19499   mqttkit.o
      1004         46          0          2          0      11152   my_iic.o
       840         44          0         10         20     703609   nrf24l01.o
      1090         52       1520          0       1024      11480   oled.o
      1752        968        123          8          0       8165   onenet.o
         0          0        485          0          0       2441   resources.o
        36          8        392          0      40960        840   startup_stm32f407xx.o
       180         28          0         12          0       9441   stm32f4xx_hal.o
       198         14          0          0          0      33823   stm32f4xx_hal_cortex.o
       182          0          0          0          0       2111   stm32f4xx_hal_dma.o
       500         46          0          0          0       3616   stm32f4xx_hal_gpio.o
        48          6          0          0          0        866   stm32f4xx_hal_msp.o
      1328         76          0          0          0       5404   stm32f4xx_hal_rcc.o
      2300        140          0          0          0      19749   stm32f4xx_hal_tim.o
       148         28          0          0          0       2585   stm32f4xx_hal_tim_ex.o
      1638         16          0          0          0      10999   stm32f4xx_hal_uart.o
        68         24          0          0          0       6083   stm32f4xx_it.o
        16          4         24          4          0       1139   system_stm32f4xx.o
       896         86          0          0        360       5890   tim.o
       484         56          0          0        216       3190   usart.o

    ----------------------------------------------------------------------
     27294       3168       2800        408      43572     936073   Object Totals
         0          0         32          0          0          0   (incl. Generated)
        32          0          5          4          0          0   (incl. Padding)

    ----------------------------------------------------------------------

      Code (inc. data)   RO Data    RW Data    ZI Data      Debug   Library Member Name

       164         44          0          0          0        620   dunder.o
        24          0          0          0          0        124   fabs.o
        48          0          0          0          0        124   fpclassify.o
       248          0          0          0          0        152   poly.o
      3152        296        136          0          0        352   pow.o
         0          0          8          0          0          0   qnan.o
       110          0          0          0          0        148   sqrt.o
        58          0          0          0          0          0   __dczerorl.o
         0          0          0          0          0          0   entry.o
         0          0          0          0          0          0   entry10a.o
         0          0          0          0          0          0   entry11a.o
         8          4          0          0          0          0   entry2.o
         4          0          0          0          0          0   entry5.o
         0          0          0          0          0          0   entry7b.o
         0          0          0          0          0          0   entry8b.o
         8          4          0          0          0          0   entry9a.o
        12          6          0          4          0         68   errno.o
        30          0          0          0          0          0   handlers.o
        36          8          0          0          0         68   init.o
         0          0          0          0          0          0   iusefp.o
        98          0          0          0          0         84   ldiv.o
        30          0          0          0          0         68   llshl.o
        36          0          0          0          0         68   llsshr.o
        32          0          0          0          0         68   llushr.o
       188         20          0          0          0        160   malloc.o
        36          0          0          0          0         68   memcpya.o
        36          0          0          0          0        108   memseta.o
         0          0          0          8          0          0   mvars.o
      2308         96          0          0          0        604   printfa.o
        36         10          0          4          0        136   rand.o
         0          0          0          4          0          0   stdout.o
        20          0          0          0          0         68   strchr.o
        14          0          0          0          0         68   strlen.o
        40          0          0          0          0         76   strncat.o
        30          0          0          0          0         80   strncmp.o
        36          0          0          0          0         80   strstr.o
        12          0          0          0          0         68   tolower.o
        44          0          0          0          0         80   uidiv.o
        98          0          0          0          0         92   uldiv.o
        48          0          0          0          0         68   cdrcmple.o
        56          0          0          0          0         88   d2f.o
       334          0          0          0          0        148   dadd.o
       222          0          0          0          0        100   ddiv.o
       186          0          0          0          0        176   depilogue.o
        62          0          0          0          0         80   dfixi.o
        50          0          0          0          0         76   dfixui.o
        48          0          0          0          0         68   dfixul.o
        34          0          0          0          0         76   dflti.o
        26          0          0          0          0         76   dfltui.o
       228          0          0          0          0         96   dmul.o
        46          0          0          0          0         80   dscalb.o
       162          0          0          0          0        100   dsqrt.o
        38          0          0          0          0         68   f2d.o
       110          0          0          0          0        168   fepilogue.o

    ----------------------------------------------------------------------
      8654        488        144         20          0       5100   Library Totals
         8          0          0          0          0          0   (incl. Padding)

    ----------------------------------------------------------------------

      Code (inc. data)   RO Data    RW Data    ZI Data      Debug   Library Name

      3746        340        144          0          0       1520   m_wm.l
      3250        148          0         20          0       2112   mc_w.l
      1650          0          0          0          0       1468   mf_w.l

    ----------------------------------------------------------------------
      8654        488        144         20          0       5100   Library Totals

    ----------------------------------------------------------------------

==============================================================================


      Code (inc. data)   RO Data    RW Data    ZI Data      Debug   

     35948       3656       2944        428      43572     915929   Grand Totals
     35948       3656       2944         60      43572     915929   ELF Image Totals (compressed)
     35948       3656       2944         60          0          0   ROM Totals

==============================================================================

    Total RO  Size (Code + RO Data)                38892 (  37.98kB)
    Total RW  Size (RW Data + ZI Data)             44000 (  42.97kB)
    Total ROM Size (Code + RO Data + RW Data)      38952 (  38.04kB)

==============================================================================

