Component: ARM Compiler 5.06 update 6 (build 750) Tool: armlink [4d35ed]

==============================================================================

Section Cross References

    startup_stm32f407xx.o(RESET) refers to startup_stm32f407xx.o(STACK) for __initial_sp
    startup_stm32f407xx.o(RESET) refers to startup_stm32f407xx.o(.text) for Reset_Handler
    startup_stm32f407xx.o(RESET) refers to stm32f4xx_it.o(i.NMI_Handler) for NMI_Handler
    startup_stm32f407xx.o(RESET) refers to stm32f4xx_it.o(i.HardFault_Handler) for HardFault_Handler
    startup_stm32f407xx.o(RESET) refers to stm32f4xx_it.o(i.MemManage_Handler) for MemManage_Handler
    startup_stm32f407xx.o(RESET) refers to stm32f4xx_it.o(i.BusFault_Handler) for BusFault_Handler
    startup_stm32f407xx.o(RESET) refers to stm32f4xx_it.o(i.UsageFault_Handler) for UsageFault_Handler
    startup_stm32f407xx.o(RESET) refers to stm32f4xx_it.o(i.SVC_Handler) for SVC_Handler
    startup_stm32f407xx.o(RESET) refers to stm32f4xx_it.o(i.DebugMon_Handler) for DebugMon_Handler
    startup_stm32f407xx.o(RESET) refers to stm32f4xx_it.o(i.PendSV_Handler) for PendSV_Handler
    startup_stm32f407xx.o(RESET) refers to stm32f4xx_it.o(i.SysTick_Handler) for SysTick_Handler
    startup_stm32f407xx.o(RESET) refers to stm32f4xx_it.o(i.TIM2_IRQHandler) for TIM2_IRQHandler
    startup_stm32f407xx.o(RESET) refers to stm32f4xx_it.o(i.USART2_IRQHandler) for USART2_IRQHandler
    startup_stm32f407xx.o(RESET) refers to stm32f4xx_it.o(i.USART3_IRQHandler) for USART3_IRQHandler
    startup_stm32f407xx.o(RESET) refers to stm32f4xx_it.o(i.UART5_IRQHandler) for UART5_IRQHandler
    startup_stm32f407xx.o(.text) refers to system_stm32f4xx.o(i.SystemInit) for SystemInit
    startup_stm32f407xx.o(.text) refers to entry.o(.ARM.Collect$$$$00000000) for __main
    nrf24l01.o(i.NRF24L01_FlushRx) refers to nrf24l01.o(i.NRF24L01_W_CSN) for NRF24L01_W_CSN
    nrf24l01.o(i.NRF24L01_FlushRx) refers to nrf24l01.o(i.NRF24L01_SPI_SwapByte) for NRF24L01_SPI_SwapByte
    nrf24l01.o(i.NRF24L01_FlushTx) refers to nrf24l01.o(i.NRF24L01_W_CSN) for NRF24L01_W_CSN
    nrf24l01.o(i.NRF24L01_FlushTx) refers to nrf24l01.o(i.NRF24L01_SPI_SwapByte) for NRF24L01_SPI_SwapByte
    nrf24l01.o(i.NRF24L01_GPIO_Init) refers to nrf24l01.o(i.NRF24L01_W_CE) for NRF24L01_W_CE
    nrf24l01.o(i.NRF24L01_GPIO_Init) refers to nrf24l01.o(i.NRF24L01_W_CSN) for NRF24L01_W_CSN
    nrf24l01.o(i.NRF24L01_GPIO_Init) refers to nrf24l01.o(i.NRF24L01_W_SCK) for NRF24L01_W_SCK
    nrf24l01.o(i.NRF24L01_GPIO_Init) refers to nrf24l01.o(i.NRF24L01_W_MOSI) for NRF24L01_W_MOSI
    nrf24l01.o(i.NRF24L01_Init) refers to nrf24l01.o(i.NRF24L01_GPIO_Init) for NRF24L01_GPIO_Init
    nrf24l01.o(i.NRF24L01_Init) refers to nrf24l01.o(i.NRF24L01_WriteReg) for NRF24L01_WriteReg
    nrf24l01.o(i.NRF24L01_Init) refers to nrf24l01.o(i.NRF24L01_WriteRegs) for NRF24L01_WriteRegs
    nrf24l01.o(i.NRF24L01_Init) refers to nrf24l01.o(i.NRF24L01_FlushTx) for NRF24L01_FlushTx
    nrf24l01.o(i.NRF24L01_Init) refers to nrf24l01.o(i.NRF24L01_FlushRx) for NRF24L01_FlushRx
    nrf24l01.o(i.NRF24L01_Init) refers to nrf24l01.o(i.NRF24L01_Rx) for NRF24L01_Rx
    nrf24l01.o(i.NRF24L01_Init) refers to nrf24l01.o(.data) for .data
    nrf24l01.o(i.NRF24L01_PowerDown) refers to nrf24l01.o(i.NRF24L01_W_CE) for NRF24L01_W_CE
    nrf24l01.o(i.NRF24L01_PowerDown) refers to nrf24l01.o(i.NRF24L01_ReadReg) for NRF24L01_ReadReg
    nrf24l01.o(i.NRF24L01_PowerDown) refers to nrf24l01.o(i.NRF24L01_WriteReg) for NRF24L01_WriteReg
    nrf24l01.o(i.NRF24L01_R_MISO) refers to stm32f4xx_hal_gpio.o(i.HAL_GPIO_ReadPin) for HAL_GPIO_ReadPin
    nrf24l01.o(i.NRF24L01_ReadReg) refers to nrf24l01.o(i.NRF24L01_W_CSN) for NRF24L01_W_CSN
    nrf24l01.o(i.NRF24L01_ReadReg) refers to nrf24l01.o(i.NRF24L01_SPI_SwapByte) for NRF24L01_SPI_SwapByte
    nrf24l01.o(i.NRF24L01_ReadRegs) refers to nrf24l01.o(i.NRF24L01_W_CSN) for NRF24L01_W_CSN
    nrf24l01.o(i.NRF24L01_ReadRegs) refers to nrf24l01.o(i.NRF24L01_SPI_SwapByte) for NRF24L01_SPI_SwapByte
    nrf24l01.o(i.NRF24L01_ReadRxPayload) refers to nrf24l01.o(i.NRF24L01_W_CSN) for NRF24L01_W_CSN
    nrf24l01.o(i.NRF24L01_ReadRxPayload) refers to nrf24l01.o(i.NRF24L01_SPI_SwapByte) for NRF24L01_SPI_SwapByte
    nrf24l01.o(i.NRF24L01_ReadStatus) refers to nrf24l01.o(i.NRF24L01_W_CSN) for NRF24L01_W_CSN
    nrf24l01.o(i.NRF24L01_ReadStatus) refers to nrf24l01.o(i.NRF24L01_SPI_SwapByte) for NRF24L01_SPI_SwapByte
    nrf24l01.o(i.NRF24L01_Receive) refers to nrf24l01.o(i.NRF24L01_ReadStatus) for NRF24L01_ReadStatus
    nrf24l01.o(i.NRF24L01_Receive) refers to nrf24l01.o(i.NRF24L01_ReadReg) for NRF24L01_ReadReg
    nrf24l01.o(i.NRF24L01_Receive) refers to nrf24l01.o(i.NRF24L01_ReadRxPayload) for NRF24L01_ReadRxPayload
    nrf24l01.o(i.NRF24L01_Receive) refers to nrf24l01.o(i.NRF24L01_WriteReg) for NRF24L01_WriteReg
    nrf24l01.o(i.NRF24L01_Receive) refers to nrf24l01.o(i.NRF24L01_FlushRx) for NRF24L01_FlushRx
[...]
    first_Flag                               0x2000003b   Data           1  esp8266.o(.data)
    RX_ZHEN                                  0x2000003c   Data           1  esp8266.o(.data)
    .data                                    0x2000004c   Section        8  onenet.o(.data)
    pkt_id                                   0x2000004e   Data           2  onenet.o(.data)
    .data                                    0x20000054   Section      236  main.o(.data)
    anjian_Count                             0x200000a8   Data           4  main.o(.data)
    .data                                    0x20000140   Section       12  stm32f4xx_hal.o(.data)
    .data                                    0x2000014c   Section        4  system_stm32f4xx.o(.data)
    .data                                    0x20000150   Section        4  stdout.o(.data)
    .data                                    0x20000154   Section        4  mvars.o(.data)
    .data                                    0x20000158   Section        4  mvars.o(.data)
    .data                                    0x2000015c   Section        4  errno.o(.data)
    _errno                                   0x2000015c   Data           4  errno.o(.data)
    .bss                                     0x20000160   Section       18  nrf24l01.o(.bss)
    .bss                                     0x20000174   Section       48  bmp280.o(.bss)
    filter_buf                               0x20000174   Data          20  bmp280.o(.bss)
    .bss                                     0x200001a4   Section      532  esp8266.o(.bss)
    .bss                                     0x200003b8   Section      374  main.o(.bss)
    .bss                                     0x20000530   Section      360  tim.o(.bss)
    .bss                                     0x20000698   Section      216  usart.o(.bss)
    HEAP                                     0x20000770   Section    12288  startup_stm32f407xx.o(HEAP)
    STACK                                    0x20003770   Section    14336  startup_stm32f407xx.o(STACK)

    Global Symbols

    Symbol Name                              Value     Ov Type        Size  Object(Section)

    BuildAttributes$$THM_ISAv4$E$P$D$K$B$S$7EM$VFPi3$EXTD16$VFPS$VFMA$PE$A:L22UL41UL21$X:L11$S22US41US21$IEEE1$IW$USESV6$~STKCKD$USESV7$~SHL$OTIME$ROPI$IEEEX$EBA8$MICROLIB$REQ8$PRES8$EABIv2 0x00000000   Number         0  anon$$obj.o ABSOLUTE
    __ARM_use_no_argv                        0x00000000   Number         0  main.o ABSOLUTE
    _printf_a                                0x00000000   Number         0  stubs.o ABSOLUTE
    _printf_c                                0x00000000   Number         0  stubs.o ABSOLUTE
    _printf_charcount                        0x00000000   Number         0  stubs.o ABSOLUTE
    _printf_d                                0x00000000   Number         0  stubs.o ABSOLUTE
    _printf_e                                0x00000000   Number         0  stubs.o ABSOLUTE
    _printf_f                                0x00000000   Number         0  stubs.o ABSOLUTE
    _printf_flags                            0x00000000   Number         0  stubs.o ABSOLUTE
    _printf_fp_dec                           0x00000000   Number         0  stubs.o ABSOLUTE
    _printf_fp_hex                           0x00000000   Number         0  stubs.o ABSOLUTE
    _printf_g                                0x00000000   Number         0  stubs.o ABSOLUTE
    _printf_i                                0x00000000   Number         0  stubs.o ABSOLUTE
    _printf_int_dec                          0x00000000   Number         0  stubs.o ABSOLUTE
    _printf_l                                0x00000000   Number         0  stubs.o ABSOLUTE
    _printf_lc                               0x00000000   Number         0  stubs.o ABSOLUTE
    _printf_ll                               0x00000000   Number         0  stubs.o ABSOLUTE
    _printf_lld                              0x00000000   Number         0  stubs.o ABSOLUTE
    _printf_lli                              0x00000000   Number         0  stubs.o ABSOLUTE
    _printf_llo                              0x00000000   Number         0  stubs.o ABSOLUTE
    _printf_llu                              0x00000000   Number         0  stubs.o ABSOLUTE
    _printf_llx                              0x00000000   Number         0  stubs.o ABSOLUTE
    _printf_longlong_dec                     0x00000000   Number         0  stubs.o ABSOLUTE
    _printf_longlong_hex                     0x00000000   Number         0  stubs.o ABSOLUTE
    _printf_longlong_oct                     0x00000000   Number         0  stubs.o ABSOLUTE
    _printf_ls                               0x00000000   Number         0  stubs.o ABSOLUTE
    _printf_mbtowc                           0x00000000   Number         0  stubs.o ABSOLUTE
    _printf_n                                0x00000000   Number         0  stubs.o ABSOLUTE
    _printf_o                                0x00000000   Number         0  stubs.o ABSOLUTE
    _printf_p                                0x00000000   Number         0  stubs.o ABSOLUTE
    _printf_percent                          0x00000000   Number         0  stubs.o ABSOLUTE
    _printf_pre_padding                      0x00000000   Number         0  stubs.o ABSOLUTE
    _printf_return_value                     0x00000000   Number         0  stubs.o ABSOLUTE
    _printf_s                                0x00000000   Number         0  stubs.o ABSOLUTE
    _printf_sizespec                         0x00000000   Number         0  stubs.o ABSOLUTE
    _printf_str                              0x00000000   Number         0  stubs.o ABSOLUTE
    _printf_truncate_signed                  0x00000000   Number         0  stubs.o ABSOLUTE
    _printf_truncate_unsigned                0x00000000   Number         0  stubs.o ABSOLUTE
    _printf_u                                0x00000000   Number         0  stubs.o ABSOLUTE
    _printf_wc                               0x00000000   Number         0  stubs.o ABSOLUTE
    _printf_wctomb                           0x00000000   Number         0  stubs.o ABSOLUTE
    _printf_widthprec                        0x00000000   Number         0  stubs.o ABSOLUTE
    _printf_x                                0x00000000   Number         0  stubs.o ABSOLUTE
    __cpp_initialize__aeabi_                  - Undefined Weak Reference
    __cxa_finalize                            - Undefined Weak Reference
    _clock_init                               - Undefined Weak Reference
    _microlib_exit                            - Undefined Weak Reference
    __Vectors_Size                           0x00000188   Number         0  startup_stm32f407xx.o ABSOLUTE
    __Vectors                                0x08000000   Data           4  startup_stm32f407xx.o(RESET)
    __Vectors_End                            0x08000188   Data           0  startup_stm32f407xx.o(RESET)
    __main                                   0x08000189   Thumb Code     0  entry.o(.ARM.Collect$$$$00000000)
    _main_stk                                0x08000189   Thumb Code     0  entry2.o(.ARM.Collect$$$$00000001)
    _main_scatterload                        0x0800018d   Thumb Code     0  entry5.o(.ARM.Collect$$$$00000004)
    __main_after_scatterload                 0x08000191   Thumb Code     0  entry5.o(.ARM.Collect$$$$00000004)
    _main_clock                              0x08000191   Thumb Code     0  entry7b.o(.ARM.Collect$$$$00000008)
    _main_cpp_init                           0x08000191   Thumb Code     0  entry8b.o(.ARM.Collect$$$$0000000A)
    _main_init                               0x08000191   Thumb Code     0  entry9a.o(.ARM.Collect$$$$0000000B)
    __rt_final_cpp                           0x08000199   Thumb Code     0  entry10a.o(.ARM.Collect$$$$0000000D)
    __rt_final_exit                          0x08000199   Thumb Code     0  entry11a.o(.ARM.Collect$$$$0000000F)
    Reset_Handler                            0x0800019d   Thumb Code     8  startup_stm32f407xx.o(.text)
    ADC_IRQHandler                           0x080001b7   Thumb Code     0  startup_stm32f407xx.o(.text)
    CAN1_RX0_IRQHandler                      0x080001b7   Thumb Code     0  startup_stm32f407xx.o(.text)
    CAN1_RX1_IRQHandler                      0x080001b7   Thumb Code     0  startup_stm32f407xx.o(.text)
    CAN1_SCE_IRQHandler                      0x080001b7   Thumb Code     0  startup_stm32f407xx.o(.text)
    CAN1_TX_IRQHandler                       0x080001b7   Thumb Code     0  startup_stm32f407xx.o(.text)
    CAN2_RX0_IRQHandler                      0x080001b7   Thumb Code     0  startup_stm32f407xx.o(.text)
    CAN2_RX1_IRQHandler                      0x080001b7   Thumb Code     0  startup_stm32f407xx.o(.text)
    CAN2_SCE_IRQHandler                      0x080001b7   Thumb Code     0  startup_stm32f407xx.o(.text)
    CAN2_TX_IRQHandler                       0x080001b7   Thumb Code     0  startup_stm32f407xx.o(.text)
    DCMI_IRQHandler                          0x080001b7   Thumb Code     0  startup_stm32f407xx.o(.text)
    DMA1_Stream0_IRQHandler                  0x080001b7   Thumb Code     0  startup_stm32f407xx.o(.text)
    DMA1_Stream1_IRQHandler                  0x080001b7   Thumb Code     0  startup_stm32f407xx.o(.text)
    DMA1_Stream2_IRQHandler                  0x080001b7   Thumb Code     0  startup_stm32f407xx.o(.text)
    DMA1_Stream3_IRQHandler                  0x080001b7   Thumb Code     0  startup_stm32f407xx.o(.text)
    DMA1_Stream4_IRQHandler                  0x080001b7   Thumb Code     0  startup_stm32f407xx.o(.text)
    DMA1_Stream5_IRQHandler                  0x080001b7   Thumb Code     0  startup_stm32f407xx.o(.text)
    DMA1_Stream6_IRQHandler                  0x080001b7   Thumb Code     0  startup_stm32f407xx.o(.text)
    DMA1_Stream7_IRQHandler                  0x080001b7   Thumb Code     0  startup_stm32f407xx.o(.text)
    DMA2_Stream0_IRQHandler                  0x080001b7   Thumb Code     0  startup_stm32f407xx.o(.text)
    DMA2_Stream1_IRQHandler                  0x080001b7   Thumb Code     0  startup_stm32f407xx.o(.text)
    DMA2_Stream2_IRQHandler                  0x080001b7   Thumb Code     0  startup_stm32f407xx.o(.text)
    DMA2_Stream3_IRQHandler                  0x080001b7   Thumb Code     0  startup_stm32f407xx.o(.text)
    DMA2_Stream4_IRQHandler                  0x080001b7   Thumb Code     0  startup_stm32f407xx.o(.text)
    DMA2_Stream5_IRQHandler                  0x080001b7   Thumb Code     0  startup_stm32f407xx.o(.text)
    DMA2_Stream6_IRQHandler                  0x080001b7   Thumb Code     0  startup_stm32f407xx.o(.text)
    DMA2_Stream7_IRQHandler                  0x080001b7   Thumb Code     0  startup_stm32f407xx.o(.text)
    ETH_IRQHandler                           0x080001b7   Thumb Code     0  startup_stm32f407xx.o(.text)
    ETH_WKUP_IRQHandler                      0x080001b7   Thumb Code     0  startup_stm32f407xx.o(.text)
    EXTI0_IRQHandler                         0x080001b7   Thumb Code     0  startup_stm32f407xx.o(.text)
    EXTI15_10_IRQHandler                     0x080001b7   Thumb Code     0  startup_stm32f407xx.o(.text)
    EXTI1_IRQHandler                         0x080001b7   Thumb Code     0  startup_stm32f407xx.o(.text)
    EXTI2_IRQHandler                         0x080001b7   Thumb Code     0  startup_stm32f407xx.o(.text)
    EXTI3_IRQHandler                         0x080001b7   Thumb Code     0  startup_stm32f407xx.o(.text)
    EXTI4_IRQHandler                         0x080001b7   Thumb Code     0  startup_stm32f407xx.o(.text)
    EXTI9_5_IRQHandler                       0x080001b7   Thumb Code     0  startup_stm32f407xx.o(.text)
    FLASH_IRQHandler                         0x080001b7   Thumb Code     0  startup_stm32f407xx.o(.text)
    FMC_IRQHandler                           0x080001b7   Thumb Code     0  startup_stm32f407xx.o(.text)
    FPU_IRQHandler                           0x080001b7   Thumb Code     0  startup_stm32f407xx.o(.text)
    HASH_RNG_IRQHandler                      0x080001b7   Thumb Code     0  startup_stm32f407xx.o(.text)
    I2C1_ER_IRQHandler                       0x080001b7   Thumb Code     0  startup_stm32f407xx.o(.text)
    I2C1_EV_IRQHandler                       0x080001b7   Thumb Code     0  startup_stm32f407xx.o(.text)
    I2C2_ER_IRQHandler                       0x080001b7   Thumb Code     0  startup_stm32f407xx.o(.text)
    I2C2_EV_IRQHandler                       0x080001b7   Thumb Code     0  startup_stm32f407xx.o(.text)
    I2C3_ER_IRQHandler                       0x080001b7   Thumb Code     0  startup_stm32f407xx.o(.text)
    I2C3_EV_IRQHandler                       0x080001b7   Thumb Code     0  startup_stm32f407xx.o(.text)
    OTG_FS_IRQHandler                        0x080001b7   Thumb Code     0  startup_stm32f407xx.o(.text)
    OTG_FS_WKUP_IRQHandler                   0x080001b7   Thumb Code     0  startup_stm32f407xx.o(.text)
    OTG_HS_EP1_IN_IRQHandler                 0x080001b7   Thumb Code     0  startup_stm32f407xx.o(.text)
    OTG_HS_EP1_OUT_IRQHandler                0x080001b7   Thumb Code     0  startup_stm32f407xx.o(.text)
    OTG_HS_IRQHandler                        0x080001b7   Thumb Code     0  startup_stm32f407xx.o(.text)
    OTG_HS_WKUP_IRQHandler                   0x080001b7   Thumb Code     0  startup_stm32f407xx.o(.text)
    PVD_IRQHandler                           0x080001b7   Thumb Code     0  startup_stm32f407xx.o(.text)
    RCC_IRQHandler                           0x080001b7   Thumb Code     0  startup_stm32f407xx.o(.text)
    RTC_Alarm_IRQHandler                     0x080001b7   Thumb Code     0  startup_stm32f407xx.o(.text)
    RTC_WKUP_IRQHandler                      0x080001b7   Thumb Code     0  startup_stm32f407xx.o(.text)
    SDIO_IRQHandler                          0x080001b7   Thumb Code     0  startup_stm32f407xx.o(.text)
    SPI1_IRQHandler                          0x080001b7   Thumb Code     0  startup_stm32f407xx.o(.text)
    SPI2_IRQHandler                          0x080001b7   Thumb Code     0  startup_stm32f407xx.o(.text)
    SPI3_IRQHandler                          0x080001b7   Thumb Code     0  startup_stm32f407xx.o(.text)
    TAMP_STAMP_IRQHandler                    0x080001b7   Thumb Code     0  startup_stm32f407xx.o(.text)
    TIM1_BRK_TIM9_IRQHandler                 0x080001b7   Thumb Code     0  startup_stm32f407xx.o(.text)
    TIM1_CC_IRQHandler                       0x080001b7   Thumb Code     0  startup_stm32f407xx.o(.text)
    TIM1_TRG_COM_TIM11_IRQHandler            0x080001b7   Thumb Code     0  startup_stm32f407xx.o(.text)
    TIM1_UP_TIM10_IRQHandler                 0x080001b7   Thumb Code     0  startup_stm32f407xx.o(.text)
    TIM3_IRQHandler                          0x080001b7   Thumb Code     0  startup_stm32f407xx.o(.text)
    TIM4_IRQHandler                          0x080001b7   Thumb Code     0  startup_stm32f407xx.o(.text)
    TIM5_IRQHandler                          0x080001b7   Thumb Code     0  startup_stm32f407xx.o(.text)
    TIM6_DAC_IRQHandler                      0x080001b7   Thumb Code     0  startup_stm32f407xx.o(.text)
    TIM7_IRQHandler                          0x080001b7   Thumb Code     0  startup_stm32f407xx.o(.text)
    TIM8_BRK_TIM12_IRQHandler                0x080001b7   Thumb Code     0  startup_stm32f407xx.o(.text)
    TIM8_CC_IRQHandler                       0x080001b7   Thumb Code     0  startup_stm32f407xx.o(.text)
    TIM8_TRG_COM_TIM14_IRQHandler            0x080001b7   Thumb Code     0  startup_stm32f407xx.o(.text)
    TIM8_UP_TIM13_IRQHandler                 0x080001b7   Thumb Code     0  startup_stm32f407xx.o(.text)
    UART4_IRQHandler                         0x080001b7   Thumb Code     0  startup_stm32f407xx.o(.text)
    USART1_IRQHandler                        0x080001b7   Thumb Code     0  startup_stm32f407xx.o(.text)
    USART6_IRQHandler                        0x080001b7   Thumb Code     0  startup_stm32f407xx.o(.text)
    WWDG_IRQHandler                          0x080001b7   Thumb Code     0  startup_stm32f407xx.o(.text)
    __aeabi_uldivmod                         0x080001c1   Thumb Code    98  uldiv.o(.text)
    __aeabi_ldivmod                          0x08000223   Thumb Code    98  ldiv.o(.text)
    tolower                                  0x08000285   Thumb Code    12  tolower.o(.text)
    __aeabi_memcpy                           0x08000291   Thumb Code    36  memcpya.o(.text)
    __aeabi_memcpy4                          0x08000291   Thumb Code     0  memcpya.o(.text)
    __aeabi_memcpy8                          0x08000291   Thumb Code     0  memcpya.o(.text)
    __aeabi_memset                           0x080002b5   Thumb Code    14  memseta.o(.text)
    __aeabi_memset4                          0x080002b5   Thumb Code     0  memseta.o(.text)
    __aeabi_memset8                          0x080002b5   Thumb Code     0  memseta.o(.text)
    __aeabi_memclr                           0x080002c3   Thumb Code     4  memseta.o(.text)
    __aeabi_memclr4                          0x080002c3   Thumb Code     0  memseta.o(.text)
    __aeabi_memclr8                          0x080002c3   Thumb Code     0  memseta.o(.text)
    _memset$wrapper                          0x080002c7   Thumb Code    18  memseta.o(.text)
    strstr                                   0x080002d9   Thumb Code    36  strstr.o(.text)
    strchr                                   0x080002fd   Thumb Code    20  strchr.o(.text)
    strlen                                   0x08000311   Thumb Code    14  strlen.o(.text)
    strncat                                  0x0800031f   Thumb Code    40  strncat.o(.text)
    strncmp                                  0x08000347   Thumb Code    30  strncmp.o(.text)
    __aeabi_dadd                             0x08000365   Thumb Code   322  dadd.o(.text)
    __aeabi_dsub                             0x080004a7   Thumb Code     6  dadd.o(.text)
    __aeabi_drsub                            0x080004ad   Thumb Code     6  dadd.o(.text)
    __aeabi_dmul                             0x080004b3   Thumb Code   228  dmul.o(.text)
    __aeabi_ddiv                             0x08000597   Thumb Code   222  ddiv.o(.text)
    __aeabi_i2d                              0x08000675   Thumb Code    34  dflti.o(.text)
    __aeabi_ui2d                             0x08000697   Thumb Code    26  dfltui.o(.text)
    __aeabi_d2iz                             0x080006b1   Thumb Code    62  dfixi.o(.text)
    __aeabi_d2uiz                            0x080006ef   Thumb Code    50  dfixui.o(.text)
    __aeabi_f2d                              0x08000721   Thumb Code    38  f2d.o(.text)
    __aeabi_cdrcmple                         0x08000749   Thumb Code    48  cdrcmple.o(.text)
    __aeabi_d2f                              0x08000779   Thumb Code    56  d2f.o(.text)
    __aeabi_uidiv                            0x080007b1   Thumb Code     0  uidiv.o(.text)
    __aeabi_uidivmod                         0x080007b1   Thumb Code    44  uidiv.o(.text)
    __aeabi_llsl                             0x080007dd   Thumb Code    30  llshl.o(.text)
    _ll_shift_l                              0x080007dd   Thumb Code     0  llshl.o(.text)
    __aeabi_llsr                             0x080007fb   Thumb Code    32  llushr.o(.text)
    _ll_ushift_r                             0x080007fb   Thumb Code     0  llushr.o(.text)
    __aeabi_lasr                             0x0800081b   Thumb Code    36  llsshr.o(.text)
    _ll_sshift_r                             0x0800081b   Thumb Code     0  llsshr.o(.text)
    __I$use$fp                               0x0800083f   Thumb Code     0  iusefp.o(.text)
    _float_round                             0x0800083f   Thumb Code    18  fepilogue.o(.text)
    _float_epilogue                          0x08000851   Thumb Code    92  fepilogue.o(.text)
    _double_round                            0x080008ad   Thumb Code    30  depilogue.o(.text)
    _double_epilogue                         0x080008cb   Thumb Code   156  depilogue.o(.text)
    __ARM_scalbn                             0x08000967   Thumb Code    46  dscalb.o(.text)
    scalbn                                   0x08000967   Thumb Code     0  dscalb.o(.text)
    __aeabi_d2ulz                            0x08000995   Thumb Code    48  dfixul.o(.text)
    __scatterload                            0x080009c5   Thumb Code    28  init.o(.text)
    __scatterload_rt2                        0x080009c5   Thumb Code     0  init.o(.text)
    _dsqrt                                   0x080009e9   Thumb Code   162  dsqrt.o(.text)
    __decompress                             0x08000a8b   Thumb Code     0  __dczerorl.o(.text)
    __decompress0                            0x08000a8b   Thumb Code    58  __dczerorl.o(.text)
    BMP280GetData                            0x08000c29   Thumb Code   300  bmp280.o(i.BMP280GetData)
    BMP280_Init                              0x08000d99   Thumb Code    70  bmp280.o(i.BMP280_Init)
    BusFault_Handler                         0x08000de5   Thumb Code     2  stm32f4xx_it.o(i.BusFault_Handler)
    DebugMon_Handler                         0x08000de7   Thumb Code     2  stm32f4xx_it.o(i.DebugMon_Handler)
    Delay_1us                                0x08000de9   Thumb Code    24  ath20.o(i.Delay_1us)
    Delay_3us                                0x08000e01   Thumb Code    30  ath20.o(i.Delay_3us)
    Delay_N10us                              0x08000e1f   Thumb Code    16  ath20.o(i.Delay_N10us)
    ESP8266_Clear                            0x08000e31   Thumb Code    20  esp8266.o(i.ESP8266_Clear)
    ESP8266_ConnectOneNet                    0x08000e4d   Thumb Code    70  esp8266.o(i.ESP8266_ConnectOneNet)
    ESP8266_ConnectWiFi                      0x08000f85   Thumb Code    78  esp8266.o(i.ESP8266_ConnectWiFi)
    ESP8266_GetIPD                           0x080010a1   Thumb Code    52  esp8266.o(i.ESP8266_GetIPD)
    ESP8266_Init                             0x080010e1   Thumb Code   124  esp8266.o(i.ESP8266_Init)
    ESP8266_SendCmd                          0x080011e5   Thumb Code    66  esp8266.o(i.ESP8266_SendCmd)
    ESP8266_SendData                         0x08001231   Thumb Code    50  esp8266.o(i.ESP8266_SendData)
    ESP8266_WaitRecive                       0x0800127d   Thumb Code    26  esp8266.o(i.ESP8266_WaitRecive)
    Error_Handler                            0x0800129d   Thumb Code     4  main.o(i.Error_Handler)
    HAL_DMA_Abort                            0x080012a1   Thumb Code   146  stm32f4xx_hal_dma.o(i.HAL_DMA_Abort)
    HAL_DMA_Abort_IT                         0x08001333   Thumb Code    36  stm32f4xx_hal_dma.o(i.HAL_DMA_Abort_IT)
    HAL_Delay                                0x08001359   Thumb Code    32  stm32f4xx_hal.o(i.HAL_Delay)
    HAL_GPIO_Init                            0x0800137d   Thumb Code   418  stm32f4xx_hal_gpio.o(i.HAL_GPIO_Init)
    HAL_GPIO_ReadPin                         0x0800154d   Thumb Code    10  stm32f4xx_hal_gpio.o(i.HAL_GPIO_ReadPin)
    HAL_GPIO_TogglePin                       0x08001557   Thumb Code    16  stm32f4xx_hal_gpio.o(i.HAL_GPIO_TogglePin)
    HAL_GPIO_WritePin                        0x08001567   Thumb Code    10  stm32f4xx_hal_gpio.o(i.HAL_GPIO_WritePin)
    HAL_GetTick                              0x08001571   Thumb Code     6  stm32f4xx_hal.o(i.HAL_GetTick)
    HAL_IncTick                              0x0800157d   Thumb Code    12  stm32f4xx_hal.o(i.HAL_IncTick)
    HAL_Init                                 0x0800158d   Thumb Code    48  stm32f4xx_hal.o(i.HAL_Init)
    HAL_InitTick                             0x080015c1   Thumb Code    54  stm32f4xx_hal.o(i.HAL_InitTick)
    HAL_MspInit                              0x08001601   Thumb Code    42  stm32f4xx_hal_msp.o(i.HAL_MspInit)
    HAL_NVIC_EnableIRQ                       0x08001631   Thumb Code    26  stm32f4xx_hal_cortex.o(i.HAL_NVIC_EnableIRQ)
    HAL_NVIC_SetPriority                     0x0800164d   Thumb Code    60  stm32f4xx_hal_cortex.o(i.HAL_NVIC_SetPriority)
    HAL_NVIC_SetPriorityGrouping             0x0800168d   Thumb Code    26  stm32f4xx_hal_cortex.o(i.HAL_NVIC_SetPriorityGrouping)
    HAL_RCC_ClockConfig                      0x080016b1   Thumb Code   288  stm32f4xx_hal_rcc.o(i.HAL_RCC_ClockConfig)
    HAL_RCC_GetPCLK1Freq                     0x080017e5   Thumb Code    20  stm32f4xx_hal_rcc.o(i.HAL_RCC_GetPCLK1Freq)
    HAL_RCC_GetPCLK2Freq                     0x08001805   Thumb Code    20  stm32f4xx_hal_rcc.o(i.HAL_RCC_GetPCLK2Freq)
    HAL_RCC_GetSysClockFreq                  0x08001825   Thumb Code    88  stm32f4xx_hal_rcc.o(i.HAL_RCC_GetSysClockFreq)
    HAL_RCC_OscConfig                        0x08001889   Thumb Code   836  stm32f4xx_hal_rcc.o(i.HAL_RCC_OscConfig)
    HAL_SYSTICK_Config                       0x08001be1   Thumb Code    40  stm32f4xx_hal_cortex.o(i.HAL_SYSTICK_Config)
    HAL_TIMEx_BreakCallback                  0x08001c09   Thumb Code     2  stm32f4xx_hal_tim_ex.o(i.HAL_TIMEx_BreakCallback)
    HAL_TIMEx_CommutCallback                 0x08001c0b   Thumb Code     2  stm32f4xx_hal_tim_ex.o(i.HAL_TIMEx_CommutCallback)
    HAL_TIMEx_MasterConfigSynchronization    0x08001c0d   Thumb Code   116  stm32f4xx_hal_tim_ex.o(i.HAL_TIMEx_MasterConfigSynchronization)
    HAL_TIM_Base_Init                        0x08001c9d   Thumb Code    90  stm32f4xx_hal_tim.o(i.HAL_TIM_Base_Init)
    HAL_TIM_Base_MspInit                     0x08001cf9   Thumb Code    94  tim.o(i.HAL_TIM_Base_MspInit)
    HAL_TIM_Base_Start_IT                    0x08001d65   Thumb Code   100  stm32f4xx_hal_tim.o(i.HAL_TIM_Base_Start_IT)
    HAL_TIM_ConfigClockSource                0x08001de5   Thumb Code   220  stm32f4xx_hal_tim.o(i.HAL_TIM_ConfigClockSource)
    HAL_TIM_Encoder_Init                     0x08001ec1   Thumb Code   164  stm32f4xx_hal_tim.o(i.HAL_TIM_Encoder_Init)
    HAL_TIM_Encoder_MspInit                  0x08001f65   Thumb Code   138  tim.o(i.HAL_TIM_Encoder_MspInit)
    HAL_TIM_Encoder_Start                    0x08002005   Thumb Code   146  stm32f4xx_hal_tim.o(i.HAL_TIM_Encoder_Start)
    HAL_TIM_IC_CaptureCallback               0x08002097   Thumb Code     2  stm32f4xx_hal_tim.o(i.HAL_TIM_IC_CaptureCallback)
    HAL_TIM_IRQHandler                       0x08002099   Thumb Code   304  stm32f4xx_hal_tim.o(i.HAL_TIM_IRQHandler)
    HAL_TIM_MspPostInit                      0x080021c9   Thumb Code    68  tim.o(i.HAL_TIM_MspPostInit)
    HAL_TIM_OC_DelayElapsedCallback          0x08002219   Thumb Code     2  stm32f4xx_hal_tim.o(i.HAL_TIM_OC_DelayElapsedCallback)
    HAL_TIM_PWM_ConfigChannel                0x0800221b   Thumb Code   204  stm32f4xx_hal_tim.o(i.HAL_TIM_PWM_ConfigChannel)
    HAL_TIM_PWM_Init                         0x080022e7   Thumb Code    90  stm32f4xx_hal_tim.o(i.HAL_TIM_PWM_Init)
    HAL_TIM_PWM_MspInit                      0x08002341   Thumb Code     2  stm32f4xx_hal_tim.o(i.HAL_TIM_PWM_MspInit)
    HAL_TIM_PWM_PulseFinishedCallback        0x08002343   Thumb Code     2  stm32f4xx_hal_tim.o(i.HAL_TIM_PWM_PulseFinishedCallback)
    HAL_TIM_PWM_Start                        0x08002345   Thumb Code   178  stm32f4xx_hal_tim.o(i.HAL_TIM_PWM_Start)
    HAL_TIM_PeriodElapsedCallback            0x08002415   Thumb Code   582  main.o(i.HAL_TIM_PeriodElapsedCallback)
    HAL_TIM_TriggerCallback                  0x08002685   Thumb Code     2  stm32f4xx_hal_tim.o(i.HAL_TIM_TriggerCallback)
    HAL_UARTEx_RxEventCallback               0x08002687   Thumb Code     2  stm32f4xx_hal_uart.o(i.HAL_UARTEx_RxEventCallback)
    HAL_UART_ErrorCallback                   0x08002689   Thumb Code    52  esp8266.o(i.HAL_UART_ErrorCallback)
    HAL_UART_IRQHandler                      0x080026d1   Thumb Code   618  stm32f4xx_hal_uart.o(i.HAL_UART_IRQHandler)
    HAL_UART_Init                            0x08002941   Thumb Code   100  stm32f4xx_hal_uart.o(i.HAL_UART_Init)
    HAL_UART_MspInit                         0x080029a5   Thumb Code   284  usart.o(i.HAL_UART_MspInit)
    HAL_UART_Receive_IT                      0x08002ae1   Thumb Code    28  stm32f4xx_hal_uart.o(i.HAL_UART_Receive_IT)
    HAL_UART_RxCpltCallback                  0x08002afd   Thumb Code   156  esp8266.o(i.HAL_UART_RxCpltCallback)
    HAL_UART_Transmit                        0x08002bbd   Thumb Code   160  stm32f4xx_hal_uart.o(i.HAL_UART_Transmit)
    HAL_UART_TxCpltCallback                  0x08002c5d   Thumb Code     2  stm32f4xx_hal_uart.o(i.HAL_UART_TxCpltCallback)
    HardFault_Handler                        0x08002c5f   Thumb Code     2  stm32f4xx_it.o(i.HardFault_Handler)
    I2C_Bus_Init                             0x08002c61   Thumb Code    38  my_iic.o(i.I2C_Bus_Init)
    I2C_Start                                0x08002c91   Thumb Code    46  ath20.o(i.I2C_Start)
    Init_I2C_Sensor_Port                     0x08002cbf   Thumb Code    14  ath20.o(i.Init_I2C_Sensor_Port)
    JH_Init                                  0x08002ccd   Thumb Code   170  ath20.o(i.JH_Init)
    JH_Read_CTdata                           0x08002d7d   Thumb Code   212  ath20.o(i.JH_Read_CTdata)
    JH_Read_Cal_Enable                       0x08002e51   Thumb Code    22  ath20.o(i.JH_Read_Cal_Enable)
    JH_Read_Status                           0x08002e67   Thumb Code    34  ath20.o(i.JH_Read_Status)
    JH_SendAC                                0x08002e89   Thumb Code    54  ath20.o(i.JH_SendAC)
    JH_Send_BA                               0x08002ebf   Thumb Code    34  ath20.o(i.JH_Send_BA)
    JsonValue                                0x08002ee1   Thumb Code    56  main.o(i.JsonValue)
    MQTT_DeleteBuffer                        0x08002f25   Thumb Code    28  mqttkit.o(i.MQTT_DeleteBuffer)
    MQTT_DumpLength                          0x08002f41   Thumb Code    34  mqttkit.o(i.MQTT_DumpLength)
    MQTT_NewBuffer                           0x08002f63   Thumb Code    82  mqttkit.o(i.MQTT_NewBuffer)
    MQTT_PacketCmdResp                       0x08002fb5   Thumb Code   114  mqttkit.o(i.MQTT_PacketCmdResp)
    MQTT_PacketConnect                       0x08003031   Thumb Code   606  mqttkit.o(i.MQTT_PacketConnect)
    MQTT_PacketPublish                       0x08003295   Thumb Code   344  mqttkit.o(i.MQTT_PacketPublish)
    MQTT_PacketPublishComp                   0x080033ed   Thumb Code    70  mqttkit.o(i.MQTT_PacketPublishComp)
    MQTT_PacketPublishRel                    0x08003433   Thumb Code    70  mqttkit.o(i.MQTT_PacketPublishRel)
    MQTT_PacketSubscribe                     0x08003479   Thumb Code   222  mqttkit.o(i.MQTT_PacketSubscribe)
    MQTT_ReadLength                          0x08003557   Thumb Code    62  mqttkit.o(i.MQTT_ReadLength)
    MQTT_UnPacketCmd                         0x08003595   Thumb Code   130  mqttkit.o(i.MQTT_UnPacketCmd)
    MQTT_UnPacketConnectAck                  0x08003617   Thumb Code    26  mqttkit.o(i.MQTT_UnPacketConnectAck)
    MQTT_UnPacketPublish                     0x08003631   Thumb Code   328  mqttkit.o(i.MQTT_UnPacketPublish)
    MQTT_UnPacketPublishAck                  0x08003781   Thumb Code    24  mqttkit.o(i.MQTT_UnPacketPublishAck)
    MQTT_UnPacketPublishComp                 0x08003799   Thumb Code    24  mqttkit.o(i.MQTT_UnPacketPublishComp)
    MQTT_UnPacketPublishRec                  0x080037b1   Thumb Code    24  mqttkit.o(i.MQTT_UnPacketPublishRec)
    MQTT_UnPacketPublishRel                  0x080037c9   Thumb Code    30  mqttkit.o(i.MQTT_UnPacketPublishRel)
    MQTT_UnPacketRecv                        0x080037e9   Thumb Code    86  mqttkit.o(i.MQTT_UnPacketRecv)
    MQTT_UnPacketSubscribe                   0x08003849   Thumb Code    44  mqttkit.o(i.MQTT_UnPacketSubscribe)
    MQTT_UnPacketUnSubscribe                 0x08003875   Thumb Code    20  mqttkit.o(i.MQTT_UnPacketUnSubscribe)
    MX_GPIO_Init                             0x08003889   Thumb Code   390  gpio.o(i.MX_GPIO_Init)
    MX_TIM2_Init                             0x08003a29   Thumb Code    96  tim.o(i.MX_TIM2_Init)
    MX_TIM3_Init                             0x08003a8d   Thumb Code   160  tim.o(i.MX_TIM3_Init)
    MX_TIM4_Init                             0x08003b35   Thumb Code    98  tim.o(i.MX_TIM4_Init)
    MX_TIM5_Init                             0x08003ba1   Thumb Code    96  tim.o(i.MX_TIM5_Init)
    MX_TIM6_Init                             0x08003c09   Thumb Code    60  tim.o(i.MX_TIM6_Init)
    MX_UART5_Init                            0x08003c4d   Thumb Code    48  usart.o(i.MX_UART5_Init)
    MX_USART2_UART_Init                      0x08003c85   Thumb Code    48  usart.o(i.MX_USART2_UART_Init)
    MX_USART3_UART_Init                      0x08003cbd   Thumb Code    48  usart.o(i.MX_USART3_UART_Init)
    MY_Run                                   0x08003cf5   Thumb Code   344  main.o(i.MY_Run)
    MY_SCAN                                  0x08003e59   Thumb Code   130  main.o(i.MY_SCAN)
    MemManage_Handler                        0x08003ee9   Thumb Code     2  stm32f4xx_it.o(i.MemManage_Handler)
    NMI_Handler                              0x08003eeb   Thumb Code     2  stm32f4xx_it.o(i.NMI_Handler)
    NRF24L01_FlushRx                         0x08003eed   Thumb Code    24  nrf24l01.o(i.NRF24L01_FlushRx)
    NRF24L01_FlushTx                         0x08003f05   Thumb Code    24  nrf24l01.o(i.NRF24L01_FlushTx)
    NRF24L01_GPIO_Init                       0x08003f1d   Thumb Code    30  nrf24l01.o(i.NRF24L01_GPIO_Init)
    NRF24L01_Init                            0x08003f3d   Thumb Code   104  nrf24l01.o(i.NRF24L01_Init)
    NRF24L01_R_MISO                          0x08003fa9   Thumb Code     8  nrf24l01.o(i.NRF24L01_R_MISO)
    NRF24L01_ReadReg                         0x08003fb5   Thumb Code    34  nrf24l01.o(i.NRF24L01_ReadReg)
    NRF24L01_ReadRxPayload                   0x08003fd7   Thumb Code    48  nrf24l01.o(i.NRF24L01_ReadRxPayload)
    NRF24L01_ReadStatus                      0x08004007   Thumb Code    26  nrf24l01.o(i.NRF24L01_ReadStatus)
    NRF24L01_Receive                         0x08004021   Thumb Code    72  nrf24l01.o(i.NRF24L01_Receive)
    NRF24L01_Rx                              0x0800406d   Thumb Code    40  nrf24l01.o(i.NRF24L01_Rx)
    NRF24L01_SPI_SwapByte                    0x08004095   Thumb Code    58  nrf24l01.o(i.NRF24L01_SPI_SwapByte)
    NRF24L01_Send                            0x080040d1   Thumb Code   112  nrf24l01.o(i.NRF24L01_Send)
    NRF24L01_Tx                              0x08004149   Thumb Code    44  nrf24l01.o(i.NRF24L01_Tx)
    NRF24L01_W_CE                            0x08004175   Thumb Code    10  nrf24l01.o(i.NRF24L01_W_CE)
    NRF24L01_W_CSN                           0x08004185   Thumb Code    10  nrf24l01.o(i.NRF24L01_W_CSN)
    NRF24L01_W_MOSI                          0x08004195   Thumb Code    10  nrf24l01.o(i.NRF24L01_W_MOSI)
    NRF24L01_W_SCK                           0x080041a5   Thumb Code    10  nrf24l01.o(i.NRF24L01_W_SCK)
    NRF24L01_WriteReg                        0x080041b5   Thumb Code    36  nrf24l01.o(i.NRF24L01_WriteReg)
    NRF24L01_WriteRegs                       0x080041d9   Thumb Code    50  nrf24l01.o(i.NRF24L01_WriteRegs)
    NRF24L01_WriteTxPayload                  0x0800420b   Thumb Code    46  nrf24l01.o(i.NRF24L01_WriteTxPayload)
    OneNet_DevLink                           0x08004239   Thumb Code   196  onenet.o(i.OneNet_DevLink)
    OneNet_Publish                           0x080044e9   Thumb Code    82  onenet.o(i.OneNet_Publish)
    OneNet_RevPro                            0x0800455d   Thumb Code   458  onenet.o(i.OneNet_RevPro)
    OneNet_Subscribe                         0x080048d1   Thumb Code    78  onenet.o(i.OneNet_Subscribe)
    PID_Init                                 0x08004939   Thumb Code    14  main.o(i.PID_Init)
    PID_Yunxing                              0x08004949   Thumb Code   144  main.o(i.PID_Yunxing)
    PID_Yunxing_Weizhi                       0x080049dd   Thumb Code   134  main.o(i.PID_Yunxing_Weizhi)
    PendSV_Handler                           0x08004a63   Thumb Code     2  stm32f4xx_it.o(i.PendSV_Handler)
    RX_Re_Data                               0x08004a65   Thumb Code    20  esp8266.o(i.RX_Re_Data)
    Receive_ACK                              0x08004a7d   Thumb Code    76  ath20.o(i.Receive_ACK)
    SCL_Pin_Output_High                      0x08004acd   Thumb Code    10  ath20.o(i.SCL_Pin_Output_High)
    SCL_Pin_Output_Low                       0x08004add   Thumb Code    12  ath20.o(i.SCL_Pin_Output_Low)
    SDA_Pin_IN_FLOATING                      0x08004aed   Thumb Code    58  ath20.o(i.SDA_Pin_IN_FLOATING)
    SDA_Pin_Output_High                      0x08004b31   Thumb Code    72  ath20.o(i.SDA_Pin_Output_High)
    SDA_Pin_Output_Low                       0x08004b81   Thumb Code    72  ath20.o(i.SDA_Pin_Output_Low)
    SVC_Handler                              0x08004bd1   Thumb Code     2  stm32f4xx_it.o(i.SVC_Handler)
    Send_ACK                                 0x08004bd3   Thumb Code    56  ath20.o(i.Send_ACK)
    Send_NOT_ACK                             0x08004c0b   Thumb Code    56  ath20.o(i.Send_NOT_ACK)
    SensorDelay_us                           0x08004c43   Thumb Code    20  ath20.o(i.SensorDelay_us)
    Sensors_I2C_ReadRegister                 0x08004c59   Thumb Code    60  my_iic.o(i.Sensors_I2C_ReadRegister)
    Sensors_I2C_WriteRegister                0x08004c99   Thumb Code   108  my_iic.o(i.Sensors_I2C_WriteRegister)
    Set_DianJi                               0x08004d09   Thumb Code   122  main.o(i.Set_DianJi)
    Soft_I2C_Wait_Ack                        0x0800503d   Thumb Code    90  my_iic.o(i.Soft_I2C_Wait_Ack)
    Stop_I2C                                 0x0800509d   Thumb Code    36  ath20.o(i.Stop_I2C)
    SysTick_Handler                          0x080050c1   Thumb Code     4  stm32f4xx_it.o(i.SysTick_Handler)
    SystemClock_Config                       0x080050c5   Thumb Code   136  main.o(i.SystemClock_Config)
    SystemInit                               0x08005155   Thumb Code    12  system_stm32f4xx.o(i.SystemInit)
    TIM2_IRQHandler                          0x08005165   Thumb Code     6  stm32f4xx_it.o(i.TIM2_IRQHandler)
    TIM_Base_SetConfig                       0x08005171   Thumb Code   170  stm32f4xx_hal_tim.o(i.TIM_Base_SetConfig)
    TIM_CCxChannelCmd                        0x08005249   Thumb Code    26  stm32f4xx_hal_tim.o(i.TIM_CCxChannelCmd)
    TIM_ETR_SetConfig                        0x08005263   Thumb Code    20  stm32f4xx_hal_tim.o(i.TIM_ETR_SetConfig)
    TIM_OC2_SetConfig                        0x080052e9   Thumb Code    98  stm32f4xx_hal_tim.o(i.TIM_OC2_SetConfig)
    UART5_IRQHandler                         0x08005455   Thumb Code     6  stm32f4xx_it.o(i.UART5_IRQHandler)
    UART_Start_Receive_IT                    0x0800568d   Thumb Code    54  stm32f4xx_hal_uart.o(i.UART_Start_Receive_IT)
    USART2_IRQHandler                        0x08005735   Thumb Code     6  stm32f4xx_it.o(i.USART2_IRQHandler)
    USART3_IRQHandler                        0x08005741   Thumb Code     6  stm32f4xx_it.o(i.USART3_IRQHandler)
    UsageFault_Handler                       0x0800574d   Thumb Code     2  stm32f4xx_it.o(i.UsageFault_Handler)
    ZSSC_I2C_RD_Byte                         0x08005751   Thumb Code    90  ath20.o(i.ZSSC_I2C_RD_Byte)
    ZSSC_I2C_WR_Byte                         0x080057b1   Thumb Code    74  ath20.o(i.ZSSC_I2C_WR_Byte)
    __0printf                                0x080057fd   Thumb Code    22  printfa.o(i.__0printf)
    __1printf                                0x080057fd   Thumb Code     0  printfa.o(i.__0printf)
    __2printf                                0x080057fd   Thumb Code     0  printfa.o(i.__0printf)
    __c89printf                              0x080057fd   Thumb Code     0  printfa.o(i.__0printf)
    printf                                   0x080057fd   Thumb Code     0  printfa.o(i.__0printf)
    __0sprintf                               0x0800581d   Thumb Code    34  printfa.o(i.__0sprintf)
    __1sprintf                               0x0800581d   Thumb Code     0  printfa.o(i.__0sprintf)
    __2sprintf                               0x0800581d   Thumb Code     0  printfa.o(i.__0sprintf)
    __c89sprintf                             0x0800581d   Thumb Code     0  printfa.o(i.__0sprintf)
    sprintf                                  0x0800581d   Thumb Code     0  printfa.o(i.__0sprintf)
    __ARM_fpclassify                         0x08005845   Thumb Code    48  fpclassify.o(i.__ARM_fpclassify)
    __hardfp_pow                             0x08005899   Thumb Code  3072  pow.o(i.__hardfp_pow)
    __kernel_poly                            0x080064e9   Thumb Code   248  poly.o(i.__kernel_poly)
    __mathlib_dbl_divzero                    0x080065e1   Thumb Code    28  dunder.o(i.__mathlib_dbl_divzero)
    __mathlib_dbl_infnan2                    0x08006611   Thumb Code    20  dunder.o(i.__mathlib_dbl_infnan2)
    __mathlib_dbl_invalid                    0x08006629   Thumb Code    24  dunder.o(i.__mathlib_dbl_invalid)
    __mathlib_dbl_overflow                   0x08006649   Thumb Code    24  dunder.o(i.__mathlib_dbl_overflow)
    __mathlib_dbl_underflow                  0x08006669   Thumb Code    24  dunder.o(i.__mathlib_dbl_underflow)
    __scatterload_copy                       0x08006689   Thumb Code    14  handlers.o(i.__scatterload_copy)
    __scatterload_null                       0x08006697   Thumb Code     2  handlers.o(i.__scatterload_null)
    __scatterload_zeroinit                   0x08006699   Thumb Code    14  handlers.o(i.__scatterload_zeroinit)
    __set_errno                              0x080066a9   Thumb Code     6  errno.o(i.__set_errno)
    anjianhq                                 0x08006f71   Thumb Code    38  main.o(i.anjianhq)
    anjianlx                                 0x08006f9d   Thumb Code    22  main.o(i.anjianlx)
    cJSON_Delete                             0x08006fb9   Thumb Code    66  cjson.o(i.cJSON_Delete)
    cJSON_GetObjectItem                      0x08007001   Thumb Code    28  cjson.o(i.cJSON_GetObjectItem)
    cJSON_Parse                              0x08007039   Thumb Code     8  cjson.o(i.cJSON_Parse)
    cJSON_ParseWithOpts                      0x08007041   Thumb Code    92  cjson.o(i.cJSON_ParseWithOpts)
    fabs                                     0x080070e3   Thumb Code    24  fabs.o(i.fabs)
    fputc                                    0x080070fd   Thumb Code    20  esp8266.o(i.fputc)
    free                                     0x08007115   Thumb Code    76  malloc.o(i.free)
    main                                     0x08007165   Thumb Code  1284  main.o(i.main)
    malloc                                   0x0800766d   Thumb Code    92  malloc.o(i.malloc)
    return_to_expectation                    0x08007d25   Thumb Code   276  main.o(i.return_to_expectation)
    sqrt                                     0x08007e51   Thumb Code   110  sqrt.o(i.sqrt)
    devPubTopic                              0x08007ec5   Data          41  main.o(.constdata)
    AHBPrescTable                            0x08007eee   Data          16  system_stm32f4xx.o(.constdata)
    APBPrescTable                            0x08007efe   Data           8  system_stm32f4xx.o(.constdata)
    __mathlib_zero                           0x08007f90   Data           8  qnan.o(.constdata)
    Region$$Table$$Base                      0x08008094   Number         0  anon$$obj.o(Region$$Table)
    Region$$Table$$Limit                     0x080080b4   Number         0  anon$$obj.o(Region$$Table)
    NRF24L01_TxAddress                       0x20000000   Data           5  nrf24l01.o(.data)
    NRF24L01_RxAddress                       0x20000005   Data           5  nrf24l01.o(.data)
    ath_count                                0x20000024   Data           1  ath20.o(.data)
    Rx_Flag                                  0x20000038   Data           1  esp8266.o(.data)
    esp8266_cnt                              0x2000003e   Data           2  esp8266.o(.data)
    esp8266_cntPre                           0x20000040   Data           2  esp8266.o(.data)
    WiFi_Success_Flag                        0x20000044   Data           4  esp8266.o(.data)
    Usart_Error_count                        0x20000048   Data           4  esp8266.o(.data)
    MY_MQTT_FLAG                             0x2000004c   Data           1  onenet.o(.data)
    WiFi_Temp_Value                          0x20000050   Data           4  onenet.o(.data)
    ret                                      0x20000054   Data           1  main.o(.data)
    Send_Flag                                0x20000055   Data           1  main.o(.data)
    Error_Count                              0x20000056   Data           1  main.o(.data)
    p3Data                                   0x20000057   Data           1  main.o(.data)
    p5Data                                   0x20000058   Data           1  main.o(.data)
    p2Data                                   0x20000059   Data           1  main.o(.data)
    PWM_1                                    0x2000005c   Data           4  main.o(.data)
    PWM_2                                    0x20000060   Data           4  main.o(.data)
    devSubTopic                              0x20000064   Data           4  main.o(.data)
    dataPtr                                  0x20000068   Data           4  main.o(.data)
    jishi_count                              0x2000006c   Data           4  main.o(.data)
    bici                                     0x20000070   Data           4  main.o(.data)
    MuBiao_JiaoDu                            0x20000074   Data           4  main.o(.data)
    First_Yaw_flag                           0x20000078   Data           4  main.o(.data)
    Dian_Ji_KaiQi                            0x2000007c   Data           4  main.o(.data)
    MY_Dianji_Debug                          0x20000080   Data           4  main.o(.data)
    Dian_Ji_KaiQi_anjian                     0x20000084   Data           4  main.o(.data)
    Diretion_Y                               0x20000088   Data           4  main.o(.data)
    Diretion_Z                               0x2000008c   Data           4  main.o(.data)
    MY_Counter_Y                             0x20000090   Data           4  main.o(.data)
    MY_Counter_Z                             0x20000094   Data           4  main.o(.data)
    Quan_Shu                                 0x20000098   Data           4  main.o(.data)
    Shang_Yun_Flag                           0x2000009c   Data           4  main.o(.data)
    Shang_Yun_Run_Flag                       0x200000a0   Data           4  main.o(.data)
    Test_LED_Count                           0x200000a4   Data           4  main.o(.data)
    PT                                       0x200000ac   Data           4  main.o(.data)
    T                                        0x200000b0   Data           4  main.o(.data)
    ALT                                      0x200000b4   Data           4  main.o(.data)
    c1                                       0x200000b8   Data           4  main.o(.data)
    t1                                       0x200000bc   Data           4  main.o(.data)
    ADzhi11                                  0x200000c0   Data           4  main.o(.data)
    ADzhi12                                  0x200000c4   Data           4  main.o(.data)
    My_ADzhi12                               0x200000c8   Data           4  main.o(.data)
    Last_ADzhi12                             0x200000cc   Data           4  main.o(.data)
    ADzhi21                                  0x200000d0   Data           4  main.o(.data)
    My_ADzhi21                               0x200000d4   Data           4  main.o(.data)
    Last_ADzhi21                             0x200000d8   Data           4  main.o(.data)
    ADzhi22                                  0x200000dc   Data           4  main.o(.data)
    TimeCount                                0x200000e0   Data           4  main.o(.data)
    Roll                                     0x200000e4   Data           4  main.o(.data)
    Pitch                                    0x200000e8   Data           4  main.o(.data)
    Yaw                                      0x200000ec   Data           4  main.o(.data)
    My_Yaw                                   0x200000f0   Data           4  main.o(.data)
    Delta_Yaw                                0x200000f4   Data           4  main.o(.data)
    Last_Yaw                                 0x200000f8   Data           4  main.o(.data)
    Yaw_offset                               0x200000fc   Data           4  main.o(.data)
    First_Yaw                                0x20000100   Data           4  main.o(.data)
    PWM_Debug_Dier_1                         0x20000104   Data           4  main.o(.data)
    PWM_Debug_Dier_2                         0x20000108   Data           4  main.o(.data)
    val                                      0x2000010c   Data           4  main.o(.data)
    down                                     0x20000110   Data           4  main.o(.data)
    old                                      0x20000114   Data           4  main.o(.data)
    fangxiang                                0x20000118   Data           4  main.o(.data)
    PWM_1_24G                                0x2000011c   Data           4  main.o(.data)
    PWM_2_24G                                0x20000120   Data           4  main.o(.data)
    VAL_DATA                                 0x20000124   Data           4  main.o(.data)
    MUBIAO_Speed_Z                           0x20000128   Data           4  main.o(.data)
    MUBIAO_Speed_Y                           0x2000012c   Data           4  main.o(.data)
    anjianzhi                                0x20000130   Data           6  main.o(.data)
    CT_data                                  0x20000138   Data           8  main.o(.data)
    uwTickFreq                               0x20000140   Data           1  stm32f4xx_hal.o(.data)
    uwTickPrio                               0x20000144   Data           4  stm32f4xx_hal.o(.data)
    uwTick                                   0x20000148   Data           4  stm32f4xx_hal.o(.data)
    SystemCoreClock                          0x2000014c   Data           4  system_stm32f4xx.o(.data)
    __stdout                                 0x20000150   Data           4  stdout.o(.data)
    __microlib_freelist                      0x20000154   Data           4  mvars.o(.data)
    __microlib_freelist_initialised          0x20000158   Data           4  mvars.o(.data)
    NRF24L01_TxPacket                        0x20000160   Data           9  nrf24l01.o(.bss)
    NRF24L01_RxPacket                        0x20000169   Data           9  nrf24l01.o(.bss)
    bmp280Cal                                0x20000188   Data          28  bmp280.o(.bss)
    esp8266_buf                              0x200001a4   Data         512  esp8266.o(.bss)
    Rx_Data                                  0x200003a4   Data          20  esp8266.o(.bss)
    pid_Speed_Z                              0x200003b8   Data          36  main.o(.bss)
    pid_Speed_Y                              0x200003dc   Data          36  main.o(.bss)
    pid_Speed_WeiZhi                         0x20000400   Data          36  main.o(.bss)
    PUBLIS_BUF                               0x20000424   Data         256  main.o(.bss)
    Button_Flag                              0x20000524   Data          10  main.o(.bss)
    htim2                                    0x20000530   Data          72  tim.o(.bss)
    htim3                                    0x20000578   Data          72  tim.o(.bss)
    htim4                                    0x200005c0   Data          72  tim.o(.bss)
    htim5                                    0x20000608   Data          72  tim.o(.bss)
    htim6                                    0x20000650   Data          72  tim.o(.bss)
    huart5                                   0x20000698   Data          72  usart.o(.bss)
    huart2                                   0x200006e0   Data          72  usart.o(.bss)
    huart3                                   0x20000728   Data          72  usart.o(.bss)
    __heap_base                              0x20000770   Data           0  startup_stm32f407xx.o(HEAP)
    __heap_limit                             0x20003770   Data           0  startup_stm32f407xx.o(HEAP)
    __initial_sp                             0x20006f70   Data           0  startup_stm32f407xx.o(STACK)



==============================================================================

Memory Map of the image

  Image Entry point : 0x08000189

  Load Region LR_IROM1 (Base: 0x08000000, Size: 0x00008214, Max: 0x00080000, ABSOLUTE, COMPRESSED[0x000080e4])

    Execution Region ER_IROM1 (Exec base: 0x08000000, Load base: 0x08000000, Size: 0x000080b4, Max: 0x00080000, ABSOLUTE)

    Exec Addr    Load Addr    Size         Type   Attr      Idx    E Section Name        Object

    0x08000000   0x08000000   0x00000188   Data   RO            3    RESET               startup_stm32f407xx.o
    0x08000188   0x08000188   0x00000000   Code   RO         4260  * .ARM.Collect$$$$00000000  mc_w.l(entry.o)
    0x08000188   0x08000188   0x00000004   Code   RO         4629    .ARM.Collect$$$$00000001  mc_w.l(entry2.o)
    0x0800018c   0x0800018c   0x00000004   Code   RO         4632    .ARM.Collect$$$$00000004  mc_w.l(entry5.o)
    0x08000190   0x08000190   0x00000000   Code   RO         4634    .ARM.Collect$$$$00000008  mc_w.l(entry7b.o)
    0x08000190   0x08000190   0x00000000   Code   RO         4636    .ARM.Collect$$$$0000000A  mc_w.l(entry8b.o)
    0x08000190   0x08000190   0x00000008   Code   RO         4637    .ARM.Collect$$$$0000000B  mc_w.l(entry9a.o)
    0x08000198   0x08000198   0x00000000   Code   RO         4639    .ARM.Collect$$$$0000000D  mc_w.l(entry10a.o)
    0x08000198   0x08000198   0x00000000   Code   RO         4641    .ARM.Collect$$$$0000000F  mc_w.l(entry11a.o)
    0x08000198   0x08000198   0x00000004   Code   RO         4630    .ARM.Collect$$$$00002712  mc_w.l(entry2.o)
    0x0800019c   0x0800019c   0x00000024   Code   RO            4    .text               startup_stm32f407xx.o
    0x080001c0   0x080001c0   0x00000062   Code   RO         4263    .text               mc_w.l(uldiv.o)
    0x08000222   0x08000222   0x00000062   Code   RO         4265    .text               mc_w.l(ldiv.o)
    0x08000284   0x08000284   0x0000000c   Code   RO         4267    .text               mc_w.l(tolower.o)
    0x08000290   0x08000290   0x00000024   Code   RO         4269    .text               mc_w.l(memcpya.o)
    0x080002b4   0x080002b4   0x00000024   Code   RO         4271    .text               mc_w.l(memseta.o)
    0x080002d8   0x080002d8   0x00000024   Code   RO         4273    .text               mc_w.l(strstr.o)
    0x080002fc   0x080002fc   0x00000014   Code   RO         4275    .text               mc_w.l(strchr.o)
    0x08000310   0x08000310   0x0000000e   Code   RO         4277    .text               mc_w.l(strlen.o)
    0x0800031e   0x0800031e   0x00000028   Code   RO         4279    .text               mc_w.l(strncat.o)
    0x08000346   0x08000346   0x0000001e   Code   RO         4283    .text               mc_w.l(strncmp.o)
    0x08000364   0x08000364   0x0000014e   Code   RO         4576    .text               mf_w.l(dadd.o)
    0x080004b2   0x080004b2   0x000000e4   Code   RO         4578    .text               mf_w.l(dmul.o)
    0x08000596   0x08000596   0x000000de   Code   RO         4580    .text               mf_w.l(ddiv.o)
    0x08000674   0x08000674   0x00000022   Code   RO         4582    .text               mf_w.l(dflti.o)
    0x08000696   0x08000696   0x0000001a   Code   RO         4584    .text               mf_w.l(dfltui.o)
    0x080006b0   0x080006b0   0x0000003e   Code   RO         4586    .text               mf_w.l(dfixi.o)
    0x080006ee   0x080006ee   0x00000032   Code   RO         4588    .text               mf_w.l(dfixui.o)
    0x08000720   0x08000720   0x00000026   Code   RO         4590    .text               mf_w.l(f2d.o)
    0x08000746   0x08000746   0x00000002   PAD
    0x08000748   0x08000748   0x00000030   Code   RO         4594    .text               mf_w.l(cdrcmple.o)
    0x08000778   0x08000778   0x00000038   Code   RO         4596    .text               mf_w.l(d2f.o)
    0x080007b0   0x080007b0   0x0000002c   Code   RO         4644    .text               mc_w.l(uidiv.o)
    0x080007dc   0x080007dc   0x0000001e   Code   RO         4646    .text               mc_w.l(llshl.o)
    0x080007fa   0x080007fa   0x00000020   Code   RO         4648    .text               mc_w.l(llushr.o)
    0x0800081a   0x0800081a   0x00000024   Code   RO         4650    .text               mc_w.l(llsshr.o)
    0x0800083e   0x0800083e   0x00000000   Code   RO         4661    .text               mc_w.l(iusefp.o)
    0x0800083e   0x0800083e   0x0000006e   Code   RO         4662    .text               mf_w.l(fepilogue.o)
    0x080008ac   0x080008ac   0x000000ba   Code   RO         4664    .text               mf_w.l(depilogue.o)
    0x08000966   0x08000966   0x0000002e   Code   RO         4668    .text               mf_w.l(dscalb.o)
    0x08000994   0x08000994   0x00000030   Code   RO         4670    .text               mf_w.l(dfixul.o)
    0x080009c4   0x080009c4   0x00000024   Code   RO         4672    .text               mc_w.l(init.o)
    0x080009e8   0x080009e8   0x000000a2   Code   RO         4674    .text               mf_w.l(dsqrt.o)
    0x08000a8a   0x08000a8a   0x0000003a   Code   RO         4684    .text               mc_w.l(__dczerorl.o)
    0x08000ac4   0x08000ac4   0x00000164   Code   RO          270    i.BMP280CompensateP  bmp280.o
    0x08000c28   0x08000c28   0x00000170   Code   RO          271    i.BMP280GetData     bmp280.o
    0x08000d98   0x08000d98   0x0000004c   Code   RO          272    i.BMP280_Init       bmp280.o
    0x08000de4   0x08000de4   0x00000002   Code   RO         1601    i.BusFault_Handler  stm32f4xx_it.o
    0x08000de6   0x08000de6   0x00000002   Code   RO         1602    i.DebugMon_Handler  stm32f4xx_it.o
    0x08000de8   0x08000de8   0x00000018   Code   RO          421    i.Delay_1us         ath20.o
    0x08000e00   0x08000e00   0x0000001e   Code   RO          422    i.Delay_3us         ath20.o
    0x08000e1e   0x08000e1e   0x00000010   Code   RO          423    i.Delay_N10us       ath20.o
    0x08000e2e   0x08000e2e   0x00000002   PAD
    0x08000e30   0x08000e30   0x0000001c   Code   RO          938    i.ESP8266_Clear     esp8266.o
    0x08000e4c   0x08000e4c   0x00000138   Code   RO          939    i.ESP8266_ConnectOneNet  esp8266.o
    0x08000f84   0x08000f84   0x0000011c   Code   RO          940    i.ESP8266_ConnectWiFi  esp8266.o
    0x080010a0   0x080010a0   0x00000040   Code   RO          941    i.ESP8266_GetIPD    esp8266.o
    0x080010e0   0x080010e0   0x00000104   Code   RO          942    i.ESP8266_Init      esp8266.o
    0x080011e4   0x080011e4   0x0000004c   Code   RO          943    i.ESP8266_SendCmd   esp8266.o
    0x08001230   0x08001230   0x0000004c   Code   RO          944    i.ESP8266_SendData  esp8266.o
    0x0800127c   0x0800127c   0x00000020   Code   RO          945    i.ESP8266_WaitRecive  esp8266.o
    0x0800129c   0x0800129c   0x00000004   Code   RO         1293    i.Error_Handler     main.o
    0x080012a0   0x080012a0   0x00000092   Code   RO         3160    i.HAL_DMA_Abort     stm32f4xx_hal_dma.o
    0x08001332   0x08001332   0x00000024   Code   RO         3161    i.HAL_DMA_Abort_IT  stm32f4xx_hal_dma.o
    0x08001356   0x08001356   0x00000002   PAD
    0x08001358   0x08001358   0x00000024   Code   RO         3585    i.HAL_Delay         stm32f4xx_hal.o
    0x0800137c   0x0800137c   0x000001d0   Code   RO         3053    i.HAL_GPIO_Init     stm32f4xx_hal_gpio.o
    0x0800154c   0x0800154c   0x0000000a   Code   RO         3055    i.HAL_GPIO_ReadPin  stm32f4xx_hal_gpio.o
    0x08001556   0x08001556   0x00000010   Code   RO         3056    i.HAL_GPIO_TogglePin  stm32f4xx_hal_gpio.o
    0x08001566   0x08001566   0x0000000a   Code   RO         3057    i.HAL_GPIO_WritePin  stm32f4xx_hal_gpio.o
    0x08001570   0x08001570   0x0000000c   Code   RO         3591    i.HAL_GetTick       stm32f4xx_hal.o
    0x0800157c   0x0800157c   0x00000010   Code   RO         3597    i.HAL_IncTick       stm32f4xx_hal.o
    0x0800158c   0x0800158c   0x00000034   Code   RO         3598    i.HAL_Init          stm32f4xx_hal.o
    0x080015c0   0x080015c0   0x00000040   Code   RO         3599    i.HAL_InitTick      stm32f4xx_hal.o
    0x08001600   0x08001600   0x00000030   Code   RO         1701    i.HAL_MspInit       stm32f4xx_hal_msp.o
    0x08001630   0x08001630   0x0000001a   Code   RO         3443    i.HAL_NVIC_EnableIRQ  stm32f4xx_hal_cortex.o
    0x0800164a   0x0800164a   0x00000002   PAD
    0x0800164c   0x0800164c   0x00000040   Code   RO         3449    i.HAL_NVIC_SetPriority  stm32f4xx_hal_cortex.o
    0x0800168c   0x0800168c   0x00000024   Code   RO         3450    i.HAL_NVIC_SetPriorityGrouping  stm32f4xx_hal_cortex.o
    0x080016b0   0x080016b0   0x00000134   Code   RO         2699    i.HAL_RCC_ClockConfig  stm32f4xx_hal_rcc.o
    0x080017e4   0x080017e4   0x00000020   Code   RO         2706    i.HAL_RCC_GetPCLK1Freq  stm32f4xx_hal_rcc.o
    0x08001804   0x08001804   0x00000020   Code   RO         2707    i.HAL_RCC_GetPCLK2Freq  stm32f4xx_hal_rcc.o
    0x08001824   0x08001824   0x00000064   Code   RO         2708    i.HAL_RCC_GetSysClockFreq  stm32f4xx_hal_rcc.o
    0x08001888   0x08001888   0x00000358   Code   RO         2711    i.HAL_RCC_OscConfig  stm32f4xx_hal_rcc.o
    0x08001be0   0x08001be0   0x00000028   Code   RO         3454    i.HAL_SYSTICK_Config  stm32f4xx_hal_cortex.o
    0x08001c08   0x08001c08   0x00000002   Code   RO         2431    i.HAL_TIMEx_BreakCallback  stm32f4xx_hal_tim_ex.o
    0x08001c0a   0x08001c0a   0x00000002   Code   RO         2432    i.HAL_TIMEx_CommutCallback  stm32f4xx_hal_tim_ex.o
    0x08001c0c   0x08001c0c   0x00000090   Code   RO         2450    i.HAL_TIMEx_MasterConfigSynchronization  stm32f4xx_hal_tim_ex.o
    0x08001c9c   0x08001c9c   0x0000005a   Code   RO         1727    i.HAL_TIM_Base_Init  stm32f4xx_hal_tim.o
    0x08001cf6   0x08001cf6   0x00000002   PAD
    0x08001cf8   0x08001cf8   0x0000006c   Code   RO         1464    i.HAL_TIM_Base_MspInit  tim.o
    0x08001d64   0x08001d64   0x00000080   Code   RO         1732    i.HAL_TIM_Base_Start_IT  stm32f4xx_hal_tim.o
    0x08001de4   0x08001de4   0x000000dc   Code   RO         1736    i.HAL_TIM_ConfigClockSource  stm32f4xx_hal_tim.o
    0x08001ec0   0x08001ec0   0x000000a4   Code   RO         1748    i.HAL_TIM_Encoder_Init  stm32f4xx_hal_tim.o
    0x08001f64   0x08001f64   0x000000a0   Code   RO         1466    i.HAL_TIM_Encoder_MspInit  tim.o
    0x08002004   0x08002004   0x00000092   Code   RO         1751    i.HAL_TIM_Encoder_Start  stm32f4xx_hal_tim.o
    0x08002096   0x08002096   0x00000002   Code   RO         1761    i.HAL_TIM_IC_CaptureCallback  stm32f4xx_hal_tim.o
    0x08002098   0x08002098   0x00000130   Code   RO         1775    i.HAL_TIM_IRQHandler  stm32f4xx_hal_tim.o
    0x080021c8   0x080021c8   0x00000050   Code   RO         1467    i.HAL_TIM_MspPostInit  tim.o
    0x08002218   0x08002218   0x00000002   Code   RO         1778    i.HAL_TIM_OC_DelayElapsedCallback  stm32f4xx_hal_tim.o
    0x0800221a   0x0800221a   0x000000cc   Code   RO         1799    i.HAL_TIM_PWM_ConfigChannel  stm32f4xx_hal_tim.o
    0x080022e6   0x080022e6   0x0000005a   Code   RO         1802    i.HAL_TIM_PWM_Init  stm32f4xx_hal_tim.o
    0x08002340   0x08002340   0x00000002   Code   RO         1804    i.HAL_TIM_PWM_MspInit  stm32f4xx_hal_tim.o
    0x08002342   0x08002342   0x00000002   Code   RO         1805    i.HAL_TIM_PWM_PulseFinishedCallback  stm32f4xx_hal_tim.o
    0x08002344   0x08002344   0x000000d0   Code   RO         1807    i.HAL_TIM_PWM_Start  stm32f4xx_hal_tim.o
    0x08002414   0x08002414   0x00000270   Code   RO         1294    i.HAL_TIM_PeriodElapsedCallback  main.o
    0x08002684   0x08002684   0x00000002   Code   RO         1818    i.HAL_TIM_TriggerCallback  stm32f4xx_hal_tim.o
    0x08002686   0x08002686   0x00000002   Code   RO         3848    i.HAL_UARTEx_RxEventCallback  stm32f4xx_hal_uart.o
    0x08002688   0x08002688   0x00000048   Code   RO          946    i.HAL_UART_ErrorCallback  esp8266.o
    0x080026d0   0x080026d0   0x00000270   Code   RO         3865    i.HAL_UART_IRQHandler  stm32f4xx_hal_uart.o
    0x08002940   0x08002940   0x00000064   Code   RO         3866    i.HAL_UART_Init     stm32f4xx_hal_uart.o
    0x080029a4   0x080029a4   0x0000013c   Code   RO         1548    i.HAL_UART_MspInit  usart.o
    0x08002ae0   0x08002ae0   0x0000001c   Code   RO         3871    i.HAL_UART_Receive_IT  stm32f4xx_hal_uart.o
    0x08002afc   0x08002afc   0x000000c0   Code   RO          947    i.HAL_UART_RxCpltCallback  esp8266.o
    0x08002bbc   0x08002bbc   0x000000a0   Code   RO         3874    i.HAL_UART_Transmit  stm32f4xx_hal_uart.o
    0x08002c5c   0x08002c5c   0x00000002   Code   RO         3877    i.HAL_UART_TxCpltCallback  stm32f4xx_hal_uart.o
    0x08002c5e   0x08002c5e   0x00000002   Code   RO         1603    i.HardFault_Handler  stm32f4xx_it.o
    0x08002c60   0x08002c60   0x00000030   Code   RO          329    i.I2C_Bus_Init      my_iic.o
    0x08002c90   0x08002c90   0x0000002e   Code   RO          424    i.I2C_Start         ath20.o
    0x08002cbe   0x08002cbe   0x0000000e   Code   RO          425    i.Init_I2C_Sensor_Port  ath20.o
    0x08002ccc   0x08002ccc   0x000000b0   Code   RO          426    i.JH_Init           ath20.o
    0x08002d7c   0x08002d7c   0x000000d4   Code   RO          427    i.JH_Read_CTdata    ath20.o
    0x08002e50   0x08002e50   0x00000016   Code   RO          428    i.JH_Read_Cal_Enable  ath20.o
    0x08002e66   0x08002e66   0x00000022   Code   RO          429    i.JH_Read_Status    ath20.o
    0x08002e88   0x08002e88   0x00000036   Code   RO          430    i.JH_SendAC         ath20.o
    0x08002ebe   0x08002ebe   0x00000022   Code   RO          431    i.JH_Send_BA        ath20.o
    0x08002ee0   0x08002ee0   0x00000044   Code   RO         1295    i.JsonValue         main.o
    0x08002f24   0x08002f24   0x0000001c   Code   RO         1045    i.MQTT_DeleteBuffer  mqttkit.o
    0x08002f40   0x08002f40   0x00000022   Code   RO         1046    i.MQTT_DumpLength   mqttkit.o
    0x08002f62   0x08002f62   0x00000052   Code   RO         1047    i.MQTT_NewBuffer    mqttkit.o
    0x08002fb4   0x08002fb4   0x0000007c   Code   RO         1048    i.MQTT_PacketCmdResp  mqttkit.o
    0x08003030   0x08003030   0x00000264   Code   RO         1049    i.MQTT_PacketConnect  mqttkit.o
    0x08003294   0x08003294   0x00000158   Code   RO         1052    i.MQTT_PacketPublish  mqttkit.o
    0x080033ec   0x080033ec   0x00000046   Code   RO         1054    i.MQTT_PacketPublishComp  mqttkit.o
    0x08003432   0x08003432   0x00000046   Code   RO         1056    i.MQTT_PacketPublishRel  mqttkit.o
    0x08003478   0x08003478   0x000000de   Code   RO         1059    i.MQTT_PacketSubscribe  mqttkit.o
    0x08003556   0x08003556   0x0000003e   Code   RO         1061    i.MQTT_ReadLength   mqttkit.o
    0x08003594   0x08003594   0x00000082   Code   RO         1062    i.MQTT_UnPacketCmd  mqttkit.o
    0x08003616   0x08003616   0x0000001a   Code   RO         1063    i.MQTT_UnPacketConnectAck  mqttkit.o
    0x08003630   0x08003630   0x00000150   Code   RO         1064    i.MQTT_UnPacketPublish  mqttkit.o
    0x08003780   0x08003780   0x00000018   Code   RO         1065    i.MQTT_UnPacketPublishAck  mqttkit.o
    0x08003798   0x08003798   0x00000018   Code   RO         1066    i.MQTT_UnPacketPublishComp  mqttkit.o
    0x080037b0   0x080037b0   0x00000018   Code   RO         1067    i.MQTT_UnPacketPublishRec  mqttkit.o
    0x080037c8   0x080037c8   0x0000001e   Code   RO         1068    i.MQTT_UnPacketPublishRel  mqttkit.o
    0x080037e6   0x080037e6   0x00000002   PAD
    0x080037e8   0x080037e8   0x00000060   Code   RO         1069    i.MQTT_UnPacketRecv  mqttkit.o
    0x08003848   0x08003848   0x0000002c   Code   RO         1070    i.MQTT_UnPacketSubscribe  mqttkit.o
    0x08003874   0x08003874   0x00000014   Code   RO         1071    i.MQTT_UnPacketUnSubscribe  mqttkit.o
    0x08003888   0x08003888   0x000001a0   Code   RO         1439    i.MX_GPIO_Init      gpio.o
    0x08003a28   0x08003a28   0x00000064   Code   RO         1468    i.MX_TIM2_Init      tim.o
    0x08003a8c   0x08003a8c   0x000000a8   Code   RO         1469    i.MX_TIM3_Init      tim.o
    0x08003b34   0x08003b34   0x0000006c   Code   RO         1470    i.MX_TIM4_Init      tim.o
    0x08003ba0   0x08003ba0   0x00000068   Code   RO         1471    i.MX_TIM5_Init      tim.o
    0x08003c08   0x08003c08   0x00000044   Code   RO         1472    i.MX_TIM6_Init      tim.o
    0x08003c4c   0x08003c4c   0x00000038   Code   RO         1549    i.MX_UART5_Init     usart.o
    0x08003c84   0x08003c84   0x00000038   Code   RO         1550    i.MX_USART2_UART_Init  usart.o
    0x08003cbc   0x08003cbc   0x00000038   Code   RO         1551    i.MX_USART3_UART_Init  usart.o
    0x08003cf4   0x08003cf4   0x00000164   Code   RO         1296    i.MY_Run            main.o
    0x08003e58   0x08003e58   0x00000090   Code   RO         1297    i.MY_SCAN           main.o
    0x08003ee8   0x08003ee8   0x00000002   Code   RO         1604    i.MemManage_Handler  stm32f4xx_it.o
    0x08003eea   0x08003eea   0x00000002   Code   RO         1605    i.NMI_Handler       stm32f4xx_it.o
    0x08003eec   0x08003eec   0x00000018   Code   RO           13    i.NRF24L01_FlushRx  nrf24l01.o
    0x08003f04   0x08003f04   0x00000018   Code   RO           14    i.NRF24L01_FlushTx  nrf24l01.o
    0x08003f1c   0x08003f1c   0x0000001e   Code   RO           15    i.NRF24L01_GPIO_Init  nrf24l01.o
    0x08003f3a   0x08003f3a   0x00000002   PAD
    0x08003f3c   0x08003f3c   0x0000006c   Code   RO           16    i.NRF24L01_Init     nrf24l01.o
    0x08003fa8   0x08003fa8   0x0000000c   Code   RO           18    i.NRF24L01_R_MISO   nrf24l01.o
    0x08003fb4   0x08003fb4   0x00000022   Code   RO           19    i.NRF24L01_ReadReg  nrf24l01.o
    0x08003fd6   0x08003fd6   0x00000030   Code   RO           21    i.NRF24L01_ReadRxPayload  nrf24l01.o
    0x08004006   0x08004006   0x0000001a   Code   RO           22    i.NRF24L01_ReadStatus  nrf24l01.o
    0x08004020   0x08004020   0x0000004c   Code   RO           23    i.NRF24L01_Receive  nrf24l01.o
    0x0800406c   0x0800406c   0x00000028   Code   RO           24    i.NRF24L01_Rx       nrf24l01.o
    0x08004094   0x08004094   0x0000003a   Code   RO           25    i.NRF24L01_SPI_SwapByte  nrf24l01.o
    0x080040ce   0x080040ce   0x00000002   PAD
    0x080040d0   0x080040d0   0x00000078   Code   RO           26    i.NRF24L01_Send     nrf24l01.o
    0x08004148   0x08004148   0x0000002c   Code   RO           28    i.NRF24L01_Tx       nrf24l01.o
    0x08004174   0x08004174   0x00000010   Code   RO           30    i.NRF24L01_W_CE     nrf24l01.o
    0x08004184   0x08004184   0x00000010   Code   RO           31    i.NRF24L01_W_CSN    nrf24l01.o
    0x08004194   0x08004194   0x00000010   Code   RO           32    i.NRF24L01_W_MOSI   nrf24l01.o
    0x080041a4   0x080041a4   0x00000010   Code   RO           33    i.NRF24L01_W_SCK    nrf24l01.o
    0x080041b4   0x080041b4   0x00000024   Code   RO           34    i.NRF24L01_WriteReg  nrf24l01.o
    0x080041d8   0x080041d8   0x00000032   Code   RO           35    i.NRF24L01_WriteRegs  nrf24l01.o
    0x0800420a   0x0800420a   0x0000002e   Code   RO           36    i.NRF24L01_WriteTxPayload  nrf24l01.o
    0x08004238   0x08004238   0x000002b0   Code   RO         1231    i.OneNet_DevLink    onenet.o
    0x080044e8   0x080044e8   0x00000074   Code   RO         1232    i.OneNet_Publish    onenet.o
    0x0800455c   0x0800455c   0x00000374   Code   RO         1233    i.OneNet_RevPro     onenet.o
    0x080048d0   0x080048d0   0x00000068   Code   RO         1234    i.OneNet_Subscribe  onenet.o
    0x08004938   0x08004938   0x0000000e   Code   RO         1298    i.PID_Init          main.o
    0x08004946   0x08004946   0x00000002   PAD
    0x08004948   0x08004948   0x00000094   Code   RO         1299    i.PID_Yunxing       main.o
    0x080049dc   0x080049dc   0x00000086   Code   RO         1300    i.PID_Yunxing_Weizhi  main.o
    0x08004a62   0x08004a62   0x00000002   Code   RO         1606    i.PendSV_Handler    stm32f4xx_it.o
    0x08004a64   0x08004a64   0x00000018   Code   RO          948    i.RX_Re_Data        esp8266.o
    0x08004a7c   0x08004a7c   0x00000050   Code   RO          432    i.Receive_ACK       ath20.o
    0x08004acc   0x08004acc   0x00000010   Code   RO          433    i.SCL_Pin_Output_High  ath20.o
    0x08004adc   0x08004adc   0x00000010   Code   RO          434    i.SCL_Pin_Output_Low  ath20.o
    0x08004aec   0x08004aec   0x00000044   Code   RO          435    i.SDA_Pin_IN_FLOATING  ath20.o
    0x08004b30   0x08004b30   0x00000050   Code   RO          436    i.SDA_Pin_Output_High  ath20.o
    0x08004b80   0x08004b80   0x00000050   Code   RO          437    i.SDA_Pin_Output_Low  ath20.o
    0x08004bd0   0x08004bd0   0x00000002   Code   RO         1607    i.SVC_Handler       stm32f4xx_it.o
    0x08004bd2   0x08004bd2   0x00000038   Code   RO          438    i.Send_ACK          ath20.o
    0x08004c0a   0x08004c0a   0x00000038   Code   RO          439    i.Send_NOT_ACK      ath20.o
    0x08004c42   0x08004c42   0x00000014   Code   RO          440    i.SensorDelay_us    ath20.o
    0x08004c56   0x08004c56   0x00000002   PAD
    0x08004c58   0x08004c58   0x00000040   Code   RO          330    i.Sensors_I2C_ReadRegister  my_iic.o
    0x08004c98   0x08004c98   0x00000070   Code   RO          331    i.Sensors_I2C_WriteRegister  my_iic.o
    0x08004d08   0x08004d08   0x00000088   Code   RO         1301    i.Set_DianJi        main.o
    0x08004d90   0x08004d90   0x00000060   Code   RO          333    i.Soft_DMP_I2C_Read  my_iic.o
    0x08004df0   0x08004df0   0x0000009c   Code   RO          334    i.Soft_I2C_ReceiveByte  my_iic.o
    0x08004e8c   0x08004e8c   0x0000009c   Code   RO          335    i.Soft_I2C_ReceiveByte_WithACK  my_iic.o
    0x08004f28   0x08004f28   0x00000068   Code   RO          336    i.Soft_I2C_START    my_iic.o
    0x08004f90   0x08004f90   0x00000040   Code   RO          337    i.Soft_I2C_STOP     my_iic.o
    0x08004fd0   0x08004fd0   0x0000006c   Code   RO          338    i.Soft_I2C_SendByte  my_iic.o
    0x0800503c   0x0800503c   0x00000060   Code   RO          339    i.Soft_I2C_Wait_Ack  my_iic.o
    0x0800509c   0x0800509c   0x00000024   Code   RO          441    i.Stop_I2C          ath20.o
    0x080050c0   0x080050c0   0x00000004   Code   RO         1608    i.SysTick_Handler   stm32f4xx_it.o
    0x080050c4   0x080050c4   0x00000090   Code   RO         1302    i.SystemClock_Config  main.o
    0x08005154   0x08005154   0x00000010   Code   RO         4200    i.SystemInit        system_stm32f4xx.o
    0x08005164   0x08005164   0x0000000c   Code   RO         1609    i.TIM2_IRQHandler   stm32f4xx_it.o
    0x08005170   0x08005170   0x000000d8   Code   RO         1820    i.TIM_Base_SetConfig  stm32f4xx_hal_tim.o
    0x08005248   0x08005248   0x0000001a   Code   RO         1821    i.TIM_CCxChannelCmd  stm32f4xx_hal_tim.o
    0x08005262   0x08005262   0x00000014   Code   RO         1831    i.TIM_ETR_SetConfig  stm32f4xx_hal_tim.o
    0x08005276   0x08005276   0x00000010   Code   RO         1832    i.TIM_ITRx_SetConfig  stm32f4xx_hal_tim.o
    0x08005286   0x08005286   0x00000002   PAD
    0x08005288   0x08005288   0x00000060   Code   RO         1833    i.TIM_OC1_SetConfig  stm32f4xx_hal_tim.o
    0x080052e8   0x080052e8   0x0000006c   Code   RO         1834    i.TIM_OC2_SetConfig  stm32f4xx_hal_tim.o
    0x08005354   0x08005354   0x00000068   Code   RO         1835    i.TIM_OC3_SetConfig  stm32f4xx_hal_tim.o
    0x080053bc   0x080053bc   0x00000050   Code   RO         1836    i.TIM_OC4_SetConfig  stm32f4xx_hal_tim.o
    0x0800540c   0x0800540c   0x00000022   Code   RO         1838    i.TIM_TI1_ConfigInputStage  stm32f4xx_hal_tim.o
    0x0800542e   0x0800542e   0x00000024   Code   RO         1840    i.TIM_TI2_ConfigInputStage  stm32f4xx_hal_tim.o
    0x08005452   0x08005452   0x00000002   PAD
    0x08005454   0x08005454   0x0000000c   Code   RO         1610    i.UART5_IRQHandler  stm32f4xx_it.o
    0x08005460   0x08005460   0x00000010   Code   RO         3879    i.UART_DMAAbortOnError  stm32f4xx_hal_uart.o
    0x08005470   0x08005470   0x0000004e   Code   RO         3889    i.UART_EndRxTransfer  stm32f4xx_hal_uart.o
    0x080054be   0x080054be   0x000000c2   Code   RO         3891    i.UART_Receive_IT   stm32f4xx_hal_uart.o
    0x08005580   0x08005580   0x0000010c   Code   RO         3892    i.UART_SetConfig    stm32f4xx_hal_uart.o
    0x0800568c   0x0800568c   0x00000036   Code   RO         3894    i.UART_Start_Receive_IT  stm32f4xx_hal_uart.o
    0x080056c2   0x080056c2   0x00000070   Code   RO         3895    i.UART_WaitOnFlagUntilTimeout  stm32f4xx_hal_uart.o
    0x08005732   0x08005732   0x00000002   PAD
    0x08005734   0x08005734   0x0000000c   Code   RO         1611    i.USART2_IRQHandler  stm32f4xx_it.o
    0x08005740   0x08005740   0x0000000c   Code   RO         1612    i.USART3_IRQHandler  stm32f4xx_it.o
    0x0800574c   0x0800574c   0x00000002   Code   RO         1613    i.UsageFault_Handler  stm32f4xx_it.o
    0x0800574e   0x0800574e   0x00000002   PAD
    0x08005750   0x08005750   0x00000060   Code   RO          442    i.ZSSC_I2C_RD_Byte  ath20.o
    0x080057b0   0x080057b0   0x0000004a   Code   RO          443    i.ZSSC_I2C_WR_Byte  ath20.o
    0x080057fa   0x080057fa   0x00000002   PAD
    0x080057fc   0x080057fc   0x00000020   Code   RO         4520    i.__0printf         mc_w.l(printfa.o)
    0x0800581c   0x0800581c   0x00000028   Code   RO         4522    i.__0sprintf        mc_w.l(printfa.o)
    0x08005844   0x08005844   0x00000030   Code   RO         4612    i.__ARM_fpclassify  m_wm.l(fpclassify.o)
    0x08005874   0x08005874   0x00000020   Code   RO         3456    i.__NVIC_SetPriority  stm32f4xx_hal_cortex.o
    0x08005894   0x08005894   0x00000004   PAD
    0x08005898   0x08005898   0x00000c50   Code   RO         4246    i.__hardfp_pow      m_wm.l(pow.o)
    0x080064e8   0x080064e8   0x000000f8   Code   RO         4614    i.__kernel_poly     m_wm.l(poly.o)
    0x080065e0   0x080065e0   0x00000030   Code   RO         4598    i.__mathlib_dbl_divzero  m_wm.l(dunder.o)
    0x08006610   0x08006610   0x00000014   Code   RO         4600    i.__mathlib_dbl_infnan2  m_wm.l(dunder.o)
    0x08006624   0x08006624   0x00000004   PAD
    0x08006628   0x08006628   0x00000020   Code   RO         4601    i.__mathlib_dbl_invalid  m_wm.l(dunder.o)
    0x08006648   0x08006648   0x00000020   Code   RO         4602    i.__mathlib_dbl_overflow  m_wm.l(dunder.o)
    0x08006668   0x08006668   0x00000020   Code   RO         4604    i.__mathlib_dbl_underflow  m_wm.l(dunder.o)
    0x08006688   0x08006688   0x0000000e   Code   RO         4678    i.__scatterload_copy  mc_w.l(handlers.o)
    0x08006696   0x08006696   0x00000002   Code   RO         4679    i.__scatterload_null  mc_w.l(handlers.o)
    0x08006698   0x08006698   0x0000000e   Code   RO         4680    i.__scatterload_zeroinit  mc_w.l(handlers.o)
    0x080066a6   0x080066a6   0x00000002   PAD
    0x080066a8   0x080066a8   0x0000000c   Code   RO         4656    i.__set_errno       mc_w.l(errno.o)
    0x080066b4   0x080066b4   0x00000184   Code   RO         4527    i._fp_digits        mc_w.l(printfa.o)
    0x08006838   0x08006838   0x000006dc   Code   RO         4528    i._printf_core      mc_w.l(printfa.o)
    0x08006f14   0x08006f14   0x00000024   Code   RO         4529    i._printf_post_padding  mc_w.l(printfa.o)
    0x08006f38   0x08006f38   0x0000002e   Code   RO         4530    i._printf_pre_padding  mc_w.l(printfa.o)
    0x08006f66   0x08006f66   0x0000000a   Code   RO         4532    i._sputc            mc_w.l(printfa.o)
    0x08006f70   0x08006f70   0x0000002c   Code   RO         1303    i.anjianhq          main.o
    0x08006f9c   0x08006f9c   0x0000001c   Code   RO         1304    i.anjianlx          main.o
    0x08006fb8   0x08006fb8   0x00000048   Code   RO          608    i.cJSON_Delete      cjson.o
    0x08007000   0x08007000   0x0000001c   Code   RO          617    i.cJSON_GetObjectItem  cjson.o
    0x0800701c   0x0800701c   0x0000001c   Code   RO          621    i.cJSON_New_Item    cjson.o
    0x08007038   0x08007038   0x00000008   Code   RO          622    i.cJSON_Parse       cjson.o
    0x08007040   0x08007040   0x00000060   Code   RO          623    i.cJSON_ParseWithOpts  cjson.o
    0x080070a0   0x080070a0   0x00000042   Code   RO          629    i.cJSON_strcasecmp  cjson.o
    0x080070e2   0x080070e2   0x00000018   Code   RO         4236    i.fabs              m_wm.l(fabs.o)
    0x080070fa   0x080070fa   0x00000002   PAD
    0x080070fc   0x080070fc   0x00000018   Code   RO          950    i.fputc             esp8266.o
    0x08007114   0x08007114   0x00000050   Code   RO         4548    i.free              mc_w.l(malloc.o)
    0x08007164   0x08007164   0x00000508   Code   RO         1305    i.main              main.o
    0x0800766c   0x0800766c   0x0000006c   Code   RO         4549    i.malloc            mc_w.l(malloc.o)
    0x080076d8   0x080076d8   0x00000088   Code   RO          633    i.parse_array       cjson.o
    0x08007760   0x08007760   0x000000a6   Code   RO          634    i.parse_hex4        cjson.o
    0x08007806   0x08007806   0x00000002   PAD
    0x08007808   0x08007808   0x0000018c   Code   RO          635    i.parse_number      cjson.o
    0x08007994   0x08007994   0x000000b4   Code   RO          636    i.parse_object      cjson.o
    0x08007a48   0x08007a48   0x0000015c   Code   RO          637    i.parse_string      cjson.o
    0x08007ba4   0x08007ba4   0x000000b4   Code   RO          638    i.parse_value       cjson.o
    0x08007c58   0x08007c58   0x000000cc   Code   RO          273    i.presssureFilter   bmp280.o
    0x08007d24   0x08007d24   0x00000118   Code   RO         1306    i.return_to_expectation  main.o
    0x08007e3c   0x08007e3c   0x00000014   Code   RO          645    i.skip              cjson.o
    0x08007e50   0x08007e50   0x0000006e   Code   RO         4619    i.sqrt              m_wm.l(sqrt.o)
    0x08007ebe   0x08007ebe   0x00000007   Data   RO          647    .constdata          cjson.o
    0x08007ec5   0x08007ec5   0x00000029   Data   RO         1308    .constdata          main.o
    0x08007eee   0x08007eee   0x00000010   Data   RO         4201    .constdata          system_stm32f4xx.o
    0x08007efe   0x08007efe   0x00000008   Data   RO         4202    .constdata          system_stm32f4xx.o
    0x08007f06   0x08007f06   0x00000002   PAD
    0x08007f08   0x08007f08   0x00000088   Data   RO         4249    .constdata          m_wm.l(pow.o)
    0x08007f90   0x08007f90   0x00000008   Data   RO         4616    .constdata          m_wm.l(qnan.o)
    0x08007f98   0x08007f98   0x0000007b   Data   RO         1235    .conststring        onenet.o
    0x08008013   0x08008013   0x00000001   PAD
    0x08008014   0x08008014   0x0000007f   Data   RO         1309    .conststring        main.o
    0x08008093   0x08008093   0x00000001   PAD
    0x08008094   0x08008094   0x00000020   Data   RO         4676    Region$$Table       anon$$obj.o


    Execution Region RW_IRAM1 (Exec base: 0x20000000, Load base: 0x080080b4, Size: 0x00006f70, Max: 0x0001c000, ABSOLUTE, COMPRESSED[0x00000030])

    Exec Addr    Load Addr    Size         Type   Attr      Idx    E Section Name        Object

    0x20000000   COMPRESSED   0x0000000a   Data   RW           38    .data               nrf24l01.o
    0x2000000a   COMPRESSED   0x00000002   PAD
    0x2000000c   COMPRESSED   0x00000014   Data   RW          275    .data               bmp280.o
    0x20000020   COMPRESSED   0x00000002   Data   RW          340    .data               my_iic.o
    0x20000022   COMPRESSED   0x00000002   PAD
    0x20000024   COMPRESSED   0x00000008   Data   RW          447    .data               ath20.o
    0x2000002c   COMPRESSED   0x0000000c   Data   RW          648    .data               cjson.o
    0x20000038   COMPRESSED   0x00000014   Data   RW          952    .data               esp8266.o
    0x2000004c   COMPRESSED   0x00000008   Data   RW         1236    .data               onenet.o
    0x20000054   COMPRESSED   0x000000ec   Data   RW         1310    .data               main.o
    0x20000140   COMPRESSED   0x0000000c   Data   RW         3605    .data               stm32f4xx_hal.o
    0x2000014c   COMPRESSED   0x00000004   Data   RW         4203    .data               system_stm32f4xx.o
    0x20000150   COMPRESSED   0x00000004   Data   RW         4643    .data               mc_w.l(stdout.o)
    0x20000154   COMPRESSED   0x00000004   Data   RW         4652    .data               mc_w.l(mvars.o)
    0x20000158   COMPRESSED   0x00000004   Data   RW         4653    .data               mc_w.l(mvars.o)
    0x2000015c   COMPRESSED   0x00000004   Data   RW         4657    .data               mc_w.l(errno.o)
    0x20000160        -       0x00000012   Zero   RW           37    .bss                nrf24l01.o
    0x20000172   COMPRESSED   0x00000002   PAD
    0x20000174        -       0x00000030   Zero   RW          274    .bss                bmp280.o
    0x200001a4        -       0x00000214   Zero   RW          951    .bss                esp8266.o
    0x200003b8        -       0x00000176   Zero   RW         1307    .bss                main.o
    0x2000052e   COMPRESSED   0x00000002   PAD
    0x20000530        -       0x00000168   Zero   RW         1473    .bss                tim.o
    0x20000698        -       0x000000d8   Zero   RW         1552    .bss                usart.o
    0x20000770        -       0x00003000   Zero   RW            2    HEAP                startup_stm32f407xx.o
    0x20003770        -       0x00003800   Zero   RW            1    STACK               startup_stm32f407xx.o


    Execution Region RW_IRAM2 (Exec base: 0x2001c000, Load base: 0x080080e4, Size: 0x00000000, Max: 0x00004000, ABSOLUTE)

    **** No section assigned to this execution region ****


==============================================================================

Image component sizes


      Code (inc. data)   RO Data    RW Data    ZI Data      Debug   Object Name

      1340         52          0          8          0      14072   ath20.o
      1004        112          0         20         48       6302   bmp280.o
      1724         94          7         12          0      13342   cjson.o
      1444        710          0         20        532       9330   esp8266.o
       416         26          0          0          0       1159   gpio.o
      3412        278        168        236        374      14840   main.o
      2402         34          0          0          0      19499   mqttkit.o
      1004         46          0          2          0      11152   my_iic.o
       840         44          0         10         18     703605   nrf24l01.o
      1792        998        123          8          0       8193   onenet.o
        36          8        392          0      26624        840   startup_stm32f407xx.o
       180         28          0         12          0       9441   stm32f4xx_hal.o
       198         14          0          0          0      33823   stm32f4xx_hal_cortex.o
       182          0          0          0          0       2111   stm32f4xx_hal_dma.o
       500         46          0          0          0       3616   stm32f4xx_hal_gpio.o
        48          6          0          0          0        866   stm32f4xx_hal_msp.o
      1328         76          0          0          0       5404   stm32f4xx_hal_rcc.o
      2300        140          0          0          0      19749   stm32f4xx_hal_tim.o
       148         28          0          0          0       2585   stm32f4xx_hal_tim_ex.o
      1638         16          0          0          0      10999   stm32f4xx_hal_uart.o
        68         24          0          0          0       6083   stm32f4xx_it.o
        16          4         24          4          0       1139   system_stm32f4xx.o
       896         86          0          0        360       5890   tim.o
       484         56          0          0        216       3190   usart.o

    ----------------------------------------------------------------------
     23434       2926        750        336      28176     907230   Object Totals
         0          0         32          0          0          0   (incl. Generated)
        34          0          4          4          4          0   (incl. Padding)

    ----------------------------------------------------------------------

      Code (inc. data)   RO Data    RW Data    ZI Data      Debug   Library Member Name

       164         44          0          0          0        620   dunder.o
        24          0          0          0          0        124   fabs.o
        48          0          0          0          0        124   fpclassify.o
       248          0          0          0          0        152   poly.o
      3152        296        136          0          0        352   pow.o
         0          0          8          0          0          0   qnan.o
       110          0          0          0          0        148   sqrt.o
        58          0          0          0          0          0   __dczerorl.o
         0          0          0          0          0          0   entry.o
         0          0          0          0          0          0   entry10a.o
         0          0          0          0          0          0   entry11a.o
         8          4          0          0          0          0   entry2.o
         4          0          0          0          0          0   entry5.o
         0          0          0          0          0          0   entry7b.o
         0          0          0          0          0          0   entry8b.o
         8          4          0          0          0          0   entry9a.o
        12          6          0          4          0         68   errno.o
        30          0          0          0          0          0   handlers.o
        36          8          0          0          0         68   init.o
         0          0          0          0          0          0   iusefp.o
        98          0          0          0          0         84   ldiv.o
        30          0          0          0          0         68   llshl.o
        36          0          0          0          0         68   llsshr.o
        32          0          0          0          0         68   llushr.o
       188         20          0          0          0        160   malloc.o
        36          0          0          0          0         68   memcpya.o
        36          0          0          0          0        108   memseta.o
         0          0          0          8          0          0   mvars.o
      2308         96          0          0          0        604   printfa.o
         0          0          0          4          0          0   stdout.o
        20          0          0          0          0         68   strchr.o
        14          0          0          0          0         68   strlen.o
        40          0          0          0          0         76   strncat.o
        30          0          0          0          0         80   strncmp.o
        36          0          0          0          0         80   strstr.o
        12          0          0          0          0         68   tolower.o
        44          0          0          0          0         80   uidiv.o
        98          0          0          0          0         92   uldiv.o
        48          0          0          0          0         68   cdrcmple.o
        56          0          0          0          0         88   d2f.o
       334          0          0          0          0        148   dadd.o
       222          0          0          0          0        100   ddiv.o
       186          0          0          0          0        176   depilogue.o
        62          0          0          0          0         80   dfixi.o
        50          0          0          0          0         76   dfixui.o
        48          0          0          0          0         68   dfixul.o
        34          0          0          0          0         76   dflti.o
        26          0          0          0          0         76   dfltui.o
       228          0          0          0          0         96   dmul.o
        46          0          0          0          0         80   dscalb.o
       162          0          0          0          0        100   dsqrt.o
        38          0          0          0          0         68   f2d.o
       110          0          0          0          0        168   fepilogue.o

    ----------------------------------------------------------------------
      8620        478        144         16          0       4964   Library Totals
        10          0          0          0          0          0   (incl. Padding)

    ----------------------------------------------------------------------

      Code (inc. data)   RO Data    RW Data    ZI Data      Debug   Library Name

      3746        340        144          0          0       1520   m_wm.l
      3214        138          0         16          0       1976   mc_w.l
      1650          0          0          0          0       1468   mf_w.l

    ----------------------------------------------------------------------
      8620        478        144         16          0       4964   Library Totals

    ----------------------------------------------------------------------

==============================================================================


      Code (inc. data)   RO Data    RW Data    ZI Data      Debug   

     32054       3404        894        352      28176     889754   Grand Totals
     32054       3404        894         48      28176     889754   ELF Image Totals (compressed)
     32054       3404        894         48          0          0   ROM Totals

==============================================================================

    Total RO  Size (Code + RO Data)                32948 (  32.18kB)
    Total RW  Size (RW Data + ZI Data)             28528 (  27.86kB)
    Total ROM Size (Code + RO Data + RW Data)      32996 (  32.22kB)

==============================================================================

